Component: ARM Compiler 5.06 update 7 (build 960) Tool: armlink [4d3601]

==============================================================================

Section Cross References

    main.o(i.HAL_TIM_PeriodElapsedCallback) refers to stm32f4xx_hal.o(i.HAL_IncTick) for HAL_IncTick
    main.o(i.SystemClock_Config) refers to rt_memclr_w.o(.text) for __aeabi_memclr4
    main.o(i.SystemClock_Config) refers to stm32f4xx_hal_rcc.o(i.HAL_RCC_OscConfig) for HAL_RCC_OscConfig
    main.o(i.SystemClock_Config) refers to stm32f4xx_hal_rcc.o(i.HAL_RCC_ClockConfig) for HAL_RCC_ClockConfig
    main.o(i.main) refers to stm32f4xx_hal.o(i.HAL_Init) for HAL_Init
    main.o(i.main) refers to main.o(i.SystemClock_Config) for SystemClock_Config
    main.o(i.main) refers to gpio.o(i.MX_GPIO_Init) for MX_GPIO_Init
    main.o(i.main) refers to dma.o(i.MX_DMA_Init) for MX_DMA_Init
    main.o(i.main) refers to tim.o(i.MX_TIM1_Init) for MX_TIM1_Init
    main.o(i.main) refers to can.o(i.MX_CAN1_Init) for MX_CAN1_Init
    main.o(i.main) refers to can.o(i.MX_CAN2_Init) for MX_CAN2_Init
    main.o(i.main) refers to usart.o(i.MX_USART2_UART_Init) for MX_USART2_UART_Init
    main.o(i.main) refers to usart.o(i.MX_UART5_Init) for MX_UART5_Init
    main.o(i.main) refers to usart.o(i.MX_USART6_UART_Init) for MX_USART6_UART_Init
    main.o(i.main) refers to usart.o(i.MX_UART4_Init) for MX_UART4_Init
    main.o(i.main) refers to usart.o(i.MX_USART3_UART_Init) for MX_USART3_UART_Init
    main.o(i.main) refers to tim.o(i.MX_TIM3_Init) for MX_TIM3_Init
    main.o(i.main) refers to driver.o(i.Driver_Init) for Driver_Init
    main.o(i.main) refers to pid.o(i.Motor_Init) for Motor_Init
    main.o(i.main) refers to system_task.o(i.Time_Init) for Time_Init
    main.o(i.main) refers to vision_task.o(i.Vision_Init) for Vision_Init
    main.o(i.main) refers to stm32f4xx_hal_tim.o(i.HAL_TIM_PWM_Start) for HAL_TIM_PWM_Start
    main.o(i.main) refers to freertos.o(i.MX_FREERTOS_Init) for MX_FREERTOS_Init
    main.o(i.main) refers to cmsis_os.o(i.osKernelStart) for osKernelStart
    main.o(i.main) refers to tim.o(.bss) for htim3
    main.o(i.main) refers to vision_task.o(.bss) for st
    gpio.o(i.MX_GPIO_Init) refers to rt_memclr_w.o(.text) for __aeabi_memclr4
    gpio.o(i.MX_GPIO_Init) refers to stm32f4xx_hal_gpio.o(i.HAL_GPIO_WritePin) for HAL_GPIO_WritePin
    gpio.o(i.MX_GPIO_Init) refers to stm32f4xx_hal_gpio.o(i.HAL_GPIO_Init) for HAL_GPIO_Init
    freertos.o(i.GIMBAL_TASK) refers to tasks.o(i.xTaskGetTickCount) for xTaskGetTickCount
    freertos.o(i.GIMBAL_TASK) refers to gimbal_task.o(i.Gimbal_Task) for Gimbal_Task
    freertos.o(i.GIMBAL_TASK) refers to tasks.o(i.vTaskDelayUntil) for vTaskDelayUntil
    freertos.o(i.IMU_TASK) refers to tasks.o(i.xTaskGetTickCount) for xTaskGetTickCount
    freertos.o(i.IMU_TASK) refers to hi229.o(i.IMU_get) for IMU_get
    freertos.o(i.IMU_TASK) refers to tasks.o(i.vTaskDelayUntil) for vTaskDelayUntil
    freertos.o(i.MX_FREERTOS_Init) refers to rt_memcpy_w.o(.text) for __aeabi_memcpy4
    freertos.o(i.MX_FREERTOS_Init) refers to cmsis_os.o(i.osThreadCreate) for osThreadCreate
    freertos.o(i.MX_FREERTOS_Init) refers to freertos.o(.constdata) for .constdata
    freertos.o(i.MX_FREERTOS_Init) refers to freertos.o(.data) for .data
    freertos.o(i.SHOOT_TASK) refers to tasks.o(i.xTaskGetTickCount) for xTaskGetTickCount
    freertos.o(i.SHOOT_TASK) refers to shoot_task.o(i.Shoot_Task) for Shoot_Task
    freertos.o(i.SHOOT_TASK) refers to tasks.o(i.vTaskDelayUntil) for vTaskDelayUntil
    freertos.o(i.SYSTEM_STATE_TASK) refers to tasks.o(i.xTaskGetTickCount) for xTaskGetTickCount
    freertos.o(i.SYSTEM_STATE_TASK) refers to system_task.o(i.System_Task) for System_Task
    freertos.o(i.SYSTEM_STATE_TASK) refers to tasks.o(i.vTaskDelayUntil) for vTaskDelayUntil
    freertos.o(i.StartDefaultTask) refers to cmsis_os.o(i.osDelay) for osDelay
    freertos.o(i.VISUAL_TASK) refers to tasks.o(i.xTaskGetTickCount) for xTaskGetTickCount
    freertos.o(i.VISUAL_TASK) refers to vision_task.o(i.Visual_Task) for Visual_Task
    freertos.o(i.VISUAL_TASK) refers to tasks.o(i.vTaskDelayUntil) for vTaskDelayUntil
    freertos.o(i.vApplicationGetIdleTaskMemory) refers to freertos.o(.bss) for .bss
    freertos.o(.constdata) refers to freertos.o(.conststring) for .conststring
    freertos.o(.constdata) refers to freertos.o(i.StartDefaultTask) for StartDefaultTask
    freertos.o(.constdata) refers to freertos.o(i.SYSTEM_STATE_TASK) for SYSTEM_STATE_TASK
    freertos.o(.constdata) refers to freertos.o(i.GIMBAL_TASK) for GIMBAL_TASK
    freertos.o(.constdata) refers to freertos.o(i.IMU_TASK) for IMU_TASK
    freertos.o(.constdata) refers to freertos.o(i.SHOOT_TASK) for SHOOT_TASK
    freertos.o(.constdata) refers to freertos.o(i.VISUAL_TASK) for VISUAL_TASK
    can.o(i.HAL_CAN_MspDeInit) refers to stm32f4xx_hal_gpio.o(i.HAL_GPIO_DeInit) for HAL_GPIO_DeInit
[...]
    __rt_lib_init_stdio_1                    0x08000223   Thumb Code     0  libinit2.o(.ARM.Collect$$libinit$$00000025)
    __rt_lib_init_user_alloc_1               0x08000223   Thumb Code     0  libinit2.o(.ARM.Collect$$libinit$$0000000C)
    __rt_lib_shutdown                        0x08000225   Thumb Code     0  libshutdown.o(.ARM.Collect$$libshutdown$$00000000)
    __rt_lib_shutdown_cpp_1                  0x08000227   Thumb Code     0  libshutdown2.o(.ARM.Collect$$libshutdown$$00000004)
    __rt_lib_shutdown_fini_1                 0x08000227   Thumb Code     0  libshutdown2.o(.ARM.Collect$$libshutdown$$00000002)
    __rt_lib_shutdown_fp_trap_1              0x08000227   Thumb Code     0  libshutdown2.o(.ARM.Collect$$libshutdown$$00000009)
    __rt_lib_shutdown_heap_1                 0x08000227   Thumb Code     0  libshutdown2.o(.ARM.Collect$$libshutdown$$00000011)
    __rt_lib_shutdown_return                 0x08000227   Thumb Code     0  libshutdown2.o(.ARM.Collect$$libshutdown$$00000012)
    __rt_lib_shutdown_signal_1               0x08000227   Thumb Code     0  libshutdown2.o(.ARM.Collect$$libshutdown$$0000000C)
    __rt_lib_shutdown_stdio_1                0x08000227   Thumb Code     0  libshutdown2.o(.ARM.Collect$$libshutdown$$00000006)
    __rt_lib_shutdown_user_alloc_1           0x08000227   Thumb Code     0  libshutdown2.o(.ARM.Collect$$libshutdown$$0000000E)
    __rt_entry                               0x08000229   Thumb Code     0  __rtentry.o(.ARM.Collect$$rtentry$$00000000)
    __rt_entry_presh_1                       0x08000229   Thumb Code     0  __rtentry2.o(.ARM.Collect$$rtentry$$00000002)
    __rt_entry_sh                            0x08000229   Thumb Code     0  __rtentry4.o(.ARM.Collect$$rtentry$$00000004)
    __rt_entry_li                            0x0800022f   Thumb Code     0  __rtentry2.o(.ARM.Collect$$rtentry$$0000000A)
    __rt_entry_postsh_1                      0x0800022f   Thumb Code     0  __rtentry2.o(.ARM.Collect$$rtentry$$00000009)
    __rt_entry_main                          0x08000233   Thumb Code     0  __rtentry2.o(.ARM.Collect$$rtentry$$0000000D)
    __rt_entry_postli_1                      0x08000233   Thumb Code     0  __rtentry2.o(.ARM.Collect$$rtentry$$0000000C)
    __rt_exit                                0x0800023b   Thumb Code     0  rtexit.o(.ARM.Collect$$rtexit$$00000000)
    __rt_exit_ls                             0x0800023d   Thumb Code     0  rtexit2.o(.ARM.Collect$$rtexit$$00000003)
    __rt_exit_prels_1                        0x0800023d   Thumb Code     0  rtexit2.o(.ARM.Collect$$rtexit$$00000002)
    __rt_exit_exit                           0x08000241   Thumb Code     0  rtexit2.o(.ARM.Collect$$rtexit$$00000004)
    SVC_Handler                              0x08000249   Thumb Code    28  port.o(.emb_text)
    __asm___6_port_c_39a90d8d__prvStartFirstTask 0x08000269   Thumb Code    36  port.o(.emb_text)
    __asm___6_port_c_39a90d8d__prvEnableVFP  0x08000291   Thumb Code    16  port.o(.emb_text)
    PendSV_Handler                           0x080002a5   Thumb Code    88  port.o(.emb_text)
    vPortGetIPSR                             0x08000301   Thumb Code     6  port.o(.emb_text)
    Reset_Handler                            0x08000309   Thumb Code     8  startup_stm32f405xx.o(.text)
    ADC_IRQHandler                           0x08000323   Thumb Code     0  startup_stm32f405xx.o(.text)
    CAN1_RX1_IRQHandler                      0x08000323   Thumb Code     0  startup_stm32f405xx.o(.text)
    CAN1_SCE_IRQHandler                      0x08000323   Thumb Code     0  startup_stm32f405xx.o(.text)
    CAN1_TX_IRQHandler                       0x08000323   Thumb Code     0  startup_stm32f405xx.o(.text)
    CAN2_RX1_IRQHandler                      0x08000323   Thumb Code     0  startup_stm32f405xx.o(.text)
    CAN2_SCE_IRQHandler                      0x08000323   Thumb Code     0  startup_stm32f405xx.o(.text)
    CAN2_TX_IRQHandler                       0x08000323   Thumb Code     0  startup_stm32f405xx.o(.text)
    DMA1_Stream3_IRQHandler                  0x08000323   Thumb Code     0  startup_stm32f405xx.o(.text)
    DMA1_Stream6_IRQHandler                  0x08000323   Thumb Code     0  startup_stm32f405xx.o(.text)
    DMA1_Stream7_IRQHandler                  0x08000323   Thumb Code     0  startup_stm32f405xx.o(.text)
    DMA2_Stream0_IRQHandler                  0x08000323   Thumb Code     0  startup_stm32f405xx.o(.text)
    DMA2_Stream3_IRQHandler                  0x08000323   Thumb Code     0  startup_stm32f405xx.o(.text)
    DMA2_Stream4_IRQHandler                  0x08000323   Thumb Code     0  startup_stm32f405xx.o(.text)
    DMA2_Stream5_IRQHandler                  0x08000323   Thumb Code     0  startup_stm32f405xx.o(.text)
    DMA2_Stream6_IRQHandler                  0x08000323   Thumb Code     0  startup_stm32f405xx.o(.text)
    DMA2_Stream7_IRQHandler                  0x08000323   Thumb Code     0  startup_stm32f405xx.o(.text)
    EXTI0_IRQHandler                         0x08000323   Thumb Code     0  startup_stm32f405xx.o(.text)
    EXTI15_10_IRQHandler                     0x08000323   Thumb Code     0  startup_stm32f405xx.o(.text)
    EXTI1_IRQHandler                         0x08000323   Thumb Code     0  startup_stm32f405xx.o(.text)
    EXTI2_IRQHandler                         0x08000323   Thumb Code     0  startup_stm32f405xx.o(.text)
    EXTI3_IRQHandler                         0x08000323   Thumb Code     0  startup_stm32f405xx.o(.text)
    EXTI4_IRQHandler                         0x08000323   Thumb Code     0  startup_stm32f405xx.o(.text)
    EXTI9_5_IRQHandler                       0x08000323   Thumb Code     0  startup_stm32f405xx.o(.text)
    FLASH_IRQHandler                         0x08000323   Thumb Code     0  startup_stm32f405xx.o(.text)
    FMC_IRQHandler                           0x08000323   Thumb Code     0  startup_stm32f405xx.o(.text)
    FPU_IRQHandler                           0x08000323   Thumb Code     0  startup_stm32f405xx.o(.text)
    HASH_RNG_IRQHandler                      0x08000323   Thumb Code     0  startup_stm32f405xx.o(.text)
    I2C1_ER_IRQHandler                       0x08000323   Thumb Code     0  startup_stm32f405xx.o(.text)
    I2C1_EV_IRQHandler                       0x08000323   Thumb Code     0  startup_stm32f405xx.o(.text)
    I2C2_ER_IRQHandler                       0x08000323   Thumb Code     0  startup_stm32f405xx.o(.text)
    I2C2_EV_IRQHandler                       0x08000323   Thumb Code     0  startup_stm32f405xx.o(.text)
    I2C3_ER_IRQHandler                       0x08000323   Thumb Code     0  startup_stm32f405xx.o(.text)
    I2C3_EV_IRQHandler                       0x08000323   Thumb Code     0  startup_stm32f405xx.o(.text)
    OTG_FS_IRQHandler                        0x08000323   Thumb Code     0  startup_stm32f405xx.o(.text)
    OTG_FS_WKUP_IRQHandler                   0x08000323   Thumb Code     0  startup_stm32f405xx.o(.text)
    OTG_HS_EP1_IN_IRQHandler                 0x08000323   Thumb Code     0  startup_stm32f405xx.o(.text)
    OTG_HS_EP1_OUT_IRQHandler                0x08000323   Thumb Code     0  startup_stm32f405xx.o(.text)
    OTG_HS_IRQHandler                        0x08000323   Thumb Code     0  startup_stm32f405xx.o(.text)
    OTG_HS_WKUP_IRQHandler                   0x08000323   Thumb Code     0  startup_stm32f405xx.o(.text)
    PVD_IRQHandler                           0x08000323   Thumb Code     0  startup_stm32f405xx.o(.text)
    RCC_IRQHandler                           0x08000323   Thumb Code     0  startup_stm32f405xx.o(.text)
    RTC_Alarm_IRQHandler                     0x08000323   Thumb Code     0  startup_stm32f405xx.o(.text)
    RTC_WKUP_IRQHandler                      0x08000323   Thumb Code     0  startup_stm32f405xx.o(.text)
    SDIO_IRQHandler                          0x08000323   Thumb Code     0  startup_stm32f405xx.o(.text)
    SPI1_IRQHandler                          0x08000323   Thumb Code     0  startup_stm32f405xx.o(.text)
    SPI2_IRQHandler                          0x08000323   Thumb Code     0  startup_stm32f405xx.o(.text)
    SPI3_IRQHandler                          0x08000323   Thumb Code     0  startup_stm32f405xx.o(.text)
    TAMP_STAMP_IRQHandler                    0x08000323   Thumb Code     0  startup_stm32f405xx.o(.text)
    TIM1_BRK_TIM9_IRQHandler                 0x08000323   Thumb Code     0  startup_stm32f405xx.o(.text)
    TIM1_CC_IRQHandler                       0x08000323   Thumb Code     0  startup_stm32f405xx.o(.text)
    TIM1_TRG_COM_TIM11_IRQHandler            0x08000323   Thumb Code     0  startup_stm32f405xx.o(.text)
    TIM1_UP_TIM10_IRQHandler                 0x08000323   Thumb Code     0  startup_stm32f405xx.o(.text)
    TIM2_IRQHandler                          0x08000323   Thumb Code     0  startup_stm32f405xx.o(.text)
    TIM3_IRQHandler                          0x08000323   Thumb Code     0  startup_stm32f405xx.o(.text)
    TIM4_IRQHandler                          0x08000323   Thumb Code     0  startup_stm32f405xx.o(.text)
    TIM5_IRQHandler                          0x08000323   Thumb Code     0  startup_stm32f405xx.o(.text)
    TIM6_DAC_IRQHandler                      0x08000323   Thumb Code     0  startup_stm32f405xx.o(.text)
    TIM7_IRQHandler                          0x08000323   Thumb Code     0  startup_stm32f405xx.o(.text)
    TIM8_BRK_TIM12_IRQHandler                0x08000323   Thumb Code     0  startup_stm32f405xx.o(.text)
    TIM8_CC_IRQHandler                       0x08000323   Thumb Code     0  startup_stm32f405xx.o(.text)
    TIM8_UP_TIM13_IRQHandler                 0x08000323   Thumb Code     0  startup_stm32f405xx.o(.text)
    USART1_IRQHandler                        0x08000323   Thumb Code     0  startup_stm32f405xx.o(.text)
    WWDG_IRQHandler                          0x08000323   Thumb Code     0  startup_stm32f405xx.o(.text)
    __user_initial_stackheap                 0x08000325   Thumb Code     0  startup_stm32f405xx.o(.text)
    __aeabi_uldivmod                         0x08000349   Thumb Code     0  lludivv7m.o(.text)
    _ll_udiv                                 0x08000349   Thumb Code   238  lludivv7m.o(.text)
    __aeabi_memcpy                           0x08000437   Thumb Code     0  rt_memcpy_v6.o(.text)
    __rt_memcpy                              0x08000437   Thumb Code   138  rt_memcpy_v6.o(.text)
    _memcpy_lastbytes                        0x0800049d   Thumb Code     0  rt_memcpy_v6.o(.text)
    __aeabi_memcpy4                          0x080004c1   Thumb Code     0  rt_memcpy_w.o(.text)
    __aeabi_memcpy8                          0x080004c1   Thumb Code     0  rt_memcpy_w.o(.text)
    __rt_memcpy_w                            0x080004c1   Thumb Code   100  rt_memcpy_w.o(.text)
    _memcpy_lastbytes_aligned                0x08000509   Thumb Code     0  rt_memcpy_w.o(.text)
    __aeabi_memclr                           0x08000525   Thumb Code     0  rt_memclr.o(.text)
    __rt_memclr                              0x08000525   Thumb Code    68  rt_memclr.o(.text)
    _memset                                  0x08000529   Thumb Code     0  rt_memclr.o(.text)
    __aeabi_memclr4                          0x08000569   Thumb Code     0  rt_memclr_w.o(.text)
    __aeabi_memclr8                          0x08000569   Thumb Code     0  rt_memclr_w.o(.text)
    __rt_memclr_w                            0x08000569   Thumb Code    78  rt_memclr_w.o(.text)
    _memset_w                                0x0800056d   Thumb Code     0  rt_memclr_w.o(.text)
    __use_two_region_memory                  0x080005b7   Thumb Code     2  heapauxi.o(.text)
    __rt_heap_escrow$2region                 0x080005b9   Thumb Code     2  heapauxi.o(.text)
    __rt_heap_expand$2region                 0x080005bb   Thumb Code     2  heapauxi.o(.text)
    __user_libspace                          0x080005bd   Thumb Code     8  libspace.o(.text)
    __user_perproc_libspace                  0x080005bd   Thumb Code     0  libspace.o(.text)
    __user_perthread_libspace                0x080005bd   Thumb Code     0  libspace.o(.text)
    __user_setup_stackheap                   0x080005c5   Thumb Code    74  sys_stackheap_outer.o(.text)
    exit                                     0x0800060f   Thumb Code    18  exit.o(.text)
    _sys_exit                                0x08000621   Thumb Code     8  sys_exit.o(.text)
    __I$use$semihosting                      0x0800062d   Thumb Code     0  use_no_semi.o(.text)
    __use_no_semihosting_swi                 0x0800062d   Thumb Code     2  use_no_semi.o(.text)
    __semihosting_library_function           0x0800062f   Thumb Code     0  indicate_semi.o(.text)
    AUTO_AIM_Ctrl                            0x08000631   Thumb Code    24  vision_task.o(i.AUTO_AIM_Ctrl)
    Append_CRC16_Check_Sum                   0x08000651   Thumb Code    36  crc.o(i.Append_CRC16_Check_Sum)
    BusFault_Handler                         0x08000679   Thumb Code     2  stm32f4xx_it.o(i.BusFault_Handler)
    CAN1_Init                                0x0800067d   Thumb Code    38  drv_can.o(i.CAN1_Init)
    CAN1_RX0_IRQHandler                      0x080006a9   Thumb Code     6  stm32f4xx_it.o(i.CAN1_RX0_IRQHandler)
    CAN2_Init                                0x080006b5   Thumb Code    38  drv_can.o(i.CAN2_Init)
    CAN2_RX0_IRQHandler                      0x080006e1   Thumb Code     6  stm32f4xx_it.o(i.CAN2_RX0_IRQHandler)
    CAN_Date_Decode                          0x080006ed   Thumb Code    24  can_receive.o(i.CAN_Date_Decode)
    CAN_cmd_RC1                              0x08000739   Thumb Code    96  can_receive.o(i.CAN_cmd_RC1)
    CAN_cmd_RC2                              0x080007a5   Thumb Code    88  can_receive.o(i.CAN_cmd_RC2)
    CAN_cmd_gimbal_pitch                     0x08000809   Thumb Code    46  can_receive.o(i.CAN_cmd_gimbal_pitch)
    CAN_cmd_gimbal_yaw                       0x08000845   Thumb Code    78  can_receive.o(i.CAN_cmd_gimbal_yaw)
    CAN_cmd_shoot                            0x080008a1   Thumb Code    82  can_receive.o(i.CAN_cmd_shoot)
    DMA1_Stream0_IRQHandler                  0x08000901   Thumb Code     6  stm32f4xx_it.o(i.DMA1_Stream0_IRQHandler)
    DMA1_Stream1_IRQHandler                  0x0800090d   Thumb Code     6  stm32f4xx_it.o(i.DMA1_Stream1_IRQHandler)
    DMA1_Stream2_IRQHandler                  0x08000919   Thumb Code     6  stm32f4xx_it.o(i.DMA1_Stream2_IRQHandler)
    DMA1_Stream4_IRQHandler                  0x08000925   Thumb Code     6  stm32f4xx_it.o(i.DMA1_Stream4_IRQHandler)
    DMA1_Stream5_IRQHandler                  0x08000931   Thumb Code     6  stm32f4xx_it.o(i.DMA1_Stream5_IRQHandler)
    DMA2_Stream1_IRQHandler                  0x0800093d   Thumb Code     6  stm32f4xx_it.o(i.DMA2_Stream1_IRQHandler)
    DMA2_Stream2_IRQHandler                  0x08000949   Thumb Code     6  stm32f4xx_it.o(i.DMA2_Stream2_IRQHandler)
    DebugMon_Handler                         0x080009f9   Thumb Code     2  stm32f4xx_it.o(i.DebugMon_Handler)
    Driver_Init                              0x080009fb   Thumb Code    18  driver.o(i.Driver_Init)
    Error_Handler                            0x08000a0d   Thumb Code     4  main.o(i.Error_Handler)
    Fric_3508_Init                           0x08000a11   Thumb Code    30  pid.o(i.Fric_3508_Init)
    GIMBAL_TASK                              0x08000a35   Thumb Code    24  freertos.o(i.GIMBAL_TASK)
    GIM_PitParamInit                         0x08000a4d   Thumb Code    86  pid.o(i.GIM_PitParamInit)
    GIM_YawParamInit                         0x08000abd   Thumb Code    86  pid.o(i.GIM_YawParamInit)
    GM_6020_Init                             0x08000b2d   Thumb Code    32  pid.o(i.GM_6020_Init)
    Get_CRC16_Check_Sum                      0x08000b51   Thumb Code    38  crc.o(i.Get_CRC16_Check_Sum)
    Gimbal_CanOutPut                         0x08000b7d   Thumb Code    66  gimbal_task.o(i.Gimbal_CanOutPut)
    Gimbal_GET_Info                          0x08000bc9   Thumb Code    32  gimbal_task.o(i.Gimbal_GET_Info)
    Gimbal_GetOutPut                         0x08000bf1   Thumb Code    42  gimbal_task.o(i.Gimbal_GetOutPut)
    Gimbal_InitPID                           0x08000c1d   Thumb Code    20  gimbal_task.o(i.Gimbal_InitPID)
    Gimbal_KRY_Ctrl                          0x08000c35   Thumb Code    24  gimbal_task.o(i.Gimbal_KRY_Ctrl)
    Gimbal_PID_Switch                        0x08000c51   Thumb Code   176  gimbal_task.o(i.Gimbal_PID_Switch)
    Gimbal_RC_Ctrl                           0x08000d0d   Thumb Code    24  gimbal_task.o(i.Gimbal_RC_Ctrl)
    Gimbal_Set_PID_type                      0x08000d29   Thumb Code    18  gimbal_task.o(i.Gimbal_Set_PID_type)
    Gimbal_Stop                              0x08000d41   Thumb Code    28  gimbal_task.o(i.Gimbal_Stop)
    Gimbal_Task                              0x08000d61   Thumb Code    64  gimbal_task.o(i.Gimbal_Task)
    HAL_CAN_ActivateNotification             0x08000da9   Thumb Code    36  stm32f4xx_hal_can.o(i.HAL_CAN_ActivateNotification)
    HAL_CAN_AddTxMessage                     0x08000dcd   Thumb Code   220  stm32f4xx_hal_can.o(i.HAL_CAN_AddTxMessage)
    HAL_CAN_ConfigFilter                     0x08000ea9   Thumb Code   262  stm32f4xx_hal_can.o(i.HAL_CAN_ConfigFilter)
    HAL_CAN_ErrorCallback                    0x08000fb5   Thumb Code     2  stm32f4xx_hal_can.o(i.HAL_CAN_ErrorCallback)
    HAL_CAN_GetRxMessage                     0x08000fb7   Thumb Code   232  stm32f4xx_hal_can.o(i.HAL_CAN_GetRxMessage)
    HAL_CAN_IRQHandler                       0x0800109f   Thumb Code   508  stm32f4xx_hal_can.o(i.HAL_CAN_IRQHandler)
    HAL_CAN_Init                             0x0800129b   Thumb Code   282  stm32f4xx_hal_can.o(i.HAL_CAN_Init)
    HAL_CAN_MspInit                          0x080013b5   Thumb Code   232  can.o(i.HAL_CAN_MspInit)
    HAL_CAN_RxFifo0FullCallback              0x080014b5   Thumb Code     2  stm32f4xx_hal_can.o(i.HAL_CAN_RxFifo0FullCallback)
    HAL_CAN_RxFifo0MsgPendingCallback        0x080014b9   Thumb Code   122  can_receive.o(i.HAL_CAN_RxFifo0MsgPendingCallback)
    HAL_CAN_RxFifo1FullCallback              0x08001551   Thumb Code     2  stm32f4xx_hal_can.o(i.HAL_CAN_RxFifo1FullCallback)
    HAL_CAN_RxFifo1MsgPendingCallback        0x08001553   Thumb Code     2  stm32f4xx_hal_can.o(i.HAL_CAN_RxFifo1MsgPendingCallback)
    HAL_CAN_SleepCallback                    0x08001555   Thumb Code     2  stm32f4xx_hal_can.o(i.HAL_CAN_SleepCallback)
    HAL_CAN_Start                            0x08001559   Thumb Code    88  stm32f4xx_hal_can.o(i.HAL_CAN_Start)
    HAL_CAN_TxMailbox0AbortCallback          0x080015b1   Thumb Code     2  stm32f4xx_hal_can.o(i.HAL_CAN_TxMailbox0AbortCallback)
    HAL_CAN_TxMailbox0CompleteCallback       0x080015b3   Thumb Code     2  stm32f4xx_hal_can.o(i.HAL_CAN_TxMailbox0CompleteCallback)
    HAL_CAN_TxMailbox1AbortCallback          0x080015b5   Thumb Code     2  stm32f4xx_hal_can.o(i.HAL_CAN_TxMailbox1AbortCallback)
    HAL_CAN_TxMailbox1CompleteCallback       0x080015b7   Thumb Code     2  stm32f4xx_hal_can.o(i.HAL_CAN_TxMailbox1CompleteCallback)
    HAL_CAN_TxMailbox2AbortCallback          0x080015b9   Thumb Code     2  stm32f4xx_hal_can.o(i.HAL_CAN_TxMailbox2AbortCallback)
    HAL_CAN_TxMailbox2CompleteCallback       0x080015bb   Thumb Code     2  stm32f4xx_hal_can.o(i.HAL_CAN_TxMailbox2CompleteCallback)
    HAL_CAN_WakeUpFromRxMsgCallback          0x080015bd   Thumb Code     2  stm32f4xx_hal_can.o(i.HAL_CAN_WakeUpFromRxMsgCallback)
    HAL_DMA_Abort                            0x080015bf   Thumb Code   146  stm32f4xx_hal_dma.o(i.HAL_DMA_Abort)
    HAL_DMA_Abort_IT                         0x08001651   Thumb Code    36  stm32f4xx_hal_dma.o(i.HAL_DMA_Abort_IT)
    HAL_DMA_GetState                         0x08001675   Thumb Code     6  stm32f4xx_hal_dma.o(i.HAL_DMA_GetState)
    HAL_DMA_IRQHandler                       0x0800167d   Thumb Code   412  stm32f4xx_hal_dma.o(i.HAL_DMA_IRQHandler)
    HAL_DMA_Init                             0x0800181d   Thumb Code   206  stm32f4xx_hal_dma.o(i.HAL_DMA_Init)
    HAL_DMA_Start_IT                         0x080018f1   Thumb Code   110  stm32f4xx_hal_dma.o(i.HAL_DMA_Start_IT)
    HAL_Delay                                0x08001961   Thumb Code    32  stm32f4xx_hal.o(i.HAL_Delay)
    HAL_GPIO_Init                            0x08001985   Thumb Code   450  stm32f4xx_hal_gpio.o(i.HAL_GPIO_Init)
    HAL_GPIO_WritePin                        0x08001b75   Thumb Code    10  stm32f4xx_hal_gpio.o(i.HAL_GPIO_WritePin)
    HAL_GetTick                              0x08001b81   Thumb Code     6  stm32f4xx_hal.o(i.HAL_GetTick)
    HAL_IncTick                              0x08001b8d   Thumb Code    12  stm32f4xx_hal.o(i.HAL_IncTick)
    HAL_Init                                 0x08001b9d   Thumb Code    48  stm32f4xx_hal.o(i.HAL_Init)
    HAL_InitTick                             0x08001bd1   Thumb Code   132  stm32f4xx_hal_timebase_tim.o(i.HAL_InitTick)
    HAL_MspInit                              0x08001c69   Thumb Code    52  stm32f4xx_hal_msp.o(i.HAL_MspInit)
    HAL_NVIC_EnableIRQ                       0x08001ca1   Thumb Code    26  stm32f4xx_hal_cortex.o(i.HAL_NVIC_EnableIRQ)
    HAL_NVIC_SetPriority                     0x08001cbd   Thumb Code    60  stm32f4xx_hal_cortex.o(i.HAL_NVIC_SetPriority)
    HAL_NVIC_SetPriorityGrouping             0x08001cfd   Thumb Code    26  stm32f4xx_hal_cortex.o(i.HAL_NVIC_SetPriorityGrouping)
    HAL_RCC_ClockConfig                      0x08001d21   Thumb Code   288  stm32f4xx_hal_rcc.o(i.HAL_RCC_ClockConfig)
    HAL_RCC_GetClockConfig                   0x08001e55   Thumb Code    54  stm32f4xx_hal_rcc.o(i.HAL_RCC_GetClockConfig)
    HAL_RCC_GetPCLK1Freq                     0x08001e95   Thumb Code    20  stm32f4xx_hal_rcc.o(i.HAL_RCC_GetPCLK1Freq)
    HAL_RCC_GetPCLK2Freq                     0x08001eb5   Thumb Code    20  stm32f4xx_hal_rcc.o(i.HAL_RCC_GetPCLK2Freq)
    HAL_RCC_GetSysClockFreq                  0x08001ed5   Thumb Code    88  stm32f4xx_hal_rcc.o(i.HAL_RCC_GetSysClockFreq)
    HAL_RCC_OscConfig                        0x08001f39   Thumb Code   856  stm32f4xx_hal_rcc.o(i.HAL_RCC_OscConfig)
    HAL_TIMEx_BreakCallback                  0x080022a5   Thumb Code     2  stm32f4xx_hal_tim_ex.o(i.HAL_TIMEx_BreakCallback)
    HAL_TIMEx_CommutCallback                 0x080022a7   Thumb Code     2  stm32f4xx_hal_tim_ex.o(i.HAL_TIMEx_CommutCallback)
    HAL_TIMEx_ConfigBreakDeadTime            0x080022a9   Thumb Code    84  stm32f4xx_hal_tim_ex.o(i.HAL_TIMEx_ConfigBreakDeadTime)
    HAL_TIMEx_MasterConfigSynchronization    0x080022fd   Thumb Code   116  stm32f4xx_hal_tim_ex.o(i.HAL_TIMEx_MasterConfigSynchronization)
    HAL_TIM_Base_Init                        0x0800238d   Thumb Code    90  stm32f4xx_hal_tim.o(i.HAL_TIM_Base_Init)
    HAL_TIM_Base_MspInit                     0x080023e7   Thumb Code     2  stm32f4xx_hal_tim.o(i.HAL_TIM_Base_MspInit)
    HAL_TIM_Base_Start_IT                    0x080023e9   Thumb Code   100  stm32f4xx_hal_tim.o(i.HAL_TIM_Base_Start_IT)
    HAL_TIM_IC_CaptureCallback               0x08002469   Thumb Code     2  stm32f4xx_hal_tim.o(i.HAL_TIM_IC_CaptureCallback)
    HAL_TIM_IRQHandler                       0x0800246b   Thumb Code   358  stm32f4xx_hal_tim.o(i.HAL_TIM_IRQHandler)
    HAL_TIM_MspPostInit                      0x080025d1   Thumb Code   110  tim.o(i.HAL_TIM_MspPostInit)
    HAL_TIM_OC_DelayElapsedCallback          0x08002655   Thumb Code     2  stm32f4xx_hal_tim.o(i.HAL_TIM_OC_DelayElapsedCallback)
    HAL_TIM_PWM_ConfigChannel                0x08002657   Thumb Code   204  stm32f4xx_hal_tim.o(i.HAL_TIM_PWM_ConfigChannel)
    HAL_TIM_PWM_Init                         0x08002723   Thumb Code    90  stm32f4xx_hal_tim.o(i.HAL_TIM_PWM_Init)
    HAL_TIM_PWM_MspInit                      0x0800277d   Thumb Code   114  tim.o(i.HAL_TIM_PWM_MspInit)
    HAL_TIM_PWM_PulseFinishedCallback        0x08002805   Thumb Code     8  system_task.o(i.HAL_TIM_PWM_PulseFinishedCallback)
    HAL_TIM_PWM_Start                        0x08002811   Thumb Code   172  stm32f4xx_hal_tim.o(i.HAL_TIM_PWM_Start)
    HAL_TIM_PWM_Stop_DMA                     0x080028d9   Thumb Code   196  stm32f4xx_hal_tim.o(i.HAL_TIM_PWM_Stop_DMA)
    HAL_TIM_PeriodElapsedCallback            0x080029a5   Thumb Code    14  main.o(i.HAL_TIM_PeriodElapsedCallback)
    HAL_TIM_TriggerCallback                  0x080029b9   Thumb Code     2  stm32f4xx_hal_tim.o(i.HAL_TIM_TriggerCallback)
    HAL_UARTEx_RxEventCallback               0x080029bb   Thumb Code     2  stm32f4xx_hal_uart.o(i.HAL_UARTEx_RxEventCallback)
    HAL_UART_DMAStop                         0x080029bd   Thumb Code   112  stm32f4xx_hal_uart.o(i.HAL_UART_DMAStop)
    HAL_UART_ErrorCallback                   0x08002a2d   Thumb Code     2  stm32f4xx_hal_uart.o(i.HAL_UART_ErrorCallback)
    HAL_UART_IRQHandler                      0x08002a31   Thumb Code   610  stm32f4xx_hal_uart.o(i.HAL_UART_IRQHandler)
    HAL_UART_Init                            0x08002c99   Thumb Code    98  stm32f4xx_hal_uart.o(i.HAL_UART_Init)
    HAL_UART_MspInit                         0x08002cfd   Thumb Code   794  usart.o(i.HAL_UART_MspInit)
    HAL_UART_Receive_DMA                     0x08003051   Thumb Code    42  stm32f4xx_hal_uart.o(i.HAL_UART_Receive_DMA)
    HAL_UART_RxCpltCallback                  0x0800307b   Thumb Code     2  stm32f4xx_hal_uart.o(i.HAL_UART_RxCpltCallback)
    HAL_UART_RxHalfCpltCallback              0x0800307d   Thumb Code     2  stm32f4xx_hal_uart.o(i.HAL_UART_RxHalfCpltCallback)
    HAL_UART_Transmit_DMA                    0x08003081   Thumb Code   126  stm32f4xx_hal_uart.o(i.HAL_UART_Transmit_DMA)
    HAL_UART_TxCpltCallback                  0x0800310d   Thumb Code     2  stm32f4xx_hal_uart.o(i.HAL_UART_TxCpltCallback)
    HAL_UART_TxHalfCpltCallback              0x0800310f   Thumb Code     2  stm32f4xx_hal_uart.o(i.HAL_UART_TxHalfCpltCallback)
    HardFault_Handler                        0x08003111   Thumb Code     2  stm32f4xx_it.o(i.HardFault_Handler)
    IMU_Check                                0x08003115   Thumb Code    22  hi229.o(i.IMU_Check)
    IMU_Data_Report                          0x08003131   Thumb Code    20  gimbal_task.o(i.IMU_Data_Report)
    IMU_Init                                 0x08003149   Thumb Code    14  hi229.o(i.IMU_Init)
    IMU_PitData_Report                       0x08003161   Thumb Code    34  gimbal_task.o(i.IMU_PitData_Report)
    IMU_State_Report                         0x08003189   Thumb Code    12  hi229.o(i.IMU_State_Report)
    IMU_TASK                                 0x08003199   Thumb Code    24  freertos.o(i.IMU_TASK)
    IMU_YawData_Report                       0x080031b1   Thumb Code    34  gimbal_task.o(i.IMU_YawData_Report)
    IMU_get                                  0x080031d9   Thumb Code    20  hi229.o(i.IMU_get)
    Judge_IMU_Lost                           0x080031f1   Thumb Code    32  hi229.o(i.Judge_IMU_Lost)
    Judge_RC_DataErr                         0x08003219   Thumb Code    90  remote_control.o(i.Judge_RC_DataErr)
    Judge_RC_Lost                            0x08003279   Thumb Code    32  remote_control.o(i.Judge_RC_Lost)
    KEY_Ctrl_PITCH                           0x080032a1   Thumb Code   140  gimbal_task.o(i.KEY_Ctrl_PITCH)
    KEY_Ctrl_YAW                             0x0800333d   Thumb Code   136  gimbal_task.o(i.KEY_Ctrl_YAW)
    MX_CAN1_Init                             0x080033d5   Thumb Code    62  can.o(i.MX_CAN1_Init)
    MX_CAN2_Init                             0x0800341d   Thumb Code    62  can.o(i.MX_CAN2_Init)
    MX_DMA_Init                              0x08003465   Thumb Code   152  dma.o(i.MX_DMA_Init)
    MX_FREERTOS_Init                         0x08003501   Thumb Code   140  freertos.o(i.MX_FREERTOS_Init)
    MX_GPIO_Init                             0x08003595   Thumb Code   166  gpio.o(i.MX_GPIO_Init)
    MX_TIM1_Init                             0x08003649   Thumb Code   150  tim.o(i.MX_TIM1_Init)
    MX_TIM3_Init                             0x080036e9   Thumb Code   106  tim.o(i.MX_TIM3_Init)
    MX_UART4_Init                            0x0800375d   Thumb Code    48  usart.o(i.MX_UART4_Init)
    MX_UART5_Init                            0x08003795   Thumb Code    48  usart.o(i.MX_UART5_Init)
    MX_USART2_UART_Init                      0x080037cd   Thumb Code    54  usart.o(i.MX_USART2_UART_Init)
    MX_USART3_UART_Init                      0x08003811   Thumb Code    48  usart.o(i.MX_USART3_UART_Init)
    MX_USART6_UART_Init                      0x08003849   Thumb Code    48  usart.o(i.MX_USART6_UART_Init)
    M_2006_Init                              0x08003881   Thumb Code    12  pid.o(i.M_2006_Init)
    M_2006_ParamInit                         0x08003891   Thumb Code    36  pid.o(i.M_2006_ParamInit)
    M_3508_ParamInit                         0x080038c5   Thumb Code    18  pid.o(i.M_3508_ParamInit)
    MemManage_Handler                        0x080038e1   Thumb Code     2  stm32f4xx_it.o(i.MemManage_Handler)
    Motor_Init                               0x080038e3   Thumb Code    18  pid.o(i.Motor_Init)
    NMI_Handler                              0x080038f5   Thumb Code     2  stm32f4xx_it.o(i.NMI_Handler)
    PID_Position                             0x08003a2d   Thumb Code   404  pid.o(i.PID_Position)
    PID_Switch                               0x08003bc1   Thumb Code    32  system_task.o(i.PID_Switch)
    PITCH_Angle_Limit                        0x08003be9   Thumb Code    40  gimbal_task.o(i.PITCH_Angle_Limit)
    Packet_Decode                            0x08003c19   Thumb Code   232  packet.o(i.Packet_Decode)
    Packet_DecodeInit                        0x08003d05   Thumb Code    18  packet.o(i.Packet_DecodeInit)
    RC_Check                                 0x08003d1d   Thumb Code    32  remote_control.o(i.RC_Check)
    RC_Ctrl_PITCH                            0x08003d41   Thumb Code    92  gimbal_task.o(i.RC_Ctrl_PITCH)
    RC_Ctrl_YAW                              0x08003da5   Thumb Code    90  gimbal_task.o(i.RC_Ctrl_YAW)
    RC_Init                                  0x08003e09   Thumb Code    84  drv_usart.o(i.RC_Init)
    RC_State_Report                          0x08003e69   Thumb Code    12  remote_control.o(i.RC_State_Report)
    Remote_Control_Init                      0x08003e79   Thumb Code    12  drv_usart.o(i.Remote_Control_Init)
    SHOOT_TASK                               0x08003e89   Thumb Code    24  freertos.o(i.SHOOT_TASK)
    SYSTEM_STATE_TASK                        0x08003ea1   Thumb Code    24  freertos.o(i.SYSTEM_STATE_TASK)
    Shoot_CanOutPut                          0x08003eb9   Thumb Code    54  shoot_task.o(i.Shoot_CanOutPut)
    Shoot_Ctrl_DRIVER                        0x08003ef5   Thumb Code    40  shoot_task.o(i.Shoot_Ctrl_DRIVER)
    Shoot_Ctrl_FRIC_L                        0x08003f29   Thumb Code    26  shoot_task.o(i.Shoot_Ctrl_FRIC_L)
    Shoot_Ctrl_FRIC_R                        0x08003f49   Thumb Code    26  shoot_task.o(i.Shoot_Ctrl_FRIC_R)
    Shoot_DRIVER_CanOutPut                   0x08003f69   Thumb Code    64  shoot_task.o(i.Shoot_DRIVER_CanOutPut)
    Shoot_DRIVER_CanOutPut_0                 0x08003fb9   Thumb Code    64  shoot_task.o(i.Shoot_DRIVER_CanOutPut_0)
    Shoot_GET_Info                           0x08004009   Thumb Code    22  shoot_task.o(i.Shoot_GET_Info)
    Shoot_GetOutPut                          0x08004029   Thumb Code    18  shoot_task.o(i.Shoot_GetOutPut)
    Shoot_InitPID                            0x0800403d   Thumb Code    26  shoot_task.o(i.Shoot_InitPID)
    Shoot_KEY_Ctrl                           0x08004061   Thumb Code    38  shoot_task.o(i.Shoot_KEY_Ctrl)
    Shoot_KEY_F                              0x08004091   Thumb Code    78  shoot_task.o(i.Shoot_KEY_F)
    Shoot_KEY_Fire                           0x080040e9   Thumb Code    82  shoot_task.o(i.Shoot_KEY_Fire)
    Shoot_PID_Switch                         0x0800414d   Thumb Code   182  shoot_task.o(i.Shoot_PID_Switch)
    Shoot_RC_Ctrl                            0x08004211   Thumb Code    66  shoot_task.o(i.Shoot_RC_Ctrl)
    Shoot_Set_PID_Type                       0x08004261   Thumb Code    26  shoot_task.o(i.Shoot_Set_PID_Type)
    Shoot_Stop                               0x08004281   Thumb Code    16  shoot_task.o(i.Shoot_Stop)
    Shoot_Task                               0x08004295   Thumb Code    48  shoot_task.o(i.Shoot_Task)
    StartDefaultTask                         0x080042c9   Thumb Code     8  freertos.o(i.StartDefaultTask)
    SysTick_Handler                          0x080042d1   Thumb Code    38  port.o(i.SysTick_Handler)
    SystemClock_Config                       0x080042fd   Thumb Code   142  main.o(i.SystemClock_Config)
    SystemInit                               0x08004395   Thumb Code    12  system_stm32f4xx.o(i.SystemInit)
    System_State                             0x080043a5   Thumb Code    94  system_task.o(i.System_State)
    System_Task                              0x08004411   Thumb Code    22  system_task.o(i.System_Task)
    TIM8_TRG_COM_TIM14_IRQHandler            0x08004429   Thumb Code     6  stm32f4xx_it.o(i.TIM8_TRG_COM_TIM14_IRQHandler)
    TIM_Base_SetConfig                       0x08004435   Thumb Code   156  stm32f4xx_hal_tim.o(i.TIM_Base_SetConfig)
    TIM_CCxChannelCmd                        0x080044fd   Thumb Code    26  stm32f4xx_hal_tim.o(i.TIM_CCxChannelCmd)
    TIM_OC2_SetConfig                        0x08004579   Thumb Code    98  stm32f4xx_hal_tim.o(i.TIM_OC2_SetConfig)
    Time_Init                                0x0800469d   Thumb Code    24  system_task.o(i.Time_Init)
    UART1_TX_DMA_Send                        0x080046b9   Thumb Code    44  vision_task.o(i.UART1_TX_DMA_Send)
    UART4_IRQHandler                         0x080046ed   Thumb Code    18  stm32f4xx_it.o(i.UART4_IRQHandler)
    UART5_IRQHandler                         0x08004705   Thumb Code    18  stm32f4xx_it.o(i.UART5_IRQHandler)
    UART_IRQHandler_IT                       0x080048c9   Thumb Code   350  drv_usart.o(i.UART_IRQHandler_IT)
    UART_Start_Receive_DMA                   0x08004c19   Thumb Code   134  stm32f4xx_hal_uart.o(i.UART_Start_Receive_DMA)
    USART2_IRQHandler                        0x08004cad   Thumb Code    18  stm32f4xx_it.o(i.USART2_IRQHandler)
    USART3_IRQHandler                        0x08004cc5   Thumb Code     6  stm32f4xx_it.o(i.USART3_IRQHandler)
    USART6_IRQHandler                        0x08004cd1   Thumb Code    18  stm32f4xx_it.o(i.USART6_IRQHandler)
    USART_Init                               0x08004ce9   Thumb Code    72  drv_usart.o(i.USART_Init)
    UsageFault_Handler                       0x08004d45   Thumb Code     2  stm32f4xx_it.o(i.UsageFault_Handler)
    VISION_ReadData                          0x08004d49   Thumb Code    44  vision_task.o(i.VISION_ReadData)
    VISION_SendData                          0x08004d79   Thumb Code    48  vision_task.o(i.VISION_SendData)
    VISUAL_TASK                              0x08004dad   Thumb Code    24  freertos.o(i.VISUAL_TASK)
    Verify_CRC16_Check_Sum                   0x08004dc5   Thumb Code    54  crc.o(i.Verify_CRC16_Check_Sum)
    Vision_Init                              0x08004e01   Thumb Code    28  vision_task.o(i.Vision_Init)
    Visual_Task                              0x08004e21   Thumb Code    14  vision_task.o(i.Visual_Task)
    YAW_Angle_Over_Zero                      0x08004e31   Thumb Code    66  gimbal_task.o(i.YAW_Angle_Over_Zero)
    anti_constrain                           0x08004ea5   Thumb Code    26  pid.o(i.anti_constrain)
    get_eular                                0x08004ef5   Thumb Code    12  hi229.o(i.get_eular)
    get_raw_gyo                              0x08004f05   Thumb Code    16  hi229.o(i.get_raw_gyo)
    get_total_angle                          0x08004f19   Thumb Code   146  can_receive.o(i.get_total_angle)
    main                                     0x08004fbd   Thumb Code   216  main.o(i.main)
    micros                                   0x080050c1   Thumb Code    68  system_task.o(i.micros)
    osDelay                                  0x08005105   Thumb Code    14  cmsis_os.o(i.osDelay)
    osKernelStart                            0x08005113   Thumb Code    10  cmsis_os.o(i.osKernelStart)
    osThreadCreate                           0x0800511d   Thumb Code    84  cmsis_os.o(i.osThreadCreate)
    pvPortMalloc                             0x080054bd   Thumb Code   216  heap_4.o(i.pvPortMalloc)
    pxPortInitialiseStack                    0x08005599   Thumb Code    40  port.o(i.pxPortInitialiseStack)
    sbus_to_rc                               0x080055c5   Thumb Code   258  remote_control.o(i.sbus_to_rc)
    uxListRemove                             0x080056c7   Thumb Code    38  list.o(i.uxListRemove)
    vApplicationGetIdleTaskMemory            0x080056ed   Thumb Code    16  freertos.o(i.vApplicationGetIdleTaskMemory)
    vListInitialise                          0x08005701   Thumb Code    22  list.o(i.vListInitialise)
    vListInitialiseItem                      0x08005717   Thumb Code     6  list.o(i.vListInitialiseItem)
    vListInsert                              0x0800571d   Thumb Code    48  list.o(i.vListInsert)
    vListInsertEnd                           0x0800574d   Thumb Code    24  list.o(i.vListInsertEnd)
    vPortEnterCritical                       0x08005765   Thumb Code    54  port.o(i.vPortEnterCritical)
    vPortExitCritical                        0x080057a5   Thumb Code    34  port.o(i.vPortExitCritical)
    vPortFree                                0x080057cd   Thumb Code    94  heap_4.o(i.vPortFree)
    vPortSetupTimerInterrupt                 0x08005831   Thumb Code    32  port.o(i.vPortSetupTimerInterrupt)
    vTaskDelay                               0x08005855   Thumb Code    66  tasks.o(i.vTaskDelay)
    vTaskDelayUntil                          0x080058a1   Thumb Code   132  tasks.o(i.vTaskDelayUntil)
    vTaskStartScheduler                      0x0800592d   Thumb Code    90  tasks.o(i.vTaskStartScheduler)
    vTaskSuspendAll                          0x08005999   Thumb Code    10  tasks.o(i.vTaskSuspendAll)
    vTaskSwitchContext                       0x080059a9   Thumb Code    82  tasks.o(i.vTaskSwitchContext)
    xPortStartScheduler                      0x08005a05   Thumb Code   222  port.o(i.xPortStartScheduler)
    xTaskCreate                              0x08005af9   Thumb Code    90  tasks.o(i.xTaskCreate)
    xTaskCreateStatic                        0x08005b53   Thumb Code    86  tasks.o(i.xTaskCreateStatic)
    xTaskGetTickCount                        0x08005ba9   Thumb Code     6  tasks.o(i.xTaskGetTickCount)
    xTaskIncrementTick                       0x08005bb5   Thumb Code   194  tasks.o(i.xTaskIncrementTick)
    xTaskResumeAll                           0x08005c81   Thumb Code   182  tasks.o(i.xTaskResumeAll)
    _fp_init                                 0x08005d45   Thumb Code    10  fpinit.o(x$fpl$fpinit)
    __fplib_config_fpu_vfp                   0x08005d4d   Thumb Code     0  fpinit.o(x$fpl$fpinit)
    __fplib_config_pureend_doubles           0x08005d4d   Thumb Code     0  fpinit.o(x$fpl$fpinit)
    CRC8_TAB                                 0x08005df8   Data         256  crc.o(.constdata)
    wCRC_Table                               0x08005ef8   Data         512  crc.o(.constdata)
    AHBPrescTable                            0x08006100   Data          16  system_stm32f4xx.o(.constdata)
    APBPrescTable                            0x08006110   Data           8  system_stm32f4xx.o(.constdata)
    Region$$Table$$Base                      0x08006164   Number         0  anon$$obj.o(Region$$Table)
    Region$$Table$$Limit                     0x08006184   Number         0  anon$$obj.o(Region$$Table)
    defaultTaskHandle                        0x20000000   Data           4  freertos.o(.data)
    system_state_taHandle                    0x20000004   Data           4  freertos.o(.data)
    gimbal_taskHandle                        0x20000008   Data           4  freertos.o(.data)
    imu_taskHandle                           0x2000000c   Data           4  freertos.o(.data)
    shoot_taskHandle                         0x20000010   Data           4  freertos.o(.data)
    visual_taskHandle                        0x20000014   Data           4  freertos.o(.data)
    DIY_Bing                                 0x20000066   Data           4  drv_usart.o(.data)
    i                                        0x20000070   Data           1  system_task.o(.data)
    x                                        0x20000071   Data           1  system_task.o(.data)
    y                                        0x20000072   Data           1  system_task.o(.data)
    z                                        0x20000073   Data           1  system_task.o(.data)
    xy123                                    0x20000074   Data           2  system_task.o(.data)
    System                                   0x20000076   Data           4  system_task.o(.data)
    Remote_time                              0x20000080   Data           8  system_task.o(.data)
    Imu_time                                 0x20000088   Data           8  system_task.o(.data)
    Gimbal                                   0x200000a4   Data         456  gimbal_task.o(.data)
    Shoot_pid_out                            0x2000026e   Data           2  shoot_task.o(.data)
    Shoot                                    0x20000280   Data         608  shoot_task.o(.data)
    t                                        0x200004e0   Data           4  vision_task.o(.data)
    Vision                                   0x200004e4   Data          56  vision_task.o(.data)
    CRC_INIT                                 0x2000051c   Data           2  crc.o(.data)
    PID_Speed_Param                          0x2000051e   Data         240  pid.o(.data)
    PID_Angle_Param                          0x2000060e   Data         240  pid.o(.data)
    uwTickFreq                               0x20000700   Data           1  stm32f4xx_hal.o(.data)
    uwTickPrio                               0x20000704   Data           4  stm32f4xx_hal.o(.data)
    uwTick                                   0x20000708   Data           4  stm32f4xx_hal.o(.data)
    pxCurrentTCB                             0x2000070c   Data           4  tasks.o(.data)
    SystemCoreClock                          0x20000774   Data           4  system_stm32f4xx.o(.data)
    hcan1                                    0x200009cc   Data          40  can.o(.bss)
    hcan2                                    0x200009f4   Data          40  can.o(.bss)
    htim1                                    0x20000a1c   Data          72  tim.o(.bss)
    htim3                                    0x20000a64   Data          72  tim.o(.bss)
    hdma_tim1_ch1                            0x20000aac   Data          96  tim.o(.bss)
    huart4                                   0x20000b0c   Data          68  usart.o(.bss)
    huart5                                   0x20000b50   Data          68  usart.o(.bss)
    huart2                                   0x20000b94   Data          68  usart.o(.bss)
    huart3                                   0x20000bd8   Data          68  usart.o(.bss)
    huart6                                   0x20000c1c   Data          68  usart.o(.bss)
    hdma_uart4_tx                            0x20000c60   Data          96  usart.o(.bss)
    hdma_uart4_rx                            0x20000cc0   Data          96  usart.o(.bss)
    hdma_uart5_rx                            0x20000d20   Data          96  usart.o(.bss)
    hdma_usart2_rx                           0x20000d80   Data          96  usart.o(.bss)
    hdma_usart3_rx                           0x20000de0   Data          96  usart.o(.bss)
    hdma_usart6_rx                           0x20000e40   Data          96  usart.o(.bss)
    htim14                                   0x20000ea0   Data          72  stm32f4xx_hal_timebase_tim.o(.bss)
    Relative_Angle                           0x20000f30   Data          16  can_receive.o(.bss)
    IMU_Get_Data                             0x20000fe8   Data          20  hi229.o(.bss)
    RC_Ctrl                                  0x20000ffc   Data          22  remote_control.o(.bss)
    Vision_Buffer                            0x20001012   Data          50  drv_usart.o(.bss)
    Dbus_Buffer                              0x20001044   Data          72  drv_usart.o(.bss)
    IMU_Buffer                               0x2000108c   Data         128  drv_usart.o(.bss)
    Vision_cj                                0x2000110c   Data          81  vision_task.o(.bss)
    Vision_Tx_Buffer                         0x2000115d   Data          28  vision_task.o(.bss)
    st                                       0x2000117c   Data          80  vision_task.o(.bss)
    tar_position                             0x200011cc   Data          64  vision_task.o(.bss)
    __libspace_start                         0x20004efc   Data          96  libspace.o(.bss)
    __temporary_stack_top$libspace           0x20004f5c   Data           0  libspace.o(.bss)



==============================================================================

Memory Map of the image

  Image Entry point : 0x08000189

  Load Region LR_IROM1 (Base: 0x08000000, Size: 0x000068fc, Max: 0x00100000, ABSOLUTE, COMPRESSED[0x00006204])

    Execution Region ER_IROM1 (Exec base: 0x08000000, Load base: 0x08000000, Size: 0x00006184, Max: 0x00100000, ABSOLUTE)

    Exec Addr    Load Addr    Size         Type   Attr      Idx    E Section Name        Object

    0x08000000   0x08000000   0x00000188   Data   RO         1900    RESET               startup_stm32f405xx.o
    0x08000188   0x08000188   0x00000008   Code   RO         5958  * !!!main             c_w.l(__main.o)
    0x08000190   0x08000190   0x00000034   Code   RO         6298    !!!scatter          c_w.l(__scatter.o)
    0x080001c4   0x080001c4   0x0000003a   Code   RO         6296    !!dczerorl          c_w.l(__dczerorl.o)
    0x080001fe   0x080001fe   0x00000002   PAD
    0x08000200   0x08000200   0x0000001c   Code   RO         6300    !!handler_zi        c_w.l(__scatter_zi.o)
    0x0800021c   0x0800021c   0x00000002   Code   RO         6167    .ARM.Collect$$libinit$$00000000  c_w.l(libinit.o)
    0x0800021e   0x0800021e   0x00000004   Code   RO         6176    .ARM.Collect$$libinit$$00000001  c_w.l(libinit2.o)
    0x08000222   0x08000222   0x00000000   Code   RO         6179    .ARM.Collect$$libinit$$00000004  c_w.l(libinit2.o)
    0x08000222   0x08000222   0x00000000   Code   RO         6182    .ARM.Collect$$libinit$$0000000A  c_w.l(libinit2.o)
    0x08000222   0x08000222   0x00000000   Code   RO         6184    .ARM.Collect$$libinit$$0000000C  c_w.l(libinit2.o)
    0x08000222   0x08000222   0x00000000   Code   RO         6186    .ARM.Collect$$libinit$$0000000E  c_w.l(libinit2.o)
    0x08000222   0x08000222   0x00000000   Code   RO         6189    .ARM.Collect$$libinit$$00000011  c_w.l(libinit2.o)
    0x08000222   0x08000222   0x00000000   Code   RO         6191    .ARM.Collect$$libinit$$00000013  c_w.l(libinit2.o)
    0x08000222   0x08000222   0x00000000   Code   RO         6193    .ARM.Collect$$libinit$$00000015  c_w.l(libinit2.o)
    0x08000222   0x08000222   0x00000000   Code   RO         6195    .ARM.Collect$$libinit$$00000017  c_w.l(libinit2.o)
    0x08000222   0x08000222   0x00000000   Code   RO         6197    .ARM.Collect$$libinit$$00000019  c_w.l(libinit2.o)
    0x08000222   0x08000222   0x00000000   Code   RO         6199    .ARM.Collect$$libinit$$0000001B  c_w.l(libinit2.o)
    0x08000222   0x08000222   0x00000000   Code   RO         6201    .ARM.Collect$$libinit$$0000001D  c_w.l(libinit2.o)
    0x08000222   0x08000222   0x00000000   Code   RO         6203    .ARM.Collect$$libinit$$0000001F  c_w.l(libinit2.o)
    0x08000222   0x08000222   0x00000000   Code   RO         6205    .ARM.Collect$$libinit$$00000021  c_w.l(libinit2.o)
    0x08000222   0x08000222   0x00000000   Code   RO         6207    .ARM.Collect$$libinit$$00000023  c_w.l(libinit2.o)
    0x08000222   0x08000222   0x00000000   Code   RO         6209    .ARM.Collect$$libinit$$00000025  c_w.l(libinit2.o)
    0x08000222   0x08000222   0x00000000   Code   RO         6213    .ARM.Collect$$libinit$$0000002C  c_w.l(libinit2.o)
    0x08000222   0x08000222   0x00000000   Code   RO         6215    .ARM.Collect$$libinit$$0000002E  c_w.l(libinit2.o)
    0x08000222   0x08000222   0x00000000   Code   RO         6217    .ARM.Collect$$libinit$$00000030  c_w.l(libinit2.o)
    0x08000222   0x08000222   0x00000000   Code   RO         6219    .ARM.Collect$$libinit$$00000032  c_w.l(libinit2.o)
    0x08000222   0x08000222   0x00000002   Code   RO         6220    .ARM.Collect$$libinit$$00000033  c_w.l(libinit2.o)
    0x08000224   0x08000224   0x00000002   Code   RO         6251    .ARM.Collect$$libshutdown$$00000000  c_w.l(libshutdown.o)
    0x08000226   0x08000226   0x00000000   Code   RO         6277    .ARM.Collect$$libshutdown$$00000002  c_w.l(libshutdown2.o)
    0x08000226   0x08000226   0x00000000   Code   RO         6279    .ARM.Collect$$libshutdown$$00000004  c_w.l(libshutdown2.o)
    0x08000226   0x08000226   0x00000000   Code   RO         6281    .ARM.Collect$$libshutdown$$00000006  c_w.l(libshutdown2.o)
    0x08000226   0x08000226   0x00000000   Code   RO         6284    .ARM.Collect$$libshutdown$$00000009  c_w.l(libshutdown2.o)
    0x08000226   0x08000226   0x00000000   Code   RO         6287    .ARM.Collect$$libshutdown$$0000000C  c_w.l(libshutdown2.o)
    0x08000226   0x08000226   0x00000000   Code   RO         6289    .ARM.Collect$$libshutdown$$0000000E  c_w.l(libshutdown2.o)
    0x08000226   0x08000226   0x00000000   Code   RO         6292    .ARM.Collect$$libshutdown$$00000011  c_w.l(libshutdown2.o)
    0x08000226   0x08000226   0x00000002   Code   RO         6293    .ARM.Collect$$libshutdown$$00000012  c_w.l(libshutdown2.o)
    0x08000228   0x08000228   0x00000000   Code   RO         6044    .ARM.Collect$$rtentry$$00000000  c_w.l(__rtentry.o)
    0x08000228   0x08000228   0x00000000   Code   RO         6128    .ARM.Collect$$rtentry$$00000002  c_w.l(__rtentry2.o)
    0x08000228   0x08000228   0x00000006   Code   RO         6140    .ARM.Collect$$rtentry$$00000004  c_w.l(__rtentry4.o)
    0x0800022e   0x0800022e   0x00000000   Code   RO         6130    .ARM.Collect$$rtentry$$00000009  c_w.l(__rtentry2.o)
    0x0800022e   0x0800022e   0x00000004   Code   RO         6131    .ARM.Collect$$rtentry$$0000000A  c_w.l(__rtentry2.o)
    0x08000232   0x08000232   0x00000000   Code   RO         6133    .ARM.Collect$$rtentry$$0000000C  c_w.l(__rtentry2.o)
    0x08000232   0x08000232   0x00000008   Code   RO         6134    .ARM.Collect$$rtentry$$0000000D  c_w.l(__rtentry2.o)
    0x0800023a   0x0800023a   0x00000002   Code   RO         6168    .ARM.Collect$$rtexit$$00000000  c_w.l(rtexit.o)
    0x0800023c   0x0800023c   0x00000000   Code   RO         6224    .ARM.Collect$$rtexit$$00000002  c_w.l(rtexit2.o)
    0x0800023c   0x0800023c   0x00000004   Code   RO         6225    .ARM.Collect$$rtexit$$00000003  c_w.l(rtexit2.o)
    0x08000240   0x08000240   0x00000006   Code   RO         6226    .ARM.Collect$$rtexit$$00000004  c_w.l(rtexit2.o)
    0x08000246   0x08000246   0x00000002   PAD
    0x08000248   0x08000248   0x000000be   Code   RO         5827    .emb_text           port.o
    0x08000306   0x08000306   0x00000002   PAD
    0x08000308   0x08000308   0x00000040   Code   RO         1901    .text               startup_stm32f405xx.o
    0x08000348   0x08000348   0x000000ee   Code   RO         5944    .text               c_w.l(lludivv7m.o)
    0x08000436   0x08000436   0x0000008a   Code   RO         5946    .text               c_w.l(rt_memcpy_v6.o)
    0x080004c0   0x080004c0   0x00000064   Code   RO         5948    .text               c_w.l(rt_memcpy_w.o)
    0x08000524   0x08000524   0x00000044   Code   RO         5952    .text               c_w.l(rt_memclr.o)
    0x08000568   0x08000568   0x0000004e   Code   RO         5954    .text               c_w.l(rt_memclr_w.o)
    0x080005b6   0x080005b6   0x00000006   Code   RO         5956    .text               c_w.l(heapauxi.o)
    0x080005bc   0x080005bc   0x00000008   Code   RO         6151    .text               c_w.l(libspace.o)
    0x080005c4   0x080005c4   0x0000004a   Code   RO         6154    .text               c_w.l(sys_stackheap_outer.o)
    0x0800060e   0x0800060e   0x00000012   Code   RO         6156    .text               c_w.l(exit.o)
    0x08000620   0x08000620   0x0000000c   Code   RO         6221    .text               c_w.l(sys_exit.o)
    0x0800062c   0x0800062c   0x00000002   Code   RO         6240    .text               c_w.l(use_no_semi.o)
    0x0800062e   0x0800062e   0x00000000   Code   RO         6242    .text               c_w.l(indicate_semi.o)
    0x0800062e   0x0800062e   0x00000002   PAD
    0x08000630   0x08000630   0x00000020   Code   RO         1591    i.AUTO_AIM_Ctrl     vision_task.o
    0x08000650   0x08000650   0x00000028   Code   RO         1720    i.Append_CRC16_Check_Sum  crc.o
    0x08000678   0x08000678   0x00000002   Code   RO          576    i.BusFault_Handler  stm32f4xx_it.o
    0x0800067a   0x0800067a   0x00000002   PAD
    0x0800067c   0x0800067c   0x0000002c   Code   RO         1136    i.CAN1_Init         drv_can.o
    0x080006a8   0x080006a8   0x0000000c   Code   RO          577    i.CAN1_RX0_IRQHandler  stm32f4xx_it.o
    0x080006b4   0x080006b4   0x0000002c   Code   RO         1137    i.CAN2_Init         drv_can.o
    0x080006e0   0x080006e0   0x0000000c   Code   RO          578    i.CAN2_RX0_IRQHandler  stm32f4xx_it.o
    0x080006ec   0x080006ec   0x00000018   Code   RO          787    i.CAN_Date_Decode   can_receive.o
    0x08000704   0x08000704   0x00000034   Code   RO         1138    i.CAN_Filter_Init   drv_can.o
    0x08000738   0x08000738   0x0000006c   Code   RO          788    i.CAN_cmd_RC1       can_receive.o
    0x080007a4   0x080007a4   0x00000064   Code   RO          789    i.CAN_cmd_RC2       can_receive.o
    0x08000808   0x08000808   0x0000003c   Code   RO          790    i.CAN_cmd_gimbal_pitch  can_receive.o
    0x08000844   0x08000844   0x0000005c   Code   RO          791    i.CAN_cmd_gimbal_yaw  can_receive.o
    0x080008a0   0x080008a0   0x00000060   Code   RO          792    i.CAN_cmd_shoot     can_receive.o
    0x08000900   0x08000900   0x0000000c   Code   RO          579    i.DMA1_Stream0_IRQHandler  stm32f4xx_it.o
    0x0800090c   0x0800090c   0x0000000c   Code   RO          580    i.DMA1_Stream1_IRQHandler  stm32f4xx_it.o
    0x08000918   0x08000918   0x0000000c   Code   RO          581    i.DMA1_Stream2_IRQHandler  stm32f4xx_it.o
    0x08000924   0x08000924   0x0000000c   Code   RO          582    i.DMA1_Stream4_IRQHandler  stm32f4xx_it.o
    0x08000930   0x08000930   0x0000000c   Code   RO          583    i.DMA1_Stream5_IRQHandler  stm32f4xx_it.o
    0x0800093c   0x0800093c   0x0000000c   Code   RO          584    i.DMA2_Stream1_IRQHandler  stm32f4xx_it.o
    0x08000948   0x08000948   0x0000000c   Code   RO          585    i.DMA2_Stream2_IRQHandler  stm32f4xx_it.o
    0x08000954   0x08000954   0x00000028   Code   RO         2601    i.DMA_CalcBaseAndBitshift  stm32f4xx_hal_dma.o
    0x0800097c   0x0800097c   0x00000054   Code   RO         2602    i.DMA_CheckFifoParam  stm32f4xx_hal_dma.o
    0x080009d0   0x080009d0   0x00000028   Code   RO         2603    i.DMA_SetConfig     stm32f4xx_hal_dma.o
    0x080009f8   0x080009f8   0x00000002   Code   RO          586    i.DebugMon_Handler  stm32f4xx_it.o
    0x080009fa   0x080009fa   0x00000012   Code   RO         1103    i.Driver_Init       driver.o
    0x08000a0c   0x08000a0c   0x00000004   Code   RO            4    i.Error_Handler     main.o
    0x08000a10   0x08000a10   0x00000024   Code   RO         1781    i.Fric_3508_Init    pid.o
    0x08000a34   0x08000a34   0x00000018   Code   RO          300    i.GIMBAL_TASK       freertos.o
    0x08000a4c   0x08000a4c   0x00000070   Code   RO         1782    i.GIM_PitParamInit  pid.o
    0x08000abc   0x08000abc   0x00000070   Code   RO         1783    i.GIM_YawParamInit  pid.o
    0x08000b2c   0x08000b2c   0x00000024   Code   RO         1784    i.GM_6020_Init      pid.o
    0x08000b50   0x08000b50   0x0000002c   Code   RO         1722    i.Get_CRC16_Check_Sum  crc.o
    0x08000b7c   0x08000b7c   0x0000004c   Code   RO         1308    i.Gimbal_CanOutPut  gimbal_task.o
    0x08000bc8   0x08000bc8   0x00000028   Code   RO         1311    i.Gimbal_GET_Info   gimbal_task.o
    0x08000bf0   0x08000bf0   0x0000002a   Code   RO         1312    i.Gimbal_GetOutPut  gimbal_task.o
    0x08000c1a   0x08000c1a   0x00000002   PAD
    0x08000c1c   0x08000c1c   0x00000018   Code   RO         1314    i.Gimbal_InitPID    gimbal_task.o
    0x08000c34   0x08000c34   0x0000001c   Code   RO         1315    i.Gimbal_KRY_Ctrl   gimbal_task.o
    0x08000c50   0x08000c50   0x000000bc   Code   RO         1316    i.Gimbal_PID_Switch  gimbal_task.o
    0x08000d0c   0x08000d0c   0x0000001c   Code   RO         1317    i.Gimbal_RC_Ctrl    gimbal_task.o
    0x08000d28   0x08000d28   0x00000018   Code   RO         1318    i.Gimbal_Set_PID_type  gimbal_task.o
    0x08000d40   0x08000d40   0x00000020   Code   RO         1319    i.Gimbal_Stop       gimbal_task.o
    0x08000d60   0x08000d60   0x00000048   Code   RO         1320    i.Gimbal_Task       gimbal_task.o
    0x08000da8   0x08000da8   0x00000024   Code   RO         1909    i.HAL_CAN_ActivateNotification  stm32f4xx_hal_can.o
    0x08000dcc   0x08000dcc   0x000000dc   Code   RO         1910    i.HAL_CAN_AddTxMessage  stm32f4xx_hal_can.o
    0x08000ea8   0x08000ea8   0x0000010c   Code   RO         1911    i.HAL_CAN_ConfigFilter  stm32f4xx_hal_can.o
    0x08000fb4   0x08000fb4   0x00000002   Code   RO         1914    i.HAL_CAN_ErrorCallback  stm32f4xx_hal_can.o
    0x08000fb6   0x08000fb6   0x000000e8   Code   RO         1917    i.HAL_CAN_GetRxMessage  stm32f4xx_hal_can.o
    0x0800109e   0x0800109e   0x000001fc   Code   RO         1921    i.HAL_CAN_IRQHandler  stm32f4xx_hal_can.o
    0x0800129a   0x0800129a   0x0000011a   Code   RO         1922    i.HAL_CAN_Init      stm32f4xx_hal_can.o
    0x080013b4   0x080013b4   0x00000100   Code   RO          384    i.HAL_CAN_MspInit   can.o
    0x080014b4   0x080014b4   0x00000002   Code   RO         1929    i.HAL_CAN_RxFifo0FullCallback  stm32f4xx_hal_can.o
    0x080014b6   0x080014b6   0x00000002   PAD
    0x080014b8   0x080014b8   0x00000098   Code   RO          793    i.HAL_CAN_RxFifo0MsgPendingCallback  can_receive.o
    0x08001550   0x08001550   0x00000002   Code   RO         1931    i.HAL_CAN_RxFifo1FullCallback  stm32f4xx_hal_can.o
    0x08001552   0x08001552   0x00000002   Code   RO         1932    i.HAL_CAN_RxFifo1MsgPendingCallback  stm32f4xx_hal_can.o
    0x08001554   0x08001554   0x00000002   Code   RO         1933    i.HAL_CAN_SleepCallback  stm32f4xx_hal_can.o
    0x08001556   0x08001556   0x00000002   PAD
    0x08001558   0x08001558   0x00000058   Code   RO         1934    i.HAL_CAN_Start     stm32f4xx_hal_can.o
    0x080015b0   0x080015b0   0x00000002   Code   RO         1936    i.HAL_CAN_TxMailbox0AbortCallback  stm32f4xx_hal_can.o
    0x080015b2   0x080015b2   0x00000002   Code   RO         1937    i.HAL_CAN_TxMailbox0CompleteCallback  stm32f4xx_hal_can.o
    0x080015b4   0x080015b4   0x00000002   Code   RO         1938    i.HAL_CAN_TxMailbox1AbortCallback  stm32f4xx_hal_can.o
    0x080015b6   0x080015b6   0x00000002   Code   RO         1939    i.HAL_CAN_TxMailbox1CompleteCallback  stm32f4xx_hal_can.o
    0x080015b8   0x080015b8   0x00000002   Code   RO         1940    i.HAL_CAN_TxMailbox2AbortCallback  stm32f4xx_hal_can.o
    0x080015ba   0x080015ba   0x00000002   Code   RO         1941    i.HAL_CAN_TxMailbox2CompleteCallback  stm32f4xx_hal_can.o
    0x080015bc   0x080015bc   0x00000002   Code   RO         1943    i.HAL_CAN_WakeUpFromRxMsgCallback  stm32f4xx_hal_can.o
    0x080015be   0x080015be   0x00000092   Code   RO         2604    i.HAL_DMA_Abort     stm32f4xx_hal_dma.o
    0x08001650   0x08001650   0x00000024   Code   RO         2605    i.HAL_DMA_Abort_IT  stm32f4xx_hal_dma.o
    0x08001674   0x08001674   0x00000006   Code   RO         2608    i.HAL_DMA_GetState  stm32f4xx_hal_dma.o
    0x0800167a   0x0800167a   0x00000002   PAD
    0x0800167c   0x0800167c   0x000001a0   Code   RO         2609    i.HAL_DMA_IRQHandler  stm32f4xx_hal_dma.o
    0x0800181c   0x0800181c   0x000000d4   Code   RO         2610    i.HAL_DMA_Init      stm32f4xx_hal_dma.o
    0x080018f0   0x080018f0   0x0000006e   Code   RO         2614    i.HAL_DMA_Start_IT  stm32f4xx_hal_dma.o
    0x0800195e   0x0800195e   0x00000002   PAD
    0x08001960   0x08001960   0x00000024   Code   RO         3023    i.HAL_Delay         stm32f4xx_hal.o
    0x08001984   0x08001984   0x000001f0   Code   RO         2497    i.HAL_GPIO_Init     stm32f4xx_hal_gpio.o
    0x08001b74   0x08001b74   0x0000000a   Code   RO         2501    i.HAL_GPIO_WritePin  stm32f4xx_hal_gpio.o
    0x08001b7e   0x08001b7e   0x00000002   PAD
    0x08001b80   0x08001b80   0x0000000c   Code   RO         3029    i.HAL_GetTick       stm32f4xx_hal.o
    0x08001b8c   0x08001b8c   0x00000010   Code   RO         3035    i.HAL_IncTick       stm32f4xx_hal.o
    0x08001b9c   0x08001b9c   0x00000034   Code   RO         3036    i.HAL_Init          stm32f4xx_hal.o
    0x08001bd0   0x08001bd0   0x00000098   Code   RO          748    i.HAL_InitTick      stm32f4xx_hal_timebase_tim.o
    0x08001c68   0x08001c68   0x00000038   Code   RO          724    i.HAL_MspInit       stm32f4xx_hal_msp.o
    0x08001ca0   0x08001ca0   0x0000001a   Code   RO         2886    i.HAL_NVIC_EnableIRQ  stm32f4xx_hal_cortex.o
    0x08001cba   0x08001cba   0x00000002   PAD
    0x08001cbc   0x08001cbc   0x00000040   Code   RO         2892    i.HAL_NVIC_SetPriority  stm32f4xx_hal_cortex.o
    0x08001cfc   0x08001cfc   0x00000024   Code   RO         2893    i.HAL_NVIC_SetPriorityGrouping  stm32f4xx_hal_cortex.o
    0x08001d20   0x08001d20   0x00000134   Code   RO         2143    i.HAL_RCC_ClockConfig  stm32f4xx_hal_rcc.o
    0x08001e54   0x08001e54   0x00000040   Code   RO         2147    i.HAL_RCC_GetClockConfig  stm32f4xx_hal_rcc.o
    0x08001e94   0x08001e94   0x00000020   Code   RO         2150    i.HAL_RCC_GetPCLK1Freq  stm32f4xx_hal_rcc.o
    0x08001eb4   0x08001eb4   0x00000020   Code   RO         2151    i.HAL_RCC_GetPCLK2Freq  stm32f4xx_hal_rcc.o
    0x08001ed4   0x08001ed4   0x00000064   Code   RO         2152    i.HAL_RCC_GetSysClockFreq  stm32f4xx_hal_rcc.o
    0x08001f38   0x08001f38   0x0000036c   Code   RO         2155    i.HAL_RCC_OscConfig  stm32f4xx_hal_rcc.o
    0x080022a4   0x080022a4   0x00000002   Code   RO         3980    i.HAL_TIMEx_BreakCallback  stm32f4xx_hal_tim_ex.o
    0x080022a6   0x080022a6   0x00000002   Code   RO         3981    i.HAL_TIMEx_CommutCallback  stm32f4xx_hal_tim_ex.o
    0x080022a8   0x080022a8   0x00000054   Code   RO         3983    i.HAL_TIMEx_ConfigBreakDeadTime  stm32f4xx_hal_tim_ex.o
    0x080022fc   0x080022fc   0x00000090   Code   RO         3999    i.HAL_TIMEx_MasterConfigSynchronization  stm32f4xx_hal_tim_ex.o
    0x0800238c   0x0800238c   0x0000005a   Code   RO         3276    i.HAL_TIM_Base_Init  stm32f4xx_hal_tim.o
    0x080023e6   0x080023e6   0x00000002   Code   RO         3278    i.HAL_TIM_Base_MspInit  stm32f4xx_hal_tim.o
    0x080023e8   0x080023e8   0x00000080   Code   RO         3281    i.HAL_TIM_Base_Start_IT  stm32f4xx_hal_tim.o
    0x08002468   0x08002468   0x00000002   Code   RO         3310    i.HAL_TIM_IC_CaptureCallback  stm32f4xx_hal_tim.o
    0x0800246a   0x0800246a   0x00000166   Code   RO         3324    i.HAL_TIM_IRQHandler  stm32f4xx_hal_tim.o
    0x080025d0   0x080025d0   0x00000084   Code   RO          456    i.HAL_TIM_MspPostInit  tim.o
    0x08002654   0x08002654   0x00000002   Code   RO         3327    i.HAL_TIM_OC_DelayElapsedCallback  stm32f4xx_hal_tim.o
    0x08002656   0x08002656   0x000000cc   Code   RO         3348    i.HAL_TIM_PWM_ConfigChannel  stm32f4xx_hal_tim.o
    0x08002722   0x08002722   0x0000005a   Code   RO         3351    i.HAL_TIM_PWM_Init  stm32f4xx_hal_tim.o
    0x0800277c   0x0800277c   0x00000088   Code   RO          458    i.HAL_TIM_PWM_MspInit  tim.o
    0x08002804   0x08002804   0x0000000c   Code   RO         1218    i.HAL_TIM_PWM_PulseFinishedCallback  system_task.o
    0x08002810   0x08002810   0x000000c8   Code   RO         3356    i.HAL_TIM_PWM_Start  stm32f4xx_hal_tim.o
    0x080028d8   0x080028d8   0x000000cc   Code   RO         3360    i.HAL_TIM_PWM_Stop_DMA  stm32f4xx_hal_tim.o
    0x080029a4   0x080029a4   0x00000014   Code   RO            5    i.HAL_TIM_PeriodElapsedCallback  main.o
    0x080029b8   0x080029b8   0x00000002   Code   RO         3367    i.HAL_TIM_TriggerCallback  stm32f4xx_hal_tim.o
    0x080029ba   0x080029ba   0x00000002   Code   RO         4258    i.HAL_UARTEx_RxEventCallback  stm32f4xx_hal_uart.o
    0x080029bc   0x080029bc   0x00000070   Code   RO         4270    i.HAL_UART_DMAStop  stm32f4xx_hal_uart.o
    0x08002a2c   0x08002a2c   0x00000002   Code   RO         4272    i.HAL_UART_ErrorCallback  stm32f4xx_hal_uart.o
    0x08002a2e   0x08002a2e   0x00000002   PAD
    0x08002a30   0x08002a30   0x00000268   Code   RO         4275    i.HAL_UART_IRQHandler  stm32f4xx_hal_uart.o
    0x08002c98   0x08002c98   0x00000062   Code   RO         4276    i.HAL_UART_Init     stm32f4xx_hal_uart.o
    0x08002cfa   0x08002cfa   0x00000002   PAD
    0x08002cfc   0x08002cfc   0x00000354   Code   RO          511    i.HAL_UART_MspInit  usart.o
    0x08003050   0x08003050   0x0000002a   Code   RO         4280    i.HAL_UART_Receive_DMA  stm32f4xx_hal_uart.o
    0x0800307a   0x0800307a   0x00000002   Code   RO         4282    i.HAL_UART_RxCpltCallback  stm32f4xx_hal_uart.o
    0x0800307c   0x0800307c   0x00000002   Code   RO         4283    i.HAL_UART_RxHalfCpltCallback  stm32f4xx_hal_uart.o
    0x0800307e   0x0800307e   0x00000002   PAD
    0x08003080   0x08003080   0x0000008c   Code   RO         4285    i.HAL_UART_Transmit_DMA  stm32f4xx_hal_uart.o
    0x0800310c   0x0800310c   0x00000002   Code   RO         4287    i.HAL_UART_TxCpltCallback  stm32f4xx_hal_uart.o
    0x0800310e   0x0800310e   0x00000002   Code   RO         4288    i.HAL_UART_TxHalfCpltCallback  stm32f4xx_hal_uart.o
    0x08003110   0x08003110   0x00000002   Code   RO          587    i.HardFault_Handler  stm32f4xx_it.o
    0x08003112   0x08003112   0x00000002   PAD
    0x08003114   0x08003114   0x0000001c   Code   RO          876    i.IMU_Check         hi229.o
    0x08003130   0x08003130   0x00000018   Code   RO         1321    i.IMU_Data_Report   gimbal_task.o
    0x08003148   0x08003148   0x00000018   Code   RO          877    i.IMU_Init          hi229.o
    0x08003160   0x08003160   0x00000028   Code   RO         1322    i.IMU_PitData_Report  gimbal_task.o
    0x08003188   0x08003188   0x00000010   Code   RO          878    i.IMU_State_Report  hi229.o
    0x08003198   0x08003198   0x00000018   Code   RO          301    i.IMU_TASK          freertos.o
    0x080031b0   0x080031b0   0x00000028   Code   RO         1323    i.IMU_YawData_Report  gimbal_task.o
    0x080031d8   0x080031d8   0x00000018   Code   RO          879    i.IMU_get           hi229.o
    0x080031f0   0x080031f0   0x00000028   Code   RO          880    i.Judge_IMU_Lost    hi229.o
    0x08003218   0x08003218   0x00000060   Code   RO         1036    i.Judge_RC_DataErr  remote_control.o
    0x08003278   0x08003278   0x00000028   Code   RO         1037    i.Judge_RC_Lost     remote_control.o
    0x080032a0   0x080032a0   0x0000009c   Code   RO         1324    i.KEY_Ctrl_PITCH    gimbal_task.o
    0x0800333c   0x0800333c   0x00000098   Code   RO         1325    i.KEY_Ctrl_YAW      gimbal_task.o
    0x080033d4   0x080033d4   0x00000048   Code   RO          385    i.MX_CAN1_Init      can.o
    0x0800341c   0x0800341c   0x00000048   Code   RO          386    i.MX_CAN2_Init      can.o
    0x08003464   0x08003464   0x0000009c   Code   RO          432    i.MX_DMA_Init       dma.o
    0x08003500   0x08003500   0x00000094   Code   RO          302    i.MX_FREERTOS_Init  freertos.o
    0x08003594   0x08003594   0x000000b4   Code   RO          276    i.MX_GPIO_Init      gpio.o
    0x08003648   0x08003648   0x000000a0   Code   RO          459    i.MX_TIM1_Init      tim.o
    0x080036e8   0x080036e8   0x00000074   Code   RO          460    i.MX_TIM3_Init      tim.o
    0x0800375c   0x0800375c   0x00000038   Code   RO          512    i.MX_UART4_Init     usart.o
    0x08003794   0x08003794   0x00000038   Code   RO          513    i.MX_UART5_Init     usart.o
    0x080037cc   0x080037cc   0x00000044   Code   RO          514    i.MX_USART2_UART_Init  usart.o
    0x08003810   0x08003810   0x00000038   Code   RO          515    i.MX_USART3_UART_Init  usart.o
    0x08003848   0x08003848   0x00000038   Code   RO          516    i.MX_USART6_UART_Init  usart.o
    0x08003880   0x08003880   0x00000010   Code   RO         1785    i.M_2006_Init       pid.o
    0x08003890   0x08003890   0x00000034   Code   RO         1786    i.M_2006_ParamInit  pid.o
    0x080038c4   0x080038c4   0x0000001c   Code   RO         1787    i.M_3508_ParamInit  pid.o
    0x080038e0   0x080038e0   0x00000002   Code   RO          588    i.MemManage_Handler  stm32f4xx_it.o
    0x080038e2   0x080038e2   0x00000012   Code   RO         1788    i.Motor_Init        pid.o
    0x080038f4   0x080038f4   0x00000002   Code   RO          589    i.NMI_Handler       stm32f4xx_it.o
    0x080038f6   0x080038f6   0x00000002   PAD
    0x080038f8   0x080038f8   0x00000134   Code   RO          881    i.OnDataReceived    hi229.o
    0x08003a2c   0x08003a2c   0x00000194   Code   RO         1790    i.PID_Position      pid.o
    0x08003bc0   0x08003bc0   0x00000028   Code   RO         1219    i.PID_Switch        system_task.o
    0x08003be8   0x08003be8   0x00000030   Code   RO         1326    i.PITCH_Angle_Limit  gimbal_task.o
    0x08003c18   0x08003c18   0x000000ec   Code   RO          973    i.Packet_Decode     packet.o
    0x08003d04   0x08003d04   0x00000018   Code   RO          974    i.Packet_DecodeInit  packet.o
    0x08003d1c   0x08003d1c   0x00000024   Code   RO         1038    i.RC_Check          remote_control.o
    0x08003d40   0x08003d40   0x00000064   Code   RO         1327    i.RC_Ctrl_PITCH     gimbal_task.o
    0x08003da4   0x08003da4   0x00000064   Code   RO         1328    i.RC_Ctrl_YAW       gimbal_task.o
    0x08003e08   0x08003e08   0x00000060   Code   RO         1171    i.RC_Init           drv_usart.o
    0x08003e68   0x08003e68   0x00000010   Code   RO         1039    i.RC_State_Report   remote_control.o
    0x08003e78   0x08003e78   0x00000010   Code   RO         1172    i.Remote_Control_Init  drv_usart.o
    0x08003e88   0x08003e88   0x00000018   Code   RO          303    i.SHOOT_TASK        freertos.o
    0x08003ea0   0x08003ea0   0x00000018   Code   RO          304    i.SYSTEM_STATE_TASK  freertos.o
    0x08003eb8   0x08003eb8   0x0000003c   Code   RO         1459    i.Shoot_CanOutPut   shoot_task.o
    0x08003ef4   0x08003ef4   0x00000034   Code   RO         1460    i.Shoot_Ctrl_DRIVER  shoot_task.o
    0x08003f28   0x08003f28   0x00000020   Code   RO         1461    i.Shoot_Ctrl_FRIC_L  shoot_task.o
    0x08003f48   0x08003f48   0x00000020   Code   RO         1462    i.Shoot_Ctrl_FRIC_R  shoot_task.o
    0x08003f68   0x08003f68   0x00000050   Code   RO         1463    i.Shoot_DRIVER_CanOutPut  shoot_task.o
    0x08003fb8   0x08003fb8   0x00000050   Code   RO         1464    i.Shoot_DRIVER_CanOutPut_0  shoot_task.o
    0x08004008   0x08004008   0x00000020   Code   RO         1465    i.Shoot_GET_Info    shoot_task.o
    0x08004028   0x08004028   0x00000012   Code   RO         1466    i.Shoot_GetOutPut   shoot_task.o
    0x0800403a   0x0800403a   0x00000002   PAD
    0x0800403c   0x0800403c   0x00000024   Code   RO         1468    i.Shoot_InitPID     shoot_task.o
    0x08004060   0x08004060   0x00000030   Code   RO         1469    i.Shoot_KEY_Ctrl    shoot_task.o
    0x08004090   0x08004090   0x00000058   Code   RO         1470    i.Shoot_KEY_F       shoot_task.o
    0x080040e8   0x080040e8   0x00000064   Code   RO         1471    i.Shoot_KEY_Fire    shoot_task.o
    0x0800414c   0x0800414c   0x000000c4   Code   RO         1472    i.Shoot_PID_Switch  shoot_task.o
    0x08004210   0x08004210   0x00000050   Code   RO         1473    i.Shoot_RC_Ctrl     shoot_task.o
    0x08004260   0x08004260   0x00000020   Code   RO         1474    i.Shoot_Set_PID_Type  shoot_task.o
    0x08004280   0x08004280   0x00000014   Code   RO         1475    i.Shoot_Stop        shoot_task.o
    0x08004294   0x08004294   0x00000034   Code   RO         1476    i.Shoot_Task        shoot_task.o
    0x080042c8   0x080042c8   0x00000008   Code   RO          305    i.StartDefaultTask  freertos.o
    0x080042d0   0x080042d0   0x0000002c   Code   RO         5828    i.SysTick_Handler   port.o
    0x080042fc   0x080042fc   0x00000098   Code   RO            6    i.SystemClock_Config  main.o
    0x08004394   0x08004394   0x00000010   Code   RO         5908    i.SystemInit        system_stm32f4xx.o
    0x080043a4   0x080043a4   0x0000006c   Code   RO         1221    i.System_State      system_task.o
    0x08004410   0x08004410   0x00000016   Code   RO         1222    i.System_Task       system_task.o
    0x08004426   0x08004426   0x00000002   PAD
    0x08004428   0x08004428   0x0000000c   Code   RO          590    i.TIM8_TRG_COM_TIM14_IRQHandler  stm32f4xx_it.o
    0x08004434   0x08004434   0x000000c8   Code   RO         3369    i.TIM_Base_SetConfig  stm32f4xx_hal_tim.o
    0x080044fc   0x080044fc   0x0000001a   Code   RO         3370    i.TIM_CCxChannelCmd  stm32f4xx_hal_tim.o
    0x08004516   0x08004516   0x00000002   PAD
    0x08004518   0x08004518   0x00000060   Code   RO         3382    i.TIM_OC1_SetConfig  stm32f4xx_hal_tim.o
    0x08004578   0x08004578   0x0000006c   Code   RO         3383    i.TIM_OC2_SetConfig  stm32f4xx_hal_tim.o
    0x080045e4   0x080045e4   0x00000068   Code   RO         3384    i.TIM_OC3_SetConfig  stm32f4xx_hal_tim.o
    0x0800464c   0x0800464c   0x00000050   Code   RO         3385    i.TIM_OC4_SetConfig  stm32f4xx_hal_tim.o
    0x0800469c   0x0800469c   0x0000001c   Code   RO         1223    i.Time_Init         system_task.o
    0x080046b8   0x080046b8   0x00000034   Code   RO         1592    i.UART1_TX_DMA_Send  vision_task.o
    0x080046ec   0x080046ec   0x00000018   Code   RO          591    i.UART4_IRQHandler  stm32f4xx_it.o
    0x08004704   0x08004704   0x00000018   Code   RO          592    i.UART5_IRQHandler  stm32f4xx_it.o
    0x0800471c   0x0800471c   0x00000010   Code   RO         4289    i.UART_DMAAbortOnError  stm32f4xx_hal_uart.o
    0x0800472c   0x0800472c   0x0000004a   Code   RO         4290    i.UART_DMAError     stm32f4xx_hal_uart.o
    0x08004776   0x08004776   0x00000082   Code   RO         4291    i.UART_DMAReceiveCplt  stm32f4xx_hal_uart.o
    0x080047f8   0x080047f8   0x0000001a   Code   RO         4293    i.UART_DMARxHalfCplt  stm32f4xx_hal_uart.o
    0x08004812   0x08004812   0x00000042   Code   RO         4295    i.UART_DMATransmitCplt  stm32f4xx_hal_uart.o
    0x08004854   0x08004854   0x0000000a   Code   RO         4297    i.UART_DMATxHalfCplt  stm32f4xx_hal_uart.o
    0x0800485e   0x0800485e   0x0000004e   Code   RO         4299    i.UART_EndRxTransfer  stm32f4xx_hal_uart.o
    0x080048ac   0x080048ac   0x0000001c   Code   RO         4300    i.UART_EndTxTransfer  stm32f4xx_hal_uart.o
    0x080048c8   0x080048c8   0x00000184   Code   RO         1173    i.UART_IRQHandler_IT  drv_usart.o
    0x08004a4c   0x08004a4c   0x000000c0   Code   RO         4301    i.UART_Receive_IT   stm32f4xx_hal_uart.o
    0x08004b0c   0x08004b0c   0x0000010c   Code   RO         4302    i.UART_SetConfig    stm32f4xx_hal_uart.o
    0x08004c18   0x08004c18   0x00000094   Code   RO         4303    i.UART_Start_Receive_DMA  stm32f4xx_hal_uart.o
    0x08004cac   0x08004cac   0x00000018   Code   RO          593    i.USART2_IRQHandler  stm32f4xx_it.o
    0x08004cc4   0x08004cc4   0x0000000c   Code   RO          594    i.USART3_IRQHandler  stm32f4xx_it.o
    0x08004cd0   0x08004cd0   0x00000018   Code   RO          595    i.USART6_IRQHandler  stm32f4xx_it.o
    0x08004ce8   0x08004ce8   0x0000005c   Code   RO         1174    i.USART_Init        drv_usart.o
    0x08004d44   0x08004d44   0x00000002   Code   RO          596    i.UsageFault_Handler  stm32f4xx_it.o
    0x08004d46   0x08004d46   0x00000002   PAD
    0x08004d48   0x08004d48   0x00000030   Code   RO         1593    i.VISION_ReadData   vision_task.o
    0x08004d78   0x08004d78   0x00000034   Code   RO         1594    i.VISION_SendData   vision_task.o
    0x08004dac   0x08004dac   0x00000018   Code   RO          306    i.VISUAL_TASK       freertos.o
    0x08004dc4   0x08004dc4   0x0000003c   Code   RO         1724    i.Verify_CRC16_Check_Sum  crc.o
    0x08004e00   0x08004e00   0x00000020   Code   RO         1595    i.Vision_Init       vision_task.o
    0x08004e20   0x08004e20   0x0000000e   Code   RO         1598    i.Visual_Task       vision_task.o
    0x08004e2e   0x08004e2e   0x00000002   PAD
    0x08004e30   0x08004e30   0x00000054   Code   RO         1329    i.YAW_Angle_Over_Zero  gimbal_task.o
    0x08004e84   0x08004e84   0x00000020   Code   RO         2899    i.__NVIC_SetPriority  stm32f4xx_hal_cortex.o
    0x08004ea4   0x08004ea4   0x00000020   Code   RO         1791    i.anti_constrain    pid.o
    0x08004ec4   0x08004ec4   0x0000002e   Code   RO          976    i.crc16_update      packet.o
    0x08004ef2   0x08004ef2   0x00000002   PAD
    0x08004ef4   0x08004ef4   0x00000010   Code   RO          882    i.get_eular         hi229.o
    0x08004f04   0x08004f04   0x00000014   Code   RO          886    i.get_raw_gyo       hi229.o
    0x08004f18   0x08004f18   0x000000a4   Code   RO          794    i.get_total_angle   can_receive.o
    0x08004fbc   0x08004fbc   0x000000f8   Code   RO            7    i.main              main.o
    0x080050b4   0x080050b4   0x0000000c   Code   RO         5393    i.makeFreeRtosPriority  cmsis_os.o
    0x080050c0   0x080050c0   0x00000044   Code   RO         1224    i.micros            system_task.o
    0x08005104   0x08005104   0x0000000e   Code   RO         5395    i.osDelay           cmsis_os.o
    0x08005112   0x08005112   0x0000000a   Code   RO         5398    i.osKernelStart     cmsis_os.o
    0x0800511c   0x0800511c   0x00000054   Code   RO         5432    i.osThreadCreate    cmsis_os.o
    0x08005170   0x08005170   0x00000070   Code   RO         5069    i.prvAddCurrentTaskToDelayedList  tasks.o
    0x080051e0   0x080051e0   0x000000d0   Code   RO         5070    i.prvAddNewTaskToReadyList  tasks.o
    0x080052b0   0x080052b0   0x00000034   Code   RO         5071    i.prvDeleteTCB      tasks.o
    0x080052e4   0x080052e4   0x0000004c   Code   RO         5760    i.prvHeapInit       heap_4.o
    0x08005330   0x08005330   0x00000060   Code   RO         5072    i.prvIdleTask       tasks.o
    0x08005390   0x08005390   0x00000098   Code   RO         5073    i.prvInitialiseNewTask  tasks.o
    0x08005428   0x08005428   0x0000004c   Code   RO         5761    i.prvInsertBlockIntoFreeList  heap_4.o
    0x08005474   0x08005474   0x00000020   Code   RO         5074    i.prvResetNextTaskUnblockTime  tasks.o
    0x08005494   0x08005494   0x00000028   Code   RO         5829    i.prvTaskExitError  port.o
    0x080054bc   0x080054bc   0x000000dc   Code   RO         5762    i.pvPortMalloc      heap_4.o
    0x08005598   0x08005598   0x0000002c   Code   RO         5830    i.pxPortInitialiseStack  port.o
    0x080055c4   0x080055c4   0x00000102   Code   RO         1040    i.sbus_to_rc        remote_control.o
    0x080056c6   0x080056c6   0x00000026   Code   RO         4705    i.uxListRemove      list.o
    0x080056ec   0x080056ec   0x00000014   Code   RO          307    i.vApplicationGetIdleTaskMemory  freertos.o
    0x08005700   0x08005700   0x00000016   Code   RO         4706    i.vListInitialise   list.o
    0x08005716   0x08005716   0x00000006   Code   RO         4707    i.vListInitialiseItem  list.o
    0x0800571c   0x0800571c   0x00000030   Code   RO         4708    i.vListInsert       list.o
    0x0800574c   0x0800574c   0x00000018   Code   RO         4709    i.vListInsertEnd    list.o
    0x08005764   0x08005764   0x00000040   Code   RO         5832    i.vPortEnterCritical  port.o
    0x080057a4   0x080057a4   0x00000028   Code   RO         5833    i.vPortExitCritical  port.o
    0x080057cc   0x080057cc   0x00000064   Code   RO         5763    i.vPortFree         heap_4.o
    0x08005830   0x08005830   0x00000024   Code   RO         5834    i.vPortSetupTimerInterrupt  port.o
    0x08005854   0x08005854   0x0000004c   Code   RO         5083    i.vTaskDelay        tasks.o
    0x080058a0   0x080058a0   0x0000008c   Code   RO         5084    i.vTaskDelayUntil   tasks.o
    0x0800592c   0x0800592c   0x0000006c   Code   RO         5097    i.vTaskStartScheduler  tasks.o
    0x08005998   0x08005998   0x00000010   Code   RO         5099    i.vTaskSuspendAll   tasks.o
    0x080059a8   0x080059a8   0x0000005c   Code   RO         5100    i.vTaskSwitchContext  tasks.o
    0x08005a04   0x08005a04   0x000000f4   Code   RO         5836    i.xPortStartScheduler  port.o
    0x08005af8   0x08005af8   0x0000005a   Code   RO         5103    i.xTaskCreate       tasks.o
    0x08005b52   0x08005b52   0x00000056   Code   RO         5104    i.xTaskCreateStatic  tasks.o
    0x08005ba8   0x08005ba8   0x0000000c   Code   RO         5109    i.xTaskGetTickCount  tasks.o
    0x08005bb4   0x08005bb4   0x000000cc   Code   RO         5111    i.xTaskIncrementTick  tasks.o
    0x08005c80   0x08005c80   0x000000c4   Code   RO         5117    i.xTaskResumeAll    tasks.o
    0x08005d44   0x08005d44   0x0000000a   Code   RO         6236    x$fpl$fpinit        fz_wm.l(fpinit.o)
    0x08005d4e   0x08005d4e   0x00000002   PAD
    0x08005d50   0x08005d50   0x000000a8   Data   RO          309    .constdata          freertos.o
    0x08005df8   0x08005df8   0x00000300   Data   RO         1727    .constdata          crc.o
    0x080060f8   0x080060f8   0x00000008   Data   RO         2616    .constdata          stm32f4xx_hal_dma.o
    0x08006100   0x08006100   0x00000010   Data   RO         5909    .constdata          system_stm32f4xx.o
    0x08006110   0x08006110   0x00000008   Data   RO         5910    .constdata          system_stm32f4xx.o
    0x08006118   0x08006118   0x00000049   Data   RO          310    .conststring        freertos.o
    0x08006161   0x08006161   0x00000003   PAD
    0x08006164   0x08006164   0x00000020   Data   RO         6294    Region$$Table       anon$$obj.o


    Execution Region RW_IRAM1 (Exec base: 0x20000000, Load base: 0x08006184, Size: 0x00005560, Max: 0x0001c000, ABSOLUTE, COMPRESSED[0x00000080])

    Exec Addr    Load Addr    Size         Type   Attr      Idx    E Section Name        Object

    0x20000000   COMPRESSED   0x00000018   Data   RW          311    .data               freertos.o
    0x20000018   COMPRESSED   0x00000004   Data   RW          388    .data               can.o
    0x2000001c   COMPRESSED   0x00000018   Data   RW          796    .data               can_receive.o
    0x20000034   COMPRESSED   0x00000016   Data   RW          889    .data               hi229.o
    0x2000004a   COMPRESSED   0x00000002   PAD
    0x2000004c   COMPRESSED   0x00000014   Data   RW          977    .data               packet.o
    0x20000060   COMPRESSED   0x00000003   Data   RW         1042    .data               remote_control.o
    0x20000063   COMPRESSED   0x00000001   PAD
    0x20000064   COMPRESSED   0x00000006   Data   RW         1177    .data               drv_usart.o
    0x2000006a   COMPRESSED   0x00000006   PAD
    0x20000070   COMPRESSED   0x00000020   Data   RW         1228    .data               system_task.o
    0x20000090   COMPRESSED   0x000001dc   Data   RW         1331    .data               gimbal_task.o
    0x2000026c   COMPRESSED   0x00000274   Data   RW         1478    .data               shoot_task.o
    0x200004e0   COMPRESSED   0x0000003c   Data   RW         1604    .data               vision_task.o
    0x2000051c   COMPRESSED   0x00000002   Data   RW         1728    .data               crc.o
    0x2000051e   COMPRESSED   0x000000f0   Data   RW         1793    .data               pid.o
    0x2000060e   COMPRESSED   0x000000f0   Data   RW         1794    .data               pid.o
    0x200006fe   COMPRESSED   0x00000002   PAD
    0x20000700   COMPRESSED   0x0000000c   Data   RW         3043    .data               stm32f4xx_hal.o
    0x2000070c   COMPRESSED   0x0000003c   Data   RW         5120    .data               tasks.o
    0x20000748   COMPRESSED   0x00000020   Data   RW         5769    .data               heap_4.o
    0x20000768   COMPRESSED   0x0000000c   Data   RW         5837    .data               port.o
    0x20000774   COMPRESSED   0x00000004   Data   RW         5911    .data               system_stm32f4xx.o
    0x20000778        -       0x00000254   Zero   RW          308    .bss                freertos.o
    0x200009cc        -       0x00000050   Zero   RW          387    .bss                can.o
    0x20000a1c        -       0x000000f0   Zero   RW          461    .bss                tim.o
    0x20000b0c        -       0x00000394   Zero   RW          517    .bss                usart.o
    0x20000ea0        -       0x00000048   Zero   RW          751    .bss                stm32f4xx_hal_timebase_tim.o
    0x20000ee8        -       0x00000058   Zero   RW          795    .bss                can_receive.o
    0x20000f40        -       0x000000bc   Zero   RW          888    .bss                hi229.o
    0x20000ffc        -       0x00000016   Zero   RW         1041    .bss                remote_control.o
    0x20001012        -       0x000000fa   Zero   RW         1175    .bss                drv_usart.o
    0x2000110c        -       0x00000100   Zero   RW         1602    .bss                vision_task.o
    0x2000120c        -       0x000000f0   Zero   RW         5119    .bss                tasks.o
    0x200012fc        -       0x00003c00   Zero   RW         5768    .bss                heap_4.o
    0x20004efc        -       0x00000060   Zero   RW         6152    .bss                c_w.l(libspace.o)
    0x20004f5c   COMPRESSED   0x00000004   PAD
    0x20004f60        -       0x00000200   Zero   RW         1899    HEAP                startup_stm32f405xx.o
    0x20005160        -       0x00000400   Zero   RW         1898    STACK               startup_stm32f405xx.o


    Execution Region RW_IRAM2 (Exec base: 0x2001c000, Load base: 0x08006204, Size: 0x00000000, Max: 0x00004000, ABSOLUTE)

    **** No section assigned to this execution region ****


==============================================================================

Image component sizes


      Code (inc. data)   RO Data    RW Data    ZI Data      Debug   Object Name

       400         44          0          4         80       2494   can.o
       796        114          0         24         88       8355   can_receive.o
       120          0          0          0          0      23325   cmsis_os.o
       144         16        768          2          0       3080   crc.o
       156          4          0          0          0        858   dma.o
        18          0          0          0          0        494   driver.o
       140         20          0          0          0       1940   drv_can.o
       592         74          0          6        250       3731   drv_usart.o
         0          0          0          0          0      16932   event_groups.o
       296         12        241         24        596       5648   freertos.o
      1298        152          0        476          0      12773   gimbal_task.o
       180         14          0          0          0       1011   gpio.o
       472         24          0         32      15360       7427   heap_4.o
       476         52          0         22        188       5548   hi229.o
       138          0          0          0          0       3558   list.o
       424         48          0          0          0     691643   main.o
       306         18          0         20          0       2908   packet.o
       846         98          0        480          0      10290   pid.o
       702         72          0         12          0      10992   port.o
       446         22          0          3         22       6649   remote_control.o
      1038        162          0        628          0      10825   shoot_task.o
        64         26        392          0       1536        812   startup_stm32f405xx.o
       116         18          0         12          0       8718   stm32f4xx_hal.o
      1658          6          0          0          0      14259   stm32f4xx_hal_can.o
       158         14          0          0          0      33174   stm32f4xx_hal_cortex.o
      1090         16          8          0          0       7937   stm32f4xx_hal_dma.o
       506         46          0          0          0       2192   stm32f4xx_hal_gpio.o
        56          4          0          0          0        866   stm32f4xx_hal_msp.o
      1412         86          0          0          0       5897   stm32f4xx_hal_rcc.o
      1896        144          0          0          0      13886   stm32f4xx_hal_tim.o
       232         28          0          0          0       3273   stm32f4xx_hal_tim_ex.o
       152         20          0          0         72       1484   stm32f4xx_hal_timebase_tim.o
      2056         44          0          0          0      16579   stm32f4xx_hal_uart.o
       240         90          0          0          0      10101   stm32f4xx_it.o
         0          0          0          0          0        416   stream_buffer.o
        16          4         24          4          0       1127   system_stm32f4xx.o
       278         30          0         32          0       5071   system_task.o
      1672        126          0         60        240      21196   tasks.o
       544         64          0          0        240       3242   tim.o
      1144        104          0          0        916       5105   usart.o
       230         28          0         60        256       6002   vision_task.o

    ----------------------------------------------------------------------
     22548       1844       1468       1912      19844     991818   Object Totals
         0          0         32          0          0          0   (incl. Generated)
        40          0          3         11          0          0   (incl. Padding)

    ----------------------------------------------------------------------

      Code (inc. data)   RO Data    RW Data    ZI Data      Debug   Library Member Name

        58          0          0          0          0          0   __dczerorl.o
         8          0          0          0          0         68   __main.o
         0          0          0          0          0          0   __rtentry.o
        12          0          0          0          0          0   __rtentry2.o
         6          0          0          0          0          0   __rtentry4.o
        52          8          0          0          0          0   __scatter.o
        28          0          0          0          0          0   __scatter_zi.o
        18          0          0          0          0         80   exit.o
         6          0          0          0          0        152   heapauxi.o
         0          0          0          0          0          0   indicate_semi.o
         2          0          0          0          0          0   libinit.o
         6          0          0          0          0          0   libinit2.o
         2          0          0          0          0          0   libshutdown.o
         2          0          0          0          0          0   libshutdown2.o
         8          4          0          0         96         68   libspace.o
       238          0          0          0          0        100   lludivv7m.o
        68          0          0          0          0         68   rt_memclr.o
        78          0          0          0          0         80   rt_memclr_w.o
       138          0          0          0          0         68   rt_memcpy_v6.o
       100          0          0          0          0         80   rt_memcpy_w.o
         2          0          0          0          0          0   rtexit.o
        10          0          0          0          0          0   rtexit2.o
        12          4          0          0          0         68   sys_exit.o
        74          0          0          0          0         80   sys_stackheap_outer.o
         2          0          0          0          0         68   use_no_semi.o
        10          0          0          0          0        116   fpinit.o

    ----------------------------------------------------------------------
       948         16          0          0        100       1096   Library Totals
         8          0          0          0          4          0   (incl. Padding)

    ----------------------------------------------------------------------

      Code (inc. data)   RO Data    RW Data    ZI Data      Debug   Library Name

       930         16          0          0         96        980   c_w.l
        10          0          0          0          0        116   fz_wm.l

    ----------------------------------------------------------------------
       948         16          0          0        100       1096   Library Totals

    ----------------------------------------------------------------------

==============================================================================


      Code (inc. data)   RO Data    RW Data    ZI Data      Debug   

     23496       1860       1468       1912      19944     967498   Grand Totals
     23496       1860       1468        128      19944     967498   ELF Image Totals (compressed)
     23496       1860       1468        128          0          0   ROM Totals

==============================================================================

    Total RO  Size (Code + RO Data)                24964 (  24.38kB)
    Total RW  Size (RW Data + ZI Data)             21856 (  21.34kB)
    Total ROM Size (Code + RO Data + RW Data)      25092 (  24.50kB)

==============================================================================

