Component: ARM Compiler 5.06 update 7 (build 960) Tool: armlink [4d3601]

==============================================================================

Section Cross References

    main.o(i.HAL_TIM_PeriodElapsedCallback) refers to stm32f4xx_hal.o(i.HAL_IncTick) for HAL_IncTick
    main.o(i.SystemClock_Config) refers to rt_memclr_w.o(.text) for __aeabi_memclr4
    main.o(i.SystemClock_Config) refers to stm32f4xx_hal_rcc.o(i.HAL_RCC_OscConfig) for HAL_RCC_OscConfig
    main.o(i.SystemClock_Config) refers to stm32f4xx_hal_rcc.o(i.HAL_RCC_ClockConfig) for HAL_RCC_ClockConfig
    main.o(i.main) refers to stm32f4xx_hal.o(i.HAL_Init) for HAL_Init
    main.o(i.main) refers to main.o(i.SystemClock_Config) for SystemClock_Config
    main.o(i.main) refers to gpio.o(i.MX_GPIO_Init) for MX_GPIO_Init
    main.o(i.main) refers to dma.o(i.MX_DMA_Init) for MX_DMA_Init
    main.o(i.main) refers to tim.o(i.MX_TIM1_Init) for MX_TIM1_Init
    main.o(i.main) refers to can.o(i.MX_CAN1_Init) for MX_CAN1_Init
    main.o(i.main) refers to can.o(i.MX_CAN2_Init) for MX_CAN2_Init
    main.o(i.main) refers to usart.o(i.MX_USART2_UART_Init) for MX_USART2_UART_Init
    main.o(i.main) refers to usart.o(i.MX_UART5_Init) for MX_UART5_Init
    main.o(i.main) refers to usart.o(i.MX_USART6_UART_Init) for MX_USART6_UART_Init
    main.o(i.main) refers to usart.o(i.MX_UART4_Init) for MX_UART4_Init
    main.o(i.main) refers to usart.o(i.MX_USART3_UART_Init) for MX_USART3_UART_Init
    main.o(i.main) refers to tim.o(i.MX_TIM3_Init) for MX_TIM3_Init
    main.o(i.main) refers to driver.o(i.Driver_Init) for Driver_Init
    main.o(i.main) refers to pid.o(i.Motor_Init) for Motor_Init
    main.o(i.main) refers to system_task.o(i.Time_Init) for Time_Init
    main.o(i.main) refers to stm32f4xx_hal_tim.o(i.HAL_TIM_PWM_Start) for HAL_TIM_PWM_Start
    main.o(i.main) refers to freertos.o(i.MX_FREERTOS_Init) for MX_FREERTOS_Init
    main.o(i.main) refers to cmsis_os.o(i.osKernelStart) for osKernelStart
    main.o(i.main) refers to tim.o(.bss) for htim3
    gpio.o(i.MX_GPIO_Init) refers to rt_memclr_w.o(.text) for __aeabi_memclr4
    gpio.o(i.MX_GPIO_Init) refers to stm32f4xx_hal_gpio.o(i.HAL_GPIO_WritePin) for HAL_GPIO_WritePin
    gpio.o(i.MX_GPIO_Init) refers to stm32f4xx_hal_gpio.o(i.HAL_GPIO_Init) for HAL_GPIO_Init
    freertos.o(i.GIMBAL_TASK) refers to tasks.o(i.xTaskGetTickCount) for xTaskGetTickCount
    freertos.o(i.GIMBAL_TASK) refers to gimbal_task.o(i.Gimbal_Task) for Gimbal_Task
    freertos.o(i.GIMBAL_TASK) refers to tasks.o(i.vTaskDelayUntil) for vTaskDelayUntil
    freertos.o(i.IMU_TASK) refers to tasks.o(i.xTaskGetTickCount) for xTaskGetTickCount
    freertos.o(i.IMU_TASK) refers to hi229.o(i.IMU_get) for IMU_get
    freertos.o(i.IMU_TASK) refers to tasks.o(i.vTaskDelayUntil) for vTaskDelayUntil
    freertos.o(i.MX_FREERTOS_Init) refers to rt_memcpy_w.o(.text) for __aeabi_memcpy4
    freertos.o(i.MX_FREERTOS_Init) refers to cmsis_os.o(i.osThreadCreate) for osThreadCreate
    freertos.o(i.MX_FREERTOS_Init) refers to freertos.o(.constdata) for .constdata
    freertos.o(i.MX_FREERTOS_Init) refers to freertos.o(.data) for .data
    freertos.o(i.SHOOT_TASK) refers to tasks.o(i.xTaskGetTickCount) for xTaskGetTickCount
    freertos.o(i.SHOOT_TASK) refers to shoot_task.o(i.Shoot_Task) for Shoot_Task
    freertos.o(i.SHOOT_TASK) refers to tasks.o(i.vTaskDelayUntil) for vTaskDelayUntil
    freertos.o(i.SYSTEM_STATE_TASK) refers to tasks.o(i.xTaskGetTickCount) for xTaskGetTickCount
    freertos.o(i.SYSTEM_STATE_TASK) refers to system_task.o(i.System_Task) for System_Task
    freertos.o(i.SYSTEM_STATE_TASK) refers to tasks.o(i.vTaskDelayUntil) for vTaskDelayUntil
    freertos.o(i.StartDefaultTask) refers to stm32f4xx_hal.o(i.HAL_Delay) for HAL_Delay
    freertos.o(i.StartDefaultTask) refers to stm32f4xx_hal_gpio.o(i.HAL_GPIO_TogglePin) for HAL_GPIO_TogglePin
    freertos.o(i.StartDefaultTask) refers to cmsis_os.o(i.osDelay) for osDelay
    freertos.o(i.VISUAL_TASK) refers to tasks.o(i.xTaskGetTickCount) for xTaskGetTickCount
    freertos.o(i.VISUAL_TASK) refers to tasks.o(i.vTaskDelayUntil) for vTaskDelayUntil
    freertos.o(i.vApplicationGetIdleTaskMemory) refers to freertos.o(.bss) for .bss
    freertos.o(.constdata) refers to freertos.o(.conststring) for .conststring
    freertos.o(.constdata) refers to freertos.o(i.StartDefaultTask) for StartDefaultTask
    freertos.o(.constdata) refers to freertos.o(i.SYSTEM_STATE_TASK) for SYSTEM_STATE_TASK
    freertos.o(.constdata) refers to freertos.o(i.GIMBAL_TASK) for GIMBAL_TASK
    freertos.o(.constdata) refers to freertos.o(i.IMU_TASK) for IMU_TASK
    freertos.o(.constdata) refers to freertos.o(i.SHOOT_TASK) for SHOOT_TASK
    freertos.o(.constdata) refers to freertos.o(i.VISUAL_TASK) for VISUAL_TASK
    can.o(i.HAL_CAN_MspDeInit) refers to stm32f4xx_hal_gpio.o(i.HAL_GPIO_DeInit) for HAL_GPIO_DeInit
[...]
    _terminate_user_alloc                     - Undefined Weak Reference
    _terminateio                              - Undefined Weak Reference
    __Vectors_Size                           0x00000188   Number         0  startup_stm32f405xx.o ABSOLUTE
    __Vectors                                0x08000000   Data           4  startup_stm32f405xx.o(RESET)
    __Vectors_End                            0x08000188   Data           0  startup_stm32f405xx.o(RESET)
    __main                                   0x08000189   Thumb Code     8  __main.o(!!!main)
    __scatterload                            0x08000191   Thumb Code     0  __scatter.o(!!!scatter)
    __scatterload_rt2                        0x08000191   Thumb Code    44  __scatter.o(!!!scatter)
    __scatterload_rt2_thumb_only             0x08000191   Thumb Code     0  __scatter.o(!!!scatter)
    __scatterload_null                       0x0800019f   Thumb Code     0  __scatter.o(!!!scatter)
    __decompress                             0x080001c5   Thumb Code    90  __dczerorl2.o(!!dczerorl2)
    __decompress1                            0x080001c5   Thumb Code     0  __dczerorl2.o(!!dczerorl2)
    __scatterload_zeroinit                   0x08000221   Thumb Code    28  __scatter_zi.o(!!handler_zi)
    __rt_lib_init                            0x0800023d   Thumb Code     0  libinit.o(.ARM.Collect$$libinit$$00000000)
    __rt_lib_init_fp_1                       0x0800023f   Thumb Code     0  libinit2.o(.ARM.Collect$$libinit$$00000001)
    __rt_lib_init_alloca_1                   0x08000243   Thumb Code     0  libinit2.o(.ARM.Collect$$libinit$$0000002E)
    __rt_lib_init_argv_1                     0x08000243   Thumb Code     0  libinit2.o(.ARM.Collect$$libinit$$0000002C)
    __rt_lib_init_atexit_1                   0x08000243   Thumb Code     0  libinit2.o(.ARM.Collect$$libinit$$0000001B)
    __rt_lib_init_clock_1                    0x08000243   Thumb Code     0  libinit2.o(.ARM.Collect$$libinit$$00000021)
    __rt_lib_init_cpp_1                      0x08000243   Thumb Code     0  libinit2.o(.ARM.Collect$$libinit$$00000032)
    __rt_lib_init_exceptions_1               0x08000243   Thumb Code     0  libinit2.o(.ARM.Collect$$libinit$$00000030)
    __rt_lib_init_fp_trap_1                  0x08000243   Thumb Code     0  libinit2.o(.ARM.Collect$$libinit$$0000001F)
    __rt_lib_init_getenv_1                   0x08000243   Thumb Code     0  libinit2.o(.ARM.Collect$$libinit$$00000023)
    __rt_lib_init_heap_1                     0x08000243   Thumb Code     0  libinit2.o(.ARM.Collect$$libinit$$0000000A)
    __rt_lib_init_lc_collate_1               0x08000243   Thumb Code     0  libinit2.o(.ARM.Collect$$libinit$$00000011)
    __rt_lib_init_lc_ctype_1                 0x08000243   Thumb Code     0  libinit2.o(.ARM.Collect$$libinit$$00000013)
    __rt_lib_init_lc_monetary_1              0x08000243   Thumb Code     0  libinit2.o(.ARM.Collect$$libinit$$00000015)
    __rt_lib_init_lc_numeric_1               0x08000243   Thumb Code     0  libinit2.o(.ARM.Collect$$libinit$$00000017)
    __rt_lib_init_lc_time_1                  0x08000243   Thumb Code     0  libinit2.o(.ARM.Collect$$libinit$$00000019)
    __rt_lib_init_preinit_1                  0x08000243   Thumb Code     0  libinit2.o(.ARM.Collect$$libinit$$00000004)
    __rt_lib_init_rand_1                     0x08000243   Thumb Code     0  libinit2.o(.ARM.Collect$$libinit$$0000000E)
    __rt_lib_init_return                     0x08000243   Thumb Code     0  libinit2.o(.ARM.Collect$$libinit$$00000033)
    __rt_lib_init_signal_1                   0x08000243   Thumb Code     0  libinit2.o(.ARM.Collect$$libinit$$0000001D)
    __rt_lib_init_stdio_1                    0x08000243   Thumb Code     0  libinit2.o(.ARM.Collect$$libinit$$00000025)
    __rt_lib_init_user_alloc_1               0x08000243   Thumb Code     0  libinit2.o(.ARM.Collect$$libinit$$0000000C)
    __rt_lib_shutdown                        0x08000245   Thumb Code     0  libshutdown.o(.ARM.Collect$$libshutdown$$00000000)
    __rt_lib_shutdown_cpp_1                  0x08000247   Thumb Code     0  libshutdown2.o(.ARM.Collect$$libshutdown$$00000004)
    __rt_lib_shutdown_fini_1                 0x08000247   Thumb Code     0  libshutdown2.o(.ARM.Collect$$libshutdown$$00000002)
    __rt_lib_shutdown_fp_trap_1              0x08000247   Thumb Code     0  libshutdown2.o(.ARM.Collect$$libshutdown$$00000009)
    __rt_lib_shutdown_heap_1                 0x08000247   Thumb Code     0  libshutdown2.o(.ARM.Collect$$libshutdown$$00000011)
    __rt_lib_shutdown_return                 0x08000247   Thumb Code     0  libshutdown2.o(.ARM.Collect$$libshutdown$$00000012)
    __rt_lib_shutdown_signal_1               0x08000247   Thumb Code     0  libshutdown2.o(.ARM.Collect$$libshutdown$$0000000C)
    __rt_lib_shutdown_stdio_1                0x08000247   Thumb Code     0  libshutdown2.o(.ARM.Collect$$libshutdown$$00000006)
    __rt_lib_shutdown_user_alloc_1           0x08000247   Thumb Code     0  libshutdown2.o(.ARM.Collect$$libshutdown$$0000000E)
    __rt_entry                               0x08000249   Thumb Code     0  __rtentry.o(.ARM.Collect$$rtentry$$00000000)
    __rt_entry_presh_1                       0x08000249   Thumb Code     0  __rtentry2.o(.ARM.Collect$$rtentry$$00000002)
    __rt_entry_sh                            0x08000249   Thumb Code     0  __rtentry4.o(.ARM.Collect$$rtentry$$00000004)
    __rt_entry_li                            0x0800024f   Thumb Code     0  __rtentry2.o(.ARM.Collect$$rtentry$$0000000A)
    __rt_entry_postsh_1                      0x0800024f   Thumb Code     0  __rtentry2.o(.ARM.Collect$$rtentry$$00000009)
    __rt_entry_main                          0x08000253   Thumb Code     0  __rtentry2.o(.ARM.Collect$$rtentry$$0000000D)
    __rt_entry_postli_1                      0x08000253   Thumb Code     0  __rtentry2.o(.ARM.Collect$$rtentry$$0000000C)
    __rt_exit                                0x0800025b   Thumb Code     0  rtexit.o(.ARM.Collect$$rtexit$$00000000)
    __rt_exit_ls                             0x0800025d   Thumb Code     0  rtexit2.o(.ARM.Collect$$rtexit$$00000003)
    __rt_exit_prels_1                        0x0800025d   Thumb Code     0  rtexit2.o(.ARM.Collect$$rtexit$$00000002)
    __rt_exit_exit                           0x08000261   Thumb Code     0  rtexit2.o(.ARM.Collect$$rtexit$$00000004)
    SVC_Handler                              0x08000269   Thumb Code    28  port.o(.emb_text)
    __asm___6_port_c_39a90d8d__prvStartFirstTask 0x08000289   Thumb Code    36  port.o(.emb_text)
    __asm___6_port_c_39a90d8d__prvEnableVFP  0x080002b1   Thumb Code    16  port.o(.emb_text)
    PendSV_Handler                           0x080002c5   Thumb Code    88  port.o(.emb_text)
    vPortGetIPSR                             0x08000321   Thumb Code     6  port.o(.emb_text)
    Reset_Handler                            0x08000329   Thumb Code     8  startup_stm32f405xx.o(.text)
    ADC_IRQHandler                           0x08000343   Thumb Code     0  startup_stm32f405xx.o(.text)
    CAN1_RX1_IRQHandler                      0x08000343   Thumb Code     0  startup_stm32f405xx.o(.text)
    CAN1_SCE_IRQHandler                      0x08000343   Thumb Code     0  startup_stm32f405xx.o(.text)
    CAN1_TX_IRQHandler                       0x08000343   Thumb Code     0  startup_stm32f405xx.o(.text)
    CAN2_RX1_IRQHandler                      0x08000343   Thumb Code     0  startup_stm32f405xx.o(.text)
    CAN2_SCE_IRQHandler                      0x08000343   Thumb Code     0  startup_stm32f405xx.o(.text)
    CAN2_TX_IRQHandler                       0x08000343   Thumb Code     0  startup_stm32f405xx.o(.text)
    DMA1_Stream3_IRQHandler                  0x08000343   Thumb Code     0  startup_stm32f405xx.o(.text)
    DMA1_Stream4_IRQHandler                  0x08000343   Thumb Code     0  startup_stm32f405xx.o(.text)
    DMA1_Stream6_IRQHandler                  0x08000343   Thumb Code     0  startup_stm32f405xx.o(.text)
    DMA1_Stream7_IRQHandler                  0x08000343   Thumb Code     0  startup_stm32f405xx.o(.text)
    DMA2_Stream0_IRQHandler                  0x08000343   Thumb Code     0  startup_stm32f405xx.o(.text)
    DMA2_Stream3_IRQHandler                  0x08000343   Thumb Code     0  startup_stm32f405xx.o(.text)
    DMA2_Stream4_IRQHandler                  0x08000343   Thumb Code     0  startup_stm32f405xx.o(.text)
    DMA2_Stream5_IRQHandler                  0x08000343   Thumb Code     0  startup_stm32f405xx.o(.text)
    DMA2_Stream6_IRQHandler                  0x08000343   Thumb Code     0  startup_stm32f405xx.o(.text)
    DMA2_Stream7_IRQHandler                  0x08000343   Thumb Code     0  startup_stm32f405xx.o(.text)
    EXTI0_IRQHandler                         0x08000343   Thumb Code     0  startup_stm32f405xx.o(.text)
    EXTI15_10_IRQHandler                     0x08000343   Thumb Code     0  startup_stm32f405xx.o(.text)
    EXTI1_IRQHandler                         0x08000343   Thumb Code     0  startup_stm32f405xx.o(.text)
    EXTI2_IRQHandler                         0x08000343   Thumb Code     0  startup_stm32f405xx.o(.text)
    EXTI3_IRQHandler                         0x08000343   Thumb Code     0  startup_stm32f405xx.o(.text)
    EXTI4_IRQHandler                         0x08000343   Thumb Code     0  startup_stm32f405xx.o(.text)
    EXTI9_5_IRQHandler                       0x08000343   Thumb Code     0  startup_stm32f405xx.o(.text)
    FLASH_IRQHandler                         0x08000343   Thumb Code     0  startup_stm32f405xx.o(.text)
    FMC_IRQHandler                           0x08000343   Thumb Code     0  startup_stm32f405xx.o(.text)
    FPU_IRQHandler                           0x08000343   Thumb Code     0  startup_stm32f405xx.o(.text)
    HASH_RNG_IRQHandler                      0x08000343   Thumb Code     0  startup_stm32f405xx.o(.text)
    I2C1_ER_IRQHandler                       0x08000343   Thumb Code     0  startup_stm32f405xx.o(.text)
    I2C1_EV_IRQHandler                       0x08000343   Thumb Code     0  startup_stm32f405xx.o(.text)
    I2C2_ER_IRQHandler                       0x08000343   Thumb Code     0  startup_stm32f405xx.o(.text)
    I2C2_EV_IRQHandler                       0x08000343   Thumb Code     0  startup_stm32f405xx.o(.text)
    I2C3_ER_IRQHandler                       0x08000343   Thumb Code     0  startup_stm32f405xx.o(.text)
    I2C3_EV_IRQHandler                       0x08000343   Thumb Code     0  startup_stm32f405xx.o(.text)
    OTG_FS_IRQHandler                        0x08000343   Thumb Code     0  startup_stm32f405xx.o(.text)
    OTG_FS_WKUP_IRQHandler                   0x08000343   Thumb Code     0  startup_stm32f405xx.o(.text)
    OTG_HS_EP1_IN_IRQHandler                 0x08000343   Thumb Code     0  startup_stm32f405xx.o(.text)
    OTG_HS_EP1_OUT_IRQHandler                0x08000343   Thumb Code     0  startup_stm32f405xx.o(.text)
    OTG_HS_IRQHandler                        0x08000343   Thumb Code     0  startup_stm32f405xx.o(.text)
    OTG_HS_WKUP_IRQHandler                   0x08000343   Thumb Code     0  startup_stm32f405xx.o(.text)
    PVD_IRQHandler                           0x08000343   Thumb Code     0  startup_stm32f405xx.o(.text)
    RCC_IRQHandler                           0x08000343   Thumb Code     0  startup_stm32f405xx.o(.text)
    RTC_Alarm_IRQHandler                     0x08000343   Thumb Code     0  startup_stm32f405xx.o(.text)
    RTC_WKUP_IRQHandler                      0x08000343   Thumb Code     0  startup_stm32f405xx.o(.text)
    SDIO_IRQHandler                          0x08000343   Thumb Code     0  startup_stm32f405xx.o(.text)
    SPI1_IRQHandler                          0x08000343   Thumb Code     0  startup_stm32f405xx.o(.text)
    SPI2_IRQHandler                          0x08000343   Thumb Code     0  startup_stm32f405xx.o(.text)
    SPI3_IRQHandler                          0x08000343   Thumb Code     0  startup_stm32f405xx.o(.text)
    TAMP_STAMP_IRQHandler                    0x08000343   Thumb Code     0  startup_stm32f405xx.o(.text)
    TIM1_BRK_TIM9_IRQHandler                 0x08000343   Thumb Code     0  startup_stm32f405xx.o(.text)
    TIM1_CC_IRQHandler                       0x08000343   Thumb Code     0  startup_stm32f405xx.o(.text)
    TIM1_TRG_COM_TIM11_IRQHandler            0x08000343   Thumb Code     0  startup_stm32f405xx.o(.text)
    TIM1_UP_TIM10_IRQHandler                 0x08000343   Thumb Code     0  startup_stm32f405xx.o(.text)
    TIM2_IRQHandler                          0x08000343   Thumb Code     0  startup_stm32f405xx.o(.text)
    TIM3_IRQHandler                          0x08000343   Thumb Code     0  startup_stm32f405xx.o(.text)
    TIM4_IRQHandler                          0x08000343   Thumb Code     0  startup_stm32f405xx.o(.text)
    TIM5_IRQHandler                          0x08000343   Thumb Code     0  startup_stm32f405xx.o(.text)
    TIM6_DAC_IRQHandler                      0x08000343   Thumb Code     0  startup_stm32f405xx.o(.text)
    TIM7_IRQHandler                          0x08000343   Thumb Code     0  startup_stm32f405xx.o(.text)
    TIM8_BRK_TIM12_IRQHandler                0x08000343   Thumb Code     0  startup_stm32f405xx.o(.text)
    TIM8_CC_IRQHandler                       0x08000343   Thumb Code     0  startup_stm32f405xx.o(.text)
    TIM8_UP_TIM13_IRQHandler                 0x08000343   Thumb Code     0  startup_stm32f405xx.o(.text)
    USART1_IRQHandler                        0x08000343   Thumb Code     0  startup_stm32f405xx.o(.text)
    WWDG_IRQHandler                          0x08000343   Thumb Code     0  startup_stm32f405xx.o(.text)
    __user_initial_stackheap                 0x08000345   Thumb Code     0  startup_stm32f405xx.o(.text)
    __aeabi_uldivmod                         0x08000369   Thumb Code     0  lludivv7m.o(.text)
    _ll_udiv                                 0x08000369   Thumb Code   238  lludivv7m.o(.text)
    __aeabi_memcpy                           0x08000457   Thumb Code     0  rt_memcpy_v6.o(.text)
    __rt_memcpy                              0x08000457   Thumb Code   138  rt_memcpy_v6.o(.text)
    _memcpy_lastbytes                        0x080004bd   Thumb Code     0  rt_memcpy_v6.o(.text)
    __aeabi_memcpy4                          0x080004e1   Thumb Code     0  rt_memcpy_w.o(.text)
    __aeabi_memcpy8                          0x080004e1   Thumb Code     0  rt_memcpy_w.o(.text)
    __rt_memcpy_w                            0x080004e1   Thumb Code   100  rt_memcpy_w.o(.text)
    _memcpy_lastbytes_aligned                0x08000529   Thumb Code     0  rt_memcpy_w.o(.text)
    __aeabi_memclr                           0x08000545   Thumb Code     0  rt_memclr.o(.text)
    __rt_memclr                              0x08000545   Thumb Code    68  rt_memclr.o(.text)
    _memset                                  0x08000549   Thumb Code     0  rt_memclr.o(.text)
    __aeabi_memclr4                          0x08000589   Thumb Code     0  rt_memclr_w.o(.text)
    __aeabi_memclr8                          0x08000589   Thumb Code     0  rt_memclr_w.o(.text)
    __rt_memclr_w                            0x08000589   Thumb Code    78  rt_memclr_w.o(.text)
    _memset_w                                0x0800058d   Thumb Code     0  rt_memclr_w.o(.text)
    __use_two_region_memory                  0x080005d7   Thumb Code     2  heapauxi.o(.text)
    __rt_heap_escrow$2region                 0x080005d9   Thumb Code     2  heapauxi.o(.text)
    __rt_heap_expand$2region                 0x080005db   Thumb Code     2  heapauxi.o(.text)
    __user_libspace                          0x080005dd   Thumb Code     8  libspace.o(.text)
    __user_perproc_libspace                  0x080005dd   Thumb Code     0  libspace.o(.text)
    __user_perthread_libspace                0x080005dd   Thumb Code     0  libspace.o(.text)
    __user_setup_stackheap                   0x080005e5   Thumb Code    74  sys_stackheap_outer.o(.text)
    exit                                     0x0800062f   Thumb Code    18  exit.o(.text)
    _sys_exit                                0x08000641   Thumb Code     8  sys_exit.o(.text)
    __I$use$semihosting                      0x0800064d   Thumb Code     0  use_no_semi.o(.text)
    __use_no_semihosting_swi                 0x0800064d   Thumb Code     2  use_no_semi.o(.text)
    BusFault_Handler                         0x0800064f   Thumb Code     2  stm32f4xx_it.o(i.BusFault_Handler)
    __semihosting_library_function           0x0800064f   Thumb Code     0  indicate_semi.o(.text)
    CAN1_Init                                0x08000651   Thumb Code    38  drv_can.o(i.CAN1_Init)
    CAN1_RX0_IRQHandler                      0x0800067d   Thumb Code     6  stm32f4xx_it.o(i.CAN1_RX0_IRQHandler)
    CAN2_Init                                0x08000689   Thumb Code    38  drv_can.o(i.CAN2_Init)
    CAN2_RX0_IRQHandler                      0x080006b5   Thumb Code     6  stm32f4xx_it.o(i.CAN2_RX0_IRQHandler)
    CAN_Date_Decode                          0x080006c1   Thumb Code    24  can_receive.o(i.CAN_Date_Decode)
    CAN_cmd_RC1                              0x0800070d   Thumb Code    96  can_receive.o(i.CAN_cmd_RC1)
    CAN_cmd_RC2                              0x08000779   Thumb Code    88  can_receive.o(i.CAN_cmd_RC2)
    CAN_cmd_gimbal_pitch                     0x080007dd   Thumb Code    46  can_receive.o(i.CAN_cmd_gimbal_pitch)
    CAN_cmd_gimbal_yaw                       0x08000819   Thumb Code    78  can_receive.o(i.CAN_cmd_gimbal_yaw)
    CAN_cmd_shoot                            0x08000875   Thumb Code    82  can_receive.o(i.CAN_cmd_shoot)
    DMA1_Stream0_IRQHandler                  0x080008d5   Thumb Code     6  stm32f4xx_it.o(i.DMA1_Stream0_IRQHandler)
    DMA1_Stream1_IRQHandler                  0x080008e1   Thumb Code     6  stm32f4xx_it.o(i.DMA1_Stream1_IRQHandler)
    DMA1_Stream2_IRQHandler                  0x080008ed   Thumb Code     6  stm32f4xx_it.o(i.DMA1_Stream2_IRQHandler)
    DMA1_Stream5_IRQHandler                  0x080008f9   Thumb Code     6  stm32f4xx_it.o(i.DMA1_Stream5_IRQHandler)
    DMA2_Stream1_IRQHandler                  0x08000905   Thumb Code     6  stm32f4xx_it.o(i.DMA2_Stream1_IRQHandler)
    DMA2_Stream2_IRQHandler                  0x08000911   Thumb Code     6  stm32f4xx_it.o(i.DMA2_Stream2_IRQHandler)
    DebugMon_Handler                         0x080009c1   Thumb Code     2  stm32f4xx_it.o(i.DebugMon_Handler)
    Driver_Init                              0x080009c3   Thumb Code    18  driver.o(i.Driver_Init)
    Error_Handler                            0x080009d5   Thumb Code     4  main.o(i.Error_Handler)
    Fric_3508_Init                           0x080009d9   Thumb Code    30  pid.o(i.Fric_3508_Init)
    GIMBAL_TASK                              0x080009fd   Thumb Code    24  freertos.o(i.GIMBAL_TASK)
    GIM_PitParamInit                         0x08000a15   Thumb Code    86  pid.o(i.GIM_PitParamInit)
    GIM_YawParamInit                         0x08000a85   Thumb Code    86  pid.o(i.GIM_YawParamInit)
    GM_6020_Init                             0x08000af5   Thumb Code    32  pid.o(i.GM_6020_Init)
    Gimbal_CanOutPut                         0x08000b19   Thumb Code    66  gimbal_task.o(i.Gimbal_CanOutPut)
    Gimbal_GET_Info                          0x08000b65   Thumb Code    32  gimbal_task.o(i.Gimbal_GET_Info)
    Gimbal_GetOutPut                         0x08000b8d   Thumb Code    42  gimbal_task.o(i.Gimbal_GetOutPut)
    Gimbal_InitPID                           0x08000bb9   Thumb Code    20  gimbal_task.o(i.Gimbal_InitPID)
    Gimbal_KRY_Ctrl                          0x08000bd1   Thumb Code    24  gimbal_task.o(i.Gimbal_KRY_Ctrl)
    Gimbal_PID_Switch                        0x08000bed   Thumb Code   176  gimbal_task.o(i.Gimbal_PID_Switch)
    Gimbal_RC_Ctrl                           0x08000ca9   Thumb Code    24  gimbal_task.o(i.Gimbal_RC_Ctrl)
    Gimbal_Set_PID_type                      0x08000cc5   Thumb Code    18  gimbal_task.o(i.Gimbal_Set_PID_type)
    Gimbal_Stop                              0x08000cdd   Thumb Code    28  gimbal_task.o(i.Gimbal_Stop)
    Gimbal_Task                              0x08000cfd   Thumb Code    64  gimbal_task.o(i.Gimbal_Task)
    HAL_CAN_ActivateNotification             0x08000d45   Thumb Code    36  stm32f4xx_hal_can.o(i.HAL_CAN_ActivateNotification)
    HAL_CAN_AddTxMessage                     0x08000d69   Thumb Code   220  stm32f4xx_hal_can.o(i.HAL_CAN_AddTxMessage)
    HAL_CAN_ConfigFilter                     0x08000e45   Thumb Code   262  stm32f4xx_hal_can.o(i.HAL_CAN_ConfigFilter)
    HAL_CAN_ErrorCallback                    0x08000f51   Thumb Code     2  stm32f4xx_hal_can.o(i.HAL_CAN_ErrorCallback)
    HAL_CAN_GetRxMessage                     0x08000f53   Thumb Code   232  stm32f4xx_hal_can.o(i.HAL_CAN_GetRxMessage)
    HAL_CAN_IRQHandler                       0x0800103b   Thumb Code   508  stm32f4xx_hal_can.o(i.HAL_CAN_IRQHandler)
    HAL_CAN_Init                             0x08001237   Thumb Code   282  stm32f4xx_hal_can.o(i.HAL_CAN_Init)
    HAL_CAN_MspInit                          0x08001351   Thumb Code   232  can.o(i.HAL_CAN_MspInit)
    HAL_CAN_RxFifo0FullCallback              0x08001451   Thumb Code     2  stm32f4xx_hal_can.o(i.HAL_CAN_RxFifo0FullCallback)
    HAL_CAN_RxFifo0MsgPendingCallback        0x08001455   Thumb Code   122  can_receive.o(i.HAL_CAN_RxFifo0MsgPendingCallback)
    HAL_CAN_RxFifo1FullCallback              0x080014ed   Thumb Code     2  stm32f4xx_hal_can.o(i.HAL_CAN_RxFifo1FullCallback)
    HAL_CAN_RxFifo1MsgPendingCallback        0x080014ef   Thumb Code     2  stm32f4xx_hal_can.o(i.HAL_CAN_RxFifo1MsgPendingCallback)
    HAL_CAN_SleepCallback                    0x080014f1   Thumb Code     2  stm32f4xx_hal_can.o(i.HAL_CAN_SleepCallback)
    HAL_CAN_Start                            0x080014f5   Thumb Code    88  stm32f4xx_hal_can.o(i.HAL_CAN_Start)
    HAL_CAN_TxMailbox0AbortCallback          0x0800154d   Thumb Code     2  stm32f4xx_hal_can.o(i.HAL_CAN_TxMailbox0AbortCallback)
    HAL_CAN_TxMailbox0CompleteCallback       0x0800154f   Thumb Code     2  stm32f4xx_hal_can.o(i.HAL_CAN_TxMailbox0CompleteCallback)
    HAL_CAN_TxMailbox1AbortCallback          0x08001551   Thumb Code     2  stm32f4xx_hal_can.o(i.HAL_CAN_TxMailbox1AbortCallback)
    HAL_CAN_TxMailbox1CompleteCallback       0x08001553   Thumb Code     2  stm32f4xx_hal_can.o(i.HAL_CAN_TxMailbox1CompleteCallback)
    HAL_CAN_TxMailbox2AbortCallback          0x08001555   Thumb Code     2  stm32f4xx_hal_can.o(i.HAL_CAN_TxMailbox2AbortCallback)
    HAL_CAN_TxMailbox2CompleteCallback       0x08001557   Thumb Code     2  stm32f4xx_hal_can.o(i.HAL_CAN_TxMailbox2CompleteCallback)
    HAL_CAN_WakeUpFromRxMsgCallback          0x08001559   Thumb Code     2  stm32f4xx_hal_can.o(i.HAL_CAN_WakeUpFromRxMsgCallback)
    HAL_DMA_Abort                            0x0800155b   Thumb Code   146  stm32f4xx_hal_dma.o(i.HAL_DMA_Abort)
    HAL_DMA_Abort_IT                         0x080015ed   Thumb Code    36  stm32f4xx_hal_dma.o(i.HAL_DMA_Abort_IT)
    HAL_DMA_IRQHandler                       0x08001611   Thumb Code   412  stm32f4xx_hal_dma.o(i.HAL_DMA_IRQHandler)
    HAL_DMA_Init                             0x080017b1   Thumb Code   206  stm32f4xx_hal_dma.o(i.HAL_DMA_Init)
    HAL_DMA_Start_IT                         0x08001885   Thumb Code   110  stm32f4xx_hal_dma.o(i.HAL_DMA_Start_IT)
    HAL_Delay                                0x080018f5   Thumb Code    32  stm32f4xx_hal.o(i.HAL_Delay)
    HAL_GPIO_Init                            0x08001919   Thumb Code   450  stm32f4xx_hal_gpio.o(i.HAL_GPIO_Init)
    HAL_GPIO_TogglePin                       0x08001b09   Thumb Code    16  stm32f4xx_hal_gpio.o(i.HAL_GPIO_TogglePin)
    HAL_GPIO_WritePin                        0x08001b19   Thumb Code    10  stm32f4xx_hal_gpio.o(i.HAL_GPIO_WritePin)
    HAL_GetTick                              0x08001b25   Thumb Code     6  stm32f4xx_hal.o(i.HAL_GetTick)
    HAL_IncTick                              0x08001b31   Thumb Code    12  stm32f4xx_hal.o(i.HAL_IncTick)
    HAL_Init                                 0x08001b41   Thumb Code    48  stm32f4xx_hal.o(i.HAL_Init)
    HAL_InitTick                             0x08001b75   Thumb Code   132  stm32f4xx_hal_timebase_tim.o(i.HAL_InitTick)
    HAL_MspInit                              0x08001c0d   Thumb Code    52  stm32f4xx_hal_msp.o(i.HAL_MspInit)
    HAL_NVIC_EnableIRQ                       0x08001c45   Thumb Code    26  stm32f4xx_hal_cortex.o(i.HAL_NVIC_EnableIRQ)
    HAL_NVIC_SetPriority                     0x08001c61   Thumb Code    60  stm32f4xx_hal_cortex.o(i.HAL_NVIC_SetPriority)
    HAL_NVIC_SetPriorityGrouping             0x08001ca1   Thumb Code    26  stm32f4xx_hal_cortex.o(i.HAL_NVIC_SetPriorityGrouping)
    HAL_RCC_ClockConfig                      0x08001cc5   Thumb Code   288  stm32f4xx_hal_rcc.o(i.HAL_RCC_ClockConfig)
    HAL_RCC_GetClockConfig                   0x08001df9   Thumb Code    54  stm32f4xx_hal_rcc.o(i.HAL_RCC_GetClockConfig)
    HAL_RCC_GetPCLK1Freq                     0x08001e39   Thumb Code    20  stm32f4xx_hal_rcc.o(i.HAL_RCC_GetPCLK1Freq)
    HAL_RCC_GetPCLK2Freq                     0x08001e59   Thumb Code    20  stm32f4xx_hal_rcc.o(i.HAL_RCC_GetPCLK2Freq)
    HAL_RCC_GetSysClockFreq                  0x08001e79   Thumb Code    88  stm32f4xx_hal_rcc.o(i.HAL_RCC_GetSysClockFreq)
    HAL_RCC_OscConfig                        0x08001edd   Thumb Code   856  stm32f4xx_hal_rcc.o(i.HAL_RCC_OscConfig)
    HAL_TIMEx_BreakCallback                  0x08002249   Thumb Code     2  stm32f4xx_hal_tim_ex.o(i.HAL_TIMEx_BreakCallback)
    HAL_TIMEx_CommutCallback                 0x0800224b   Thumb Code     2  stm32f4xx_hal_tim_ex.o(i.HAL_TIMEx_CommutCallback)
    HAL_TIMEx_ConfigBreakDeadTime            0x0800224d   Thumb Code    84  stm32f4xx_hal_tim_ex.o(i.HAL_TIMEx_ConfigBreakDeadTime)
    HAL_TIMEx_MasterConfigSynchronization    0x080022a1   Thumb Code   116  stm32f4xx_hal_tim_ex.o(i.HAL_TIMEx_MasterConfigSynchronization)
    HAL_TIM_Base_Init                        0x08002331   Thumb Code    90  stm32f4xx_hal_tim.o(i.HAL_TIM_Base_Init)
    HAL_TIM_Base_MspInit                     0x0800238b   Thumb Code     2  stm32f4xx_hal_tim.o(i.HAL_TIM_Base_MspInit)
    HAL_TIM_Base_Start_IT                    0x0800238d   Thumb Code   100  stm32f4xx_hal_tim.o(i.HAL_TIM_Base_Start_IT)
    HAL_TIM_IC_CaptureCallback               0x0800240d   Thumb Code     2  stm32f4xx_hal_tim.o(i.HAL_TIM_IC_CaptureCallback)
    HAL_TIM_IRQHandler                       0x0800240f   Thumb Code   358  stm32f4xx_hal_tim.o(i.HAL_TIM_IRQHandler)
    HAL_TIM_MspPostInit                      0x08002575   Thumb Code   110  tim.o(i.HAL_TIM_MspPostInit)
    HAL_TIM_OC_DelayElapsedCallback          0x080025f9   Thumb Code     2  stm32f4xx_hal_tim.o(i.HAL_TIM_OC_DelayElapsedCallback)
    HAL_TIM_PWM_ConfigChannel                0x080025fb   Thumb Code   204  stm32f4xx_hal_tim.o(i.HAL_TIM_PWM_ConfigChannel)
    HAL_TIM_PWM_Init                         0x080026c7   Thumb Code    90  stm32f4xx_hal_tim.o(i.HAL_TIM_PWM_Init)
    HAL_TIM_PWM_MspInit                      0x08002721   Thumb Code   114  tim.o(i.HAL_TIM_PWM_MspInit)
    HAL_TIM_PWM_PulseFinishedCallback        0x080027a9   Thumb Code     8  system_task.o(i.HAL_TIM_PWM_PulseFinishedCallback)
    HAL_TIM_PWM_Start                        0x080027b5   Thumb Code   172  stm32f4xx_hal_tim.o(i.HAL_TIM_PWM_Start)
    HAL_TIM_PWM_Stop_DMA                     0x0800287d   Thumb Code   196  stm32f4xx_hal_tim.o(i.HAL_TIM_PWM_Stop_DMA)
    HAL_TIM_PeriodElapsedCallback            0x08002949   Thumb Code    14  main.o(i.HAL_TIM_PeriodElapsedCallback)
    HAL_TIM_TriggerCallback                  0x0800295d   Thumb Code     2  stm32f4xx_hal_tim.o(i.HAL_TIM_TriggerCallback)
    HAL_UARTEx_RxEventCallback               0x0800295f   Thumb Code     2  stm32f4xx_hal_uart.o(i.HAL_UARTEx_RxEventCallback)
    HAL_UART_DMAStop                         0x08002961   Thumb Code   112  stm32f4xx_hal_uart.o(i.HAL_UART_DMAStop)
    HAL_UART_ErrorCallback                   0x080029d1   Thumb Code     2  stm32f4xx_hal_uart.o(i.HAL_UART_ErrorCallback)
    HAL_UART_IRQHandler                      0x080029d5   Thumb Code   610  stm32f4xx_hal_uart.o(i.HAL_UART_IRQHandler)
    HAL_UART_Init                            0x08002c3d   Thumb Code    98  stm32f4xx_hal_uart.o(i.HAL_UART_Init)
    HAL_UART_MspInit                         0x08002ca1   Thumb Code   706  usart.o(i.HAL_UART_MspInit)
    HAL_UART_Receive_DMA                     0x08002f9d   Thumb Code    42  stm32f4xx_hal_uart.o(i.HAL_UART_Receive_DMA)
    HAL_UART_RxCpltCallback                  0x08002fc7   Thumb Code     2  stm32f4xx_hal_uart.o(i.HAL_UART_RxCpltCallback)
    HAL_UART_RxHalfCpltCallback              0x08002fc9   Thumb Code     2  stm32f4xx_hal_uart.o(i.HAL_UART_RxHalfCpltCallback)
    HAL_UART_TxCpltCallback                  0x08002fcb   Thumb Code     2  stm32f4xx_hal_uart.o(i.HAL_UART_TxCpltCallback)
    HardFault_Handler                        0x08002fcd   Thumb Code     2  stm32f4xx_it.o(i.HardFault_Handler)
    IMU_Check                                0x08002fd1   Thumb Code    22  hi229.o(i.IMU_Check)
    IMU_Data_Report                          0x08002fed   Thumb Code    20  gimbal_task.o(i.IMU_Data_Report)
    IMU_Init                                 0x08003005   Thumb Code    14  hi229.o(i.IMU_Init)
    IMU_PitData_Report                       0x0800301d   Thumb Code    34  gimbal_task.o(i.IMU_PitData_Report)
    IMU_State_Report                         0x08003045   Thumb Code    12  hi229.o(i.IMU_State_Report)
    IMU_TASK                                 0x08003055   Thumb Code    24  freertos.o(i.IMU_TASK)
    IMU_YawData_Report                       0x0800306d   Thumb Code    34  gimbal_task.o(i.IMU_YawData_Report)
    IMU_get                                  0x08003095   Thumb Code    20  hi229.o(i.IMU_get)
    Judge_IMU_Lost                           0x080030ad   Thumb Code    32  hi229.o(i.Judge_IMU_Lost)
    Judge_RC_DataErr                         0x080030d5   Thumb Code    90  remote_control.o(i.Judge_RC_DataErr)
    Judge_RC_Lost                            0x08003135   Thumb Code    32  remote_control.o(i.Judge_RC_Lost)
    KEY_Ctrl_PITCH                           0x0800315d   Thumb Code   140  gimbal_task.o(i.KEY_Ctrl_PITCH)
    KEY_Ctrl_YAW                             0x080031f9   Thumb Code   136  gimbal_task.o(i.KEY_Ctrl_YAW)
    MX_CAN1_Init                             0x08003291   Thumb Code    62  can.o(i.MX_CAN1_Init)
    MX_CAN2_Init                             0x080032d9   Thumb Code    62  can.o(i.MX_CAN2_Init)
    MX_DMA_Init                              0x08003321   Thumb Code   136  dma.o(i.MX_DMA_Init)
    MX_FREERTOS_Init                         0x080033ad   Thumb Code   140  freertos.o(i.MX_FREERTOS_Init)
    MX_GPIO_Init                             0x08003441   Thumb Code   166  gpio.o(i.MX_GPIO_Init)
    MX_TIM1_Init                             0x080034f5   Thumb Code   150  tim.o(i.MX_TIM1_Init)
    MX_TIM3_Init                             0x08003595   Thumb Code   106  tim.o(i.MX_TIM3_Init)
    MX_UART4_Init                            0x08003609   Thumb Code    48  usart.o(i.MX_UART4_Init)
    MX_UART5_Init                            0x08003641   Thumb Code    48  usart.o(i.MX_UART5_Init)
    MX_USART2_UART_Init                      0x08003679   Thumb Code    54  usart.o(i.MX_USART2_UART_Init)
    MX_USART3_UART_Init                      0x080036bd   Thumb Code    48  usart.o(i.MX_USART3_UART_Init)
    MX_USART6_UART_Init                      0x080036f5   Thumb Code    48  usart.o(i.MX_USART6_UART_Init)
    M_2006_Init                              0x0800372d   Thumb Code    12  pid.o(i.M_2006_Init)
    M_2006_ParamInit                         0x0800373d   Thumb Code    36  pid.o(i.M_2006_ParamInit)
    M_3508_ParamInit                         0x08003771   Thumb Code    18  pid.o(i.M_3508_ParamInit)
    MemManage_Handler                        0x0800378d   Thumb Code     2  stm32f4xx_it.o(i.MemManage_Handler)
    Motor_Init                               0x0800378f   Thumb Code    18  pid.o(i.Motor_Init)
    NMI_Handler                              0x080037a1   Thumb Code     2  stm32f4xx_it.o(i.NMI_Handler)
    PID_Position                             0x080038d9   Thumb Code   404  pid.o(i.PID_Position)
    PID_Switch                               0x08003a6d   Thumb Code    32  system_task.o(i.PID_Switch)
    PITCH_Angle_Limit                        0x08003a95   Thumb Code    40  gimbal_task.o(i.PITCH_Angle_Limit)
    Packet_Decode                            0x08003ac5   Thumb Code   232  packet.o(i.Packet_Decode)
    Packet_DecodeInit                        0x08003bb1   Thumb Code    18  packet.o(i.Packet_DecodeInit)
    RC_Check                                 0x08003bc9   Thumb Code    32  remote_control.o(i.RC_Check)
    RC_Ctrl_PITCH                            0x08003bed   Thumb Code    92  gimbal_task.o(i.RC_Ctrl_PITCH)
    RC_Ctrl_YAW                              0x08003c51   Thumb Code    90  gimbal_task.o(i.RC_Ctrl_YAW)
    RC_Init                                  0x08003cb5   Thumb Code    84  drv_usart.o(i.RC_Init)
    RC_State_Report                          0x08003d15   Thumb Code    12  remote_control.o(i.RC_State_Report)
    Remote_Control_Init                      0x08003d25   Thumb Code    12  drv_usart.o(i.Remote_Control_Init)
    SHOOT_TASK                               0x08003d35   Thumb Code    24  freertos.o(i.SHOOT_TASK)
    SYSTEM_STATE_TASK                        0x08003d4d   Thumb Code    24  freertos.o(i.SYSTEM_STATE_TASK)
    Shoot_CanOutPut                          0x08003d65   Thumb Code    54  shoot_task.o(i.Shoot_CanOutPut)
    Shoot_Ctrl_DRIVER                        0x08003da1   Thumb Code    40  shoot_task.o(i.Shoot_Ctrl_DRIVER)
    Shoot_Ctrl_FRIC_L                        0x08003dd5   Thumb Code    26  shoot_task.o(i.Shoot_Ctrl_FRIC_L)
    Shoot_Ctrl_FRIC_R                        0x08003df5   Thumb Code    26  shoot_task.o(i.Shoot_Ctrl_FRIC_R)
    Shoot_DRIVER_CanOutPut                   0x08003e15   Thumb Code    64  shoot_task.o(i.Shoot_DRIVER_CanOutPut)
    Shoot_DRIVER_CanOutPut_0                 0x08003e65   Thumb Code    64  shoot_task.o(i.Shoot_DRIVER_CanOutPut_0)
    Shoot_GET_Info                           0x08003eb5   Thumb Code    22  shoot_task.o(i.Shoot_GET_Info)
    Shoot_GetOutPut                          0x08003ed5   Thumb Code    18  shoot_task.o(i.Shoot_GetOutPut)
    Shoot_InitPID                            0x08003ee9   Thumb Code    26  shoot_task.o(i.Shoot_InitPID)
    Shoot_KEY_Ctrl                           0x08003f0d   Thumb Code    38  shoot_task.o(i.Shoot_KEY_Ctrl)
    Shoot_KEY_F                              0x08003f3d   Thumb Code    78  shoot_task.o(i.Shoot_KEY_F)
    Shoot_KEY_Fire                           0x08003f95   Thumb Code    82  shoot_task.o(i.Shoot_KEY_Fire)
    Shoot_PID_Switch                         0x08003ff9   Thumb Code   182  shoot_task.o(i.Shoot_PID_Switch)
    Shoot_RC_Ctrl                            0x080040bd   Thumb Code    66  shoot_task.o(i.Shoot_RC_Ctrl)
    Shoot_Set_PID_Type                       0x0800410d   Thumb Code    26  shoot_task.o(i.Shoot_Set_PID_Type)
    Shoot_Stop                               0x0800412d   Thumb Code    16  shoot_task.o(i.Shoot_Stop)
    Shoot_Task                               0x08004141   Thumb Code    48  shoot_task.o(i.Shoot_Task)
    StartDefaultTask                         0x08004175   Thumb Code    32  freertos.o(i.StartDefaultTask)
    SysTick_Handler                          0x08004199   Thumb Code    38  port.o(i.SysTick_Handler)
    SystemClock_Config                       0x080041c5   Thumb Code   142  main.o(i.SystemClock_Config)
    SystemInit                               0x0800425d   Thumb Code    12  system_stm32f4xx.o(i.SystemInit)
    System_State                             0x0800426d   Thumb Code    94  system_task.o(i.System_State)
    System_Task                              0x080042d9   Thumb Code    22  system_task.o(i.System_Task)
    TIM8_TRG_COM_TIM14_IRQHandler            0x080042f1   Thumb Code     6  stm32f4xx_it.o(i.TIM8_TRG_COM_TIM14_IRQHandler)
    TIM_Base_SetConfig                       0x080042fd   Thumb Code   156  stm32f4xx_hal_tim.o(i.TIM_Base_SetConfig)
    TIM_CCxChannelCmd                        0x080043c5   Thumb Code    26  stm32f4xx_hal_tim.o(i.TIM_CCxChannelCmd)
    TIM_OC2_SetConfig                        0x08004441   Thumb Code    98  stm32f4xx_hal_tim.o(i.TIM_OC2_SetConfig)
    Time_Init                                0x08004565   Thumb Code    24  system_task.o(i.Time_Init)
    UART4_IRQHandler                         0x08004581   Thumb Code    18  stm32f4xx_it.o(i.UART4_IRQHandler)
    UART5_IRQHandler                         0x08004599   Thumb Code    18  stm32f4xx_it.o(i.UART5_IRQHandler)
    UART_IRQHandler_IT                       0x08004711   Thumb Code   362  drv_usart.o(i.UART_IRQHandler_IT)
    UART_Start_Receive_DMA                   0x08004a6d   Thumb Code   134  stm32f4xx_hal_uart.o(i.UART_Start_Receive_DMA)
    USART2_IRQHandler                        0x08004b01   Thumb Code    18  stm32f4xx_it.o(i.USART2_IRQHandler)
    USART3_IRQHandler                        0x08004b19   Thumb Code     6  stm32f4xx_it.o(i.USART3_IRQHandler)
    USART6_IRQHandler                        0x08004b25   Thumb Code    18  stm32f4xx_it.o(i.USART6_IRQHandler)
    USART_Init                               0x08004b3d   Thumb Code    60  drv_usart.o(i.USART_Init)
    UsageFault_Handler                       0x08004b89   Thumb Code     2  stm32f4xx_it.o(i.UsageFault_Handler)
    VISUAL_TASK                              0x08004b8d   Thumb Code    20  freertos.o(i.VISUAL_TASK)
    Vision_read_data                         0x08004ba1   Thumb Code   188  vision_task.o(i.Vision_read_data)
    YAW_Angle_Over_Zero                      0x08004c65   Thumb Code    66  gimbal_task.o(i.YAW_Angle_Over_Zero)
    anti_constrain                           0x08004cd9   Thumb Code    26  pid.o(i.anti_constrain)
    get_eular                                0x08004d29   Thumb Code    12  hi229.o(i.get_eular)
    get_raw_gyo                              0x08004d39   Thumb Code    16  hi229.o(i.get_raw_gyo)
    get_total_angle                          0x08004d4d   Thumb Code   146  can_receive.o(i.get_total_angle)
    main                                     0x08004df1   Thumb Code    82  main.o(i.main)
    micros                                   0x08004e55   Thumb Code    68  system_task.o(i.micros)
    osDelay                                  0x08004e99   Thumb Code    14  cmsis_os.o(i.osDelay)
    osKernelStart                            0x08004ea7   Thumb Code    10  cmsis_os.o(i.osKernelStart)
    osThreadCreate                           0x08004eb1   Thumb Code    84  cmsis_os.o(i.osThreadCreate)
    pvPortMalloc                             0x08005251   Thumb Code   216  heap_4.o(i.pvPortMalloc)
    pxPortInitialiseStack                    0x0800532d   Thumb Code    40  port.o(i.pxPortInitialiseStack)
    sbus_to_rc                               0x08005359   Thumb Code   258  remote_control.o(i.sbus_to_rc)
    uxListRemove                             0x0800545b   Thumb Code    38  list.o(i.uxListRemove)
    vApplicationGetIdleTaskMemory            0x08005481   Thumb Code    16  freertos.o(i.vApplicationGetIdleTaskMemory)
    vListInitialise                          0x08005495   Thumb Code    22  list.o(i.vListInitialise)
    vListInitialiseItem                      0x080054ab   Thumb Code     6  list.o(i.vListInitialiseItem)
    vListInsert                              0x080054b1   Thumb Code    48  list.o(i.vListInsert)
    vListInsertEnd                           0x080054e1   Thumb Code    24  list.o(i.vListInsertEnd)
    vPortEnterCritical                       0x080054f9   Thumb Code    54  port.o(i.vPortEnterCritical)
    vPortExitCritical                        0x08005539   Thumb Code    34  port.o(i.vPortExitCritical)
    vPortFree                                0x08005561   Thumb Code    94  heap_4.o(i.vPortFree)
    vPortSetupTimerInterrupt                 0x080055c5   Thumb Code    32  port.o(i.vPortSetupTimerInterrupt)
    vTaskDelay                               0x080055e9   Thumb Code    66  tasks.o(i.vTaskDelay)
    vTaskDelayUntil                          0x08005635   Thumb Code   132  tasks.o(i.vTaskDelayUntil)
    vTaskStartScheduler                      0x080056c1   Thumb Code    90  tasks.o(i.vTaskStartScheduler)
    vTaskSuspendAll                          0x0800572d   Thumb Code    10  tasks.o(i.vTaskSuspendAll)
    vTaskSwitchContext                       0x0800573d   Thumb Code    82  tasks.o(i.vTaskSwitchContext)
    xPortStartScheduler                      0x08005799   Thumb Code   222  port.o(i.xPortStartScheduler)
    xTaskCreate                              0x0800588d   Thumb Code    90  tasks.o(i.xTaskCreate)
    xTaskCreateStatic                        0x080058e7   Thumb Code    86  tasks.o(i.xTaskCreateStatic)
    xTaskGetTickCount                        0x0800593d   Thumb Code     6  tasks.o(i.xTaskGetTickCount)
    xTaskIncrementTick                       0x08005949   Thumb Code   194  tasks.o(i.xTaskIncrementTick)
    xTaskResumeAll                           0x08005a15   Thumb Code   182  tasks.o(i.xTaskResumeAll)
    _fp_init                                 0x08005ad9   Thumb Code    10  fpinit.o(x$fpl$fpinit)
    __fplib_config_fpu_vfp                   0x08005ae1   Thumb Code     0  fpinit.o(x$fpl$fpinit)
    __fplib_config_pureend_doubles           0x08005ae1   Thumb Code     0  fpinit.o(x$fpl$fpinit)
    AHBPrescTable                            0x08005b94   Data          16  system_stm32f4xx.o(.constdata)
    APBPrescTable                            0x08005ba4   Data           8  system_stm32f4xx.o(.constdata)
    Region$$Table$$Base                      0x08005bf8   Number         0  anon$$obj.o(Region$$Table)
    Region$$Table$$Limit                     0x08005c18   Number         0  anon$$obj.o(Region$$Table)
    defaultTaskHandle                        0x20000000   Data           4  freertos.o(.data)
    system_state_taHandle                    0x20000004   Data           4  freertos.o(.data)
    gimbal_taskHandle                        0x20000008   Data           4  freertos.o(.data)
    imu_taskHandle                           0x2000000c   Data           4  freertos.o(.data)
    shoot_taskHandle                         0x20000010   Data           4  freertos.o(.data)
    visual_taskHandle                        0x20000014   Data           4  freertos.o(.data)
    DIY_Bing                                 0x20000066   Data           4  drv_usart.o(.data)
    i                                        0x20000070   Data           1  system_task.o(.data)
    x                                        0x20000071   Data           1  system_task.o(.data)
    y                                        0x20000072   Data           1  system_task.o(.data)
    z                                        0x20000073   Data           1  system_task.o(.data)
    xy123                                    0x20000074   Data           2  system_task.o(.data)
    System                                   0x20000076   Data           4  system_task.o(.data)
    Remote_time                              0x20000080   Data           8  system_task.o(.data)
    Imu_time                                 0x20000088   Data           8  system_task.o(.data)
    Gimbal                                   0x200000a4   Data         456  gimbal_task.o(.data)
    Shoot_pid_out                            0x2000026e   Data           2  shoot_task.o(.data)
    Shoot                                    0x20000280   Data         608  shoot_task.o(.data)
    t                                        0x200004e0   Data           4  vision_task.o(.data)
    Vision                                   0x200004e4   Data          56  vision_task.o(.data)
    PID_Speed_Param                          0x2000051c   Data         240  pid.o(.data)
    PID_Angle_Param                          0x2000060c   Data         240  pid.o(.data)
    uwTickFreq                               0x200006fc   Data           1  stm32f4xx_hal.o(.data)
    uwTickPrio                               0x20000700   Data           4  stm32f4xx_hal.o(.data)
    uwTick                                   0x20000704   Data           4  stm32f4xx_hal.o(.data)
    pxCurrentTCB                             0x20000708   Data           4  tasks.o(.data)
    SystemCoreClock                          0x20000770   Data           4  system_stm32f4xx.o(.data)
    hcan1                                    0x200009c8   Data          40  can.o(.bss)
    hcan2                                    0x200009f0   Data          40  can.o(.bss)
    htim1                                    0x20000a18   Data          72  tim.o(.bss)
    htim3                                    0x20000a60   Data          72  tim.o(.bss)
    hdma_tim1_ch1                            0x20000aa8   Data          96  tim.o(.bss)
    huart4                                   0x20000b08   Data          68  usart.o(.bss)
    huart5                                   0x20000b4c   Data          68  usart.o(.bss)
    huart2                                   0x20000b90   Data          68  usart.o(.bss)
    huart3                                   0x20000bd4   Data          68  usart.o(.bss)
    huart6                                   0x20000c18   Data          68  usart.o(.bss)
    hdma_uart4_rx                            0x20000c5c   Data          96  usart.o(.bss)
    hdma_uart5_rx                            0x20000cbc   Data          96  usart.o(.bss)
    hdma_usart2_rx                           0x20000d1c   Data          96  usart.o(.bss)
    hdma_usart3_rx                           0x20000d7c   Data          96  usart.o(.bss)
    hdma_usart6_rx                           0x20000ddc   Data          96  usart.o(.bss)
    htim14                                   0x20000e3c   Data          72  stm32f4xx_hal_timebase_tim.o(.bss)
    Relative_Angle                           0x20000ecc   Data          16  can_receive.o(.bss)
    IMU_Get_Data                             0x20000f84   Data          20  hi229.o(.bss)
    RC_Ctrl                                  0x20000f98   Data          22  remote_control.o(.bss)
    Dbus_Buffer                              0x20000fae   Data          72  drv_usart.o(.bss)
    Visual_Buffer                            0x20000ff6   Data          13  drv_usart.o(.bss)
    IMU_Buffer                               0x20001003   Data         128  drv_usart.o(.bss)
    __libspace_start                         0x20004d74   Data          96  libspace.o(.bss)
    __temporary_stack_top$libspace           0x20004dd4   Data           0  libspace.o(.bss)



==============================================================================

Memory Map of the image

  Image Entry point : 0x08000189

  Load Region LR_IROM1 (Base: 0x08000000, Size: 0x0000638c, Max: 0x00100000, ABSOLUTE, COMPRESSED[0x00005c90])

    Execution Region ER_IROM1 (Exec base: 0x08000000, Load base: 0x08000000, Size: 0x00005c18, Max: 0x00100000, ABSOLUTE)

    Exec Addr    Load Addr    Size         Type   Attr      Idx    E Section Name        Object

    0x08000000   0x08000000   0x00000188   Data   RO         2035    RESET               startup_stm32f405xx.o
    0x08000188   0x08000188   0x00000008   Code   RO         6130  * !!!main             c_w.l(__main.o)
    0x08000190   0x08000190   0x00000034   Code   RO         6470    !!!scatter          c_w.l(__scatter.o)
    0x080001c4   0x080001c4   0x0000005a   Code   RO         6468    !!dczerorl2         c_w.l(__dczerorl2.o)
    0x0800021e   0x0800021e   0x00000002   PAD
    0x08000220   0x08000220   0x0000001c   Code   RO         6472    !!handler_zi        c_w.l(__scatter_zi.o)
    0x0800023c   0x0800023c   0x00000002   Code   RO         6339    .ARM.Collect$$libinit$$00000000  c_w.l(libinit.o)
    0x0800023e   0x0800023e   0x00000004   Code   RO         6348    .ARM.Collect$$libinit$$00000001  c_w.l(libinit2.o)
    0x08000242   0x08000242   0x00000000   Code   RO         6351    .ARM.Collect$$libinit$$00000004  c_w.l(libinit2.o)
    0x08000242   0x08000242   0x00000000   Code   RO         6354    .ARM.Collect$$libinit$$0000000A  c_w.l(libinit2.o)
    0x08000242   0x08000242   0x00000000   Code   RO         6356    .ARM.Collect$$libinit$$0000000C  c_w.l(libinit2.o)
    0x08000242   0x08000242   0x00000000   Code   RO         6358    .ARM.Collect$$libinit$$0000000E  c_w.l(libinit2.o)
    0x08000242   0x08000242   0x00000000   Code   RO         6361    .ARM.Collect$$libinit$$00000011  c_w.l(libinit2.o)
    0x08000242   0x08000242   0x00000000   Code   RO         6363    .ARM.Collect$$libinit$$00000013  c_w.l(libinit2.o)
    0x08000242   0x08000242   0x00000000   Code   RO         6365    .ARM.Collect$$libinit$$00000015  c_w.l(libinit2.o)
    0x08000242   0x08000242   0x00000000   Code   RO         6367    .ARM.Collect$$libinit$$00000017  c_w.l(libinit2.o)
    0x08000242   0x08000242   0x00000000   Code   RO         6369    .ARM.Collect$$libinit$$00000019  c_w.l(libinit2.o)
    0x08000242   0x08000242   0x00000000   Code   RO         6371    .ARM.Collect$$libinit$$0000001B  c_w.l(libinit2.o)
    0x08000242   0x08000242   0x00000000   Code   RO         6373    .ARM.Collect$$libinit$$0000001D  c_w.l(libinit2.o)
    0x08000242   0x08000242   0x00000000   Code   RO         6375    .ARM.Collect$$libinit$$0000001F  c_w.l(libinit2.o)
    0x08000242   0x08000242   0x00000000   Code   RO         6377    .ARM.Collect$$libinit$$00000021  c_w.l(libinit2.o)
    0x08000242   0x08000242   0x00000000   Code   RO         6379    .ARM.Collect$$libinit$$00000023  c_w.l(libinit2.o)
    0x08000242   0x08000242   0x00000000   Code   RO         6381    .ARM.Collect$$libinit$$00000025  c_w.l(libinit2.o)
    0x08000242   0x08000242   0x00000000   Code   RO         6385    .ARM.Collect$$libinit$$0000002C  c_w.l(libinit2.o)
    0x08000242   0x08000242   0x00000000   Code   RO         6387    .ARM.Collect$$libinit$$0000002E  c_w.l(libinit2.o)
    0x08000242   0x08000242   0x00000000   Code   RO         6389    .ARM.Collect$$libinit$$00000030  c_w.l(libinit2.o)
    0x08000242   0x08000242   0x00000000   Code   RO         6391    .ARM.Collect$$libinit$$00000032  c_w.l(libinit2.o)
    0x08000242   0x08000242   0x00000002   Code   RO         6392    .ARM.Collect$$libinit$$00000033  c_w.l(libinit2.o)
    0x08000244   0x08000244   0x00000002   Code   RO         6423    .ARM.Collect$$libshutdown$$00000000  c_w.l(libshutdown.o)
    0x08000246   0x08000246   0x00000000   Code   RO         6449    .ARM.Collect$$libshutdown$$00000002  c_w.l(libshutdown2.o)
    0x08000246   0x08000246   0x00000000   Code   RO         6451    .ARM.Collect$$libshutdown$$00000004  c_w.l(libshutdown2.o)
    0x08000246   0x08000246   0x00000000   Code   RO         6453    .ARM.Collect$$libshutdown$$00000006  c_w.l(libshutdown2.o)
    0x08000246   0x08000246   0x00000000   Code   RO         6456    .ARM.Collect$$libshutdown$$00000009  c_w.l(libshutdown2.o)
    0x08000246   0x08000246   0x00000000   Code   RO         6459    .ARM.Collect$$libshutdown$$0000000C  c_w.l(libshutdown2.o)
    0x08000246   0x08000246   0x00000000   Code   RO         6461    .ARM.Collect$$libshutdown$$0000000E  c_w.l(libshutdown2.o)
    0x08000246   0x08000246   0x00000000   Code   RO         6464    .ARM.Collect$$libshutdown$$00000011  c_w.l(libshutdown2.o)
    0x08000246   0x08000246   0x00000002   Code   RO         6465    .ARM.Collect$$libshutdown$$00000012  c_w.l(libshutdown2.o)
    0x08000248   0x08000248   0x00000000   Code   RO         6216    .ARM.Collect$$rtentry$$00000000  c_w.l(__rtentry.o)
    0x08000248   0x08000248   0x00000000   Code   RO         6300    .ARM.Collect$$rtentry$$00000002  c_w.l(__rtentry2.o)
    0x08000248   0x08000248   0x00000006   Code   RO         6312    .ARM.Collect$$rtentry$$00000004  c_w.l(__rtentry4.o)
    0x0800024e   0x0800024e   0x00000000   Code   RO         6302    .ARM.Collect$$rtentry$$00000009  c_w.l(__rtentry2.o)
    0x0800024e   0x0800024e   0x00000004   Code   RO         6303    .ARM.Collect$$rtentry$$0000000A  c_w.l(__rtentry2.o)
    0x08000252   0x08000252   0x00000000   Code   RO         6305    .ARM.Collect$$rtentry$$0000000C  c_w.l(__rtentry2.o)
    0x08000252   0x08000252   0x00000008   Code   RO         6306    .ARM.Collect$$rtentry$$0000000D  c_w.l(__rtentry2.o)
    0x0800025a   0x0800025a   0x00000002   Code   RO         6340    .ARM.Collect$$rtexit$$00000000  c_w.l(rtexit.o)
    0x0800025c   0x0800025c   0x00000000   Code   RO         6396    .ARM.Collect$$rtexit$$00000002  c_w.l(rtexit2.o)
    0x0800025c   0x0800025c   0x00000004   Code   RO         6397    .ARM.Collect$$rtexit$$00000003  c_w.l(rtexit2.o)
    0x08000260   0x08000260   0x00000006   Code   RO         6398    .ARM.Collect$$rtexit$$00000004  c_w.l(rtexit2.o)
    0x08000266   0x08000266   0x00000002   PAD
    0x08000268   0x08000268   0x000000be   Code   RO         5999    .emb_text           port.o
    0x08000326   0x08000326   0x00000002   PAD
    0x08000328   0x08000328   0x00000040   Code   RO         2036    .text               startup_stm32f405xx.o
    0x08000368   0x08000368   0x000000ee   Code   RO         6116    .text               c_w.l(lludivv7m.o)
    0x08000456   0x08000456   0x0000008a   Code   RO         6118    .text               c_w.l(rt_memcpy_v6.o)
    0x080004e0   0x080004e0   0x00000064   Code   RO         6120    .text               c_w.l(rt_memcpy_w.o)
    0x08000544   0x08000544   0x00000044   Code   RO         6124    .text               c_w.l(rt_memclr.o)
    0x08000588   0x08000588   0x0000004e   Code   RO         6126    .text               c_w.l(rt_memclr_w.o)
    0x080005d6   0x080005d6   0x00000006   Code   RO         6128    .text               c_w.l(heapauxi.o)
    0x080005dc   0x080005dc   0x00000008   Code   RO         6323    .text               c_w.l(libspace.o)
    0x080005e4   0x080005e4   0x0000004a   Code   RO         6326    .text               c_w.l(sys_stackheap_outer.o)
    0x0800062e   0x0800062e   0x00000012   Code   RO         6328    .text               c_w.l(exit.o)
    0x08000640   0x08000640   0x0000000c   Code   RO         6393    .text               c_w.l(sys_exit.o)
    0x0800064c   0x0800064c   0x00000002   Code   RO         6412    .text               c_w.l(use_no_semi.o)
    0x0800064e   0x0800064e   0x00000000   Code   RO         6414    .text               c_w.l(indicate_semi.o)
    0x0800064e   0x0800064e   0x00000002   Code   RO          675    i.BusFault_Handler  stm32f4xx_it.o
    0x08000650   0x08000650   0x0000002c   Code   RO         1278    i.CAN1_Init         drv_can.o
    0x0800067c   0x0800067c   0x0000000c   Code   RO          676    i.CAN1_RX0_IRQHandler  stm32f4xx_it.o
    0x08000688   0x08000688   0x0000002c   Code   RO         1279    i.CAN2_Init         drv_can.o
    0x080006b4   0x080006b4   0x0000000c   Code   RO          677    i.CAN2_RX0_IRQHandler  stm32f4xx_it.o
    0x080006c0   0x080006c0   0x00000018   Code   RO          883    i.CAN_Date_Decode   can_receive.o
    0x080006d8   0x080006d8   0x00000034   Code   RO         1280    i.CAN_Filter_Init   drv_can.o
    0x0800070c   0x0800070c   0x0000006c   Code   RO          884    i.CAN_cmd_RC1       can_receive.o
    0x08000778   0x08000778   0x00000064   Code   RO          885    i.CAN_cmd_RC2       can_receive.o
    0x080007dc   0x080007dc   0x0000003c   Code   RO          886    i.CAN_cmd_gimbal_pitch  can_receive.o
    0x08000818   0x08000818   0x0000005c   Code   RO          887    i.CAN_cmd_gimbal_yaw  can_receive.o
    0x08000874   0x08000874   0x00000060   Code   RO          888    i.CAN_cmd_shoot     can_receive.o
    0x080008d4   0x080008d4   0x0000000c   Code   RO          678    i.DMA1_Stream0_IRQHandler  stm32f4xx_it.o
    0x080008e0   0x080008e0   0x0000000c   Code   RO          679    i.DMA1_Stream1_IRQHandler  stm32f4xx_it.o
    0x080008ec   0x080008ec   0x0000000c   Code   RO          680    i.DMA1_Stream2_IRQHandler  stm32f4xx_it.o
    0x080008f8   0x080008f8   0x0000000c   Code   RO          681    i.DMA1_Stream5_IRQHandler  stm32f4xx_it.o
    0x08000904   0x08000904   0x0000000c   Code   RO          682    i.DMA2_Stream1_IRQHandler  stm32f4xx_it.o
    0x08000910   0x08000910   0x0000000c   Code   RO          683    i.DMA2_Stream2_IRQHandler  stm32f4xx_it.o
    0x0800091c   0x0800091c   0x00000028   Code   RO         2736    i.DMA_CalcBaseAndBitshift  stm32f4xx_hal_dma.o
    0x08000944   0x08000944   0x00000054   Code   RO         2737    i.DMA_CheckFifoParam  stm32f4xx_hal_dma.o
    0x08000998   0x08000998   0x00000028   Code   RO         2738    i.DMA_SetConfig     stm32f4xx_hal_dma.o
    0x080009c0   0x080009c0   0x00000002   Code   RO          684    i.DebugMon_Handler  stm32f4xx_it.o
    0x080009c2   0x080009c2   0x00000012   Code   RO         1245    i.Driver_Init       driver.o
    0x080009d4   0x080009d4   0x00000004   Code   RO            4    i.Error_Handler     main.o
    0x080009d8   0x080009d8   0x00000024   Code   RO         1916    i.Fric_3508_Init    pid.o
    0x080009fc   0x080009fc   0x00000018   Code   RO          396    i.GIMBAL_TASK       freertos.o
    0x08000a14   0x08000a14   0x00000070   Code   RO         1917    i.GIM_PitParamInit  pid.o
    0x08000a84   0x08000a84   0x00000070   Code   RO         1918    i.GIM_YawParamInit  pid.o
    0x08000af4   0x08000af4   0x00000024   Code   RO         1919    i.GM_6020_Init      pid.o
    0x08000b18   0x08000b18   0x0000004c   Code   RO         1458    i.Gimbal_CanOutPut  gimbal_task.o
    0x08000b64   0x08000b64   0x00000028   Code   RO         1461    i.Gimbal_GET_Info   gimbal_task.o
    0x08000b8c   0x08000b8c   0x0000002a   Code   RO         1462    i.Gimbal_GetOutPut  gimbal_task.o
    0x08000bb6   0x08000bb6   0x00000002   PAD
    0x08000bb8   0x08000bb8   0x00000018   Code   RO         1464    i.Gimbal_InitPID    gimbal_task.o
    0x08000bd0   0x08000bd0   0x0000001c   Code   RO         1465    i.Gimbal_KRY_Ctrl   gimbal_task.o
    0x08000bec   0x08000bec   0x000000bc   Code   RO         1466    i.Gimbal_PID_Switch  gimbal_task.o
    0x08000ca8   0x08000ca8   0x0000001c   Code   RO         1467    i.Gimbal_RC_Ctrl    gimbal_task.o
    0x08000cc4   0x08000cc4   0x00000018   Code   RO         1468    i.Gimbal_Set_PID_type  gimbal_task.o
    0x08000cdc   0x08000cdc   0x00000020   Code   RO         1469    i.Gimbal_Stop       gimbal_task.o
    0x08000cfc   0x08000cfc   0x00000048   Code   RO         1470    i.Gimbal_Task       gimbal_task.o
    0x08000d44   0x08000d44   0x00000024   Code   RO         2044    i.HAL_CAN_ActivateNotification  stm32f4xx_hal_can.o
    0x08000d68   0x08000d68   0x000000dc   Code   RO         2045    i.HAL_CAN_AddTxMessage  stm32f4xx_hal_can.o
    0x08000e44   0x08000e44   0x0000010c   Code   RO         2046    i.HAL_CAN_ConfigFilter  stm32f4xx_hal_can.o
    0x08000f50   0x08000f50   0x00000002   Code   RO         2049    i.HAL_CAN_ErrorCallback  stm32f4xx_hal_can.o
    0x08000f52   0x08000f52   0x000000e8   Code   RO         2052    i.HAL_CAN_GetRxMessage  stm32f4xx_hal_can.o
    0x0800103a   0x0800103a   0x000001fc   Code   RO         2056    i.HAL_CAN_IRQHandler  stm32f4xx_hal_can.o
    0x08001236   0x08001236   0x0000011a   Code   RO         2057    i.HAL_CAN_Init      stm32f4xx_hal_can.o
    0x08001350   0x08001350   0x00000100   Code   RO          480    i.HAL_CAN_MspInit   can.o
    0x08001450   0x08001450   0x00000002   Code   RO         2064    i.HAL_CAN_RxFifo0FullCallback  stm32f4xx_hal_can.o
    0x08001452   0x08001452   0x00000002   PAD
    0x08001454   0x08001454   0x00000098   Code   RO          889    i.HAL_CAN_RxFifo0MsgPendingCallback  can_receive.o
    0x080014ec   0x080014ec   0x00000002   Code   RO         2066    i.HAL_CAN_RxFifo1FullCallback  stm32f4xx_hal_can.o
    0x080014ee   0x080014ee   0x00000002   Code   RO         2067    i.HAL_CAN_RxFifo1MsgPendingCallback  stm32f4xx_hal_can.o
    0x080014f0   0x080014f0   0x00000002   Code   RO         2068    i.HAL_CAN_SleepCallback  stm32f4xx_hal_can.o
    0x080014f2   0x080014f2   0x00000002   PAD
    0x080014f4   0x080014f4   0x00000058   Code   RO         2069    i.HAL_CAN_Start     stm32f4xx_hal_can.o
    0x0800154c   0x0800154c   0x00000002   Code   RO         2071    i.HAL_CAN_TxMailbox0AbortCallback  stm32f4xx_hal_can.o
    0x0800154e   0x0800154e   0x00000002   Code   RO         2072    i.HAL_CAN_TxMailbox0CompleteCallback  stm32f4xx_hal_can.o
    0x08001550   0x08001550   0x00000002   Code   RO         2073    i.HAL_CAN_TxMailbox1AbortCallback  stm32f4xx_hal_can.o
    0x08001552   0x08001552   0x00000002   Code   RO         2074    i.HAL_CAN_TxMailbox1CompleteCallback  stm32f4xx_hal_can.o
    0x08001554   0x08001554   0x00000002   Code   RO         2075    i.HAL_CAN_TxMailbox2AbortCallback  stm32f4xx_hal_can.o
    0x08001556   0x08001556   0x00000002   Code   RO         2076    i.HAL_CAN_TxMailbox2CompleteCallback  stm32f4xx_hal_can.o
    0x08001558   0x08001558   0x00000002   Code   RO         2078    i.HAL_CAN_WakeUpFromRxMsgCallback  stm32f4xx_hal_can.o
    0x0800155a   0x0800155a   0x00000092   Code   RO         2739    i.HAL_DMA_Abort     stm32f4xx_hal_dma.o
    0x080015ec   0x080015ec   0x00000024   Code   RO         2740    i.HAL_DMA_Abort_IT  stm32f4xx_hal_dma.o
    0x08001610   0x08001610   0x000001a0   Code   RO         2744    i.HAL_DMA_IRQHandler  stm32f4xx_hal_dma.o
    0x080017b0   0x080017b0   0x000000d4   Code   RO         2745    i.HAL_DMA_Init      stm32f4xx_hal_dma.o
    0x08001884   0x08001884   0x0000006e   Code   RO         2749    i.HAL_DMA_Start_IT  stm32f4xx_hal_dma.o
    0x080018f2   0x080018f2   0x00000002   PAD
    0x080018f4   0x080018f4   0x00000024   Code   RO         3158    i.HAL_Delay         stm32f4xx_hal.o
    0x08001918   0x08001918   0x000001f0   Code   RO         2632    i.HAL_GPIO_Init     stm32f4xx_hal_gpio.o
    0x08001b08   0x08001b08   0x00000010   Code   RO         2635    i.HAL_GPIO_TogglePin  stm32f4xx_hal_gpio.o
    0x08001b18   0x08001b18   0x0000000a   Code   RO         2636    i.HAL_GPIO_WritePin  stm32f4xx_hal_gpio.o
    0x08001b22   0x08001b22   0x00000002   PAD
    0x08001b24   0x08001b24   0x0000000c   Code   RO         3164    i.HAL_GetTick       stm32f4xx_hal.o
    0x08001b30   0x08001b30   0x00000010   Code   RO         3170    i.HAL_IncTick       stm32f4xx_hal.o
    0x08001b40   0x08001b40   0x00000034   Code   RO         3171    i.HAL_Init          stm32f4xx_hal.o
    0x08001b74   0x08001b74   0x00000098   Code   RO          844    i.HAL_InitTick      stm32f4xx_hal_timebase_tim.o
    0x08001c0c   0x08001c0c   0x00000038   Code   RO          820    i.HAL_MspInit       stm32f4xx_hal_msp.o
    0x08001c44   0x08001c44   0x0000001a   Code   RO         3021    i.HAL_NVIC_EnableIRQ  stm32f4xx_hal_cortex.o
    0x08001c5e   0x08001c5e   0x00000002   PAD
    0x08001c60   0x08001c60   0x00000040   Code   RO         3027    i.HAL_NVIC_SetPriority  stm32f4xx_hal_cortex.o
    0x08001ca0   0x08001ca0   0x00000024   Code   RO         3028    i.HAL_NVIC_SetPriorityGrouping  stm32f4xx_hal_cortex.o
    0x08001cc4   0x08001cc4   0x00000134   Code   RO         2278    i.HAL_RCC_ClockConfig  stm32f4xx_hal_rcc.o
    0x08001df8   0x08001df8   0x00000040   Code   RO         2282    i.HAL_RCC_GetClockConfig  stm32f4xx_hal_rcc.o
    0x08001e38   0x08001e38   0x00000020   Code   RO         2285    i.HAL_RCC_GetPCLK1Freq  stm32f4xx_hal_rcc.o
    0x08001e58   0x08001e58   0x00000020   Code   RO         2286    i.HAL_RCC_GetPCLK2Freq  stm32f4xx_hal_rcc.o
    0x08001e78   0x08001e78   0x00000064   Code   RO         2287    i.HAL_RCC_GetSysClockFreq  stm32f4xx_hal_rcc.o
    0x08001edc   0x08001edc   0x0000036c   Code   RO         2290    i.HAL_RCC_OscConfig  stm32f4xx_hal_rcc.o
    0x08002248   0x08002248   0x00000002   Code   RO         4115    i.HAL_TIMEx_BreakCallback  stm32f4xx_hal_tim_ex.o
    0x0800224a   0x0800224a   0x00000002   Code   RO         4116    i.HAL_TIMEx_CommutCallback  stm32f4xx_hal_tim_ex.o
    0x0800224c   0x0800224c   0x00000054   Code   RO         4118    i.HAL_TIMEx_ConfigBreakDeadTime  stm32f4xx_hal_tim_ex.o
    0x080022a0   0x080022a0   0x00000090   Code   RO         4134    i.HAL_TIMEx_MasterConfigSynchronization  stm32f4xx_hal_tim_ex.o
    0x08002330   0x08002330   0x0000005a   Code   RO         3411    i.HAL_TIM_Base_Init  stm32f4xx_hal_tim.o
    0x0800238a   0x0800238a   0x00000002   Code   RO         3413    i.HAL_TIM_Base_MspInit  stm32f4xx_hal_tim.o
    0x0800238c   0x0800238c   0x00000080   Code   RO         3416    i.HAL_TIM_Base_Start_IT  stm32f4xx_hal_tim.o
    0x0800240c   0x0800240c   0x00000002   Code   RO         3445    i.HAL_TIM_IC_CaptureCallback  stm32f4xx_hal_tim.o
    0x0800240e   0x0800240e   0x00000166   Code   RO         3459    i.HAL_TIM_IRQHandler  stm32f4xx_hal_tim.o
    0x08002574   0x08002574   0x00000084   Code   RO          555    i.HAL_TIM_MspPostInit  tim.o
    0x080025f8   0x080025f8   0x00000002   Code   RO         3462    i.HAL_TIM_OC_DelayElapsedCallback  stm32f4xx_hal_tim.o
    0x080025fa   0x080025fa   0x000000cc   Code   RO         3483    i.HAL_TIM_PWM_ConfigChannel  stm32f4xx_hal_tim.o
    0x080026c6   0x080026c6   0x0000005a   Code   RO         3486    i.HAL_TIM_PWM_Init  stm32f4xx_hal_tim.o
    0x08002720   0x08002720   0x00000088   Code   RO          557    i.HAL_TIM_PWM_MspInit  tim.o
    0x080027a8   0x080027a8   0x0000000c   Code   RO         1364    i.HAL_TIM_PWM_PulseFinishedCallback  system_task.o
    0x080027b4   0x080027b4   0x000000c8   Code   RO         3491    i.HAL_TIM_PWM_Start  stm32f4xx_hal_tim.o
    0x0800287c   0x0800287c   0x000000cc   Code   RO         3495    i.HAL_TIM_PWM_Stop_DMA  stm32f4xx_hal_tim.o
    0x08002948   0x08002948   0x00000014   Code   RO            5    i.HAL_TIM_PeriodElapsedCallback  main.o
    0x0800295c   0x0800295c   0x00000002   Code   RO         3502    i.HAL_TIM_TriggerCallback  stm32f4xx_hal_tim.o
    0x0800295e   0x0800295e   0x00000002   Code   RO         4393    i.HAL_UARTEx_RxEventCallback  stm32f4xx_hal_uart.o
    0x08002960   0x08002960   0x00000070   Code   RO         4405    i.HAL_UART_DMAStop  stm32f4xx_hal_uart.o
    0x080029d0   0x080029d0   0x00000002   Code   RO         4407    i.HAL_UART_ErrorCallback  stm32f4xx_hal_uart.o
    0x080029d2   0x080029d2   0x00000002   PAD
    0x080029d4   0x080029d4   0x00000268   Code   RO         4410    i.HAL_UART_IRQHandler  stm32f4xx_hal_uart.o
    0x08002c3c   0x08002c3c   0x00000062   Code   RO         4411    i.HAL_UART_Init     stm32f4xx_hal_uart.o
    0x08002c9e   0x08002c9e   0x00000002   PAD
    0x08002ca0   0x08002ca0   0x000002fc   Code   RO          610    i.HAL_UART_MspInit  usart.o
    0x08002f9c   0x08002f9c   0x0000002a   Code   RO         4415    i.HAL_UART_Receive_DMA  stm32f4xx_hal_uart.o
    0x08002fc6   0x08002fc6   0x00000002   Code   RO         4417    i.HAL_UART_RxCpltCallback  stm32f4xx_hal_uart.o
    0x08002fc8   0x08002fc8   0x00000002   Code   RO         4418    i.HAL_UART_RxHalfCpltCallback  stm32f4xx_hal_uart.o
    0x08002fca   0x08002fca   0x00000002   Code   RO         4422    i.HAL_UART_TxCpltCallback  stm32f4xx_hal_uart.o
    0x08002fcc   0x08002fcc   0x00000002   Code   RO          685    i.HardFault_Handler  stm32f4xx_it.o
    0x08002fce   0x08002fce   0x00000002   PAD
    0x08002fd0   0x08002fd0   0x0000001c   Code   RO          999    i.IMU_Check         hi229.o
    0x08002fec   0x08002fec   0x00000018   Code   RO         1471    i.IMU_Data_Report   gimbal_task.o
    0x08003004   0x08003004   0x00000018   Code   RO         1000    i.IMU_Init          hi229.o
    0x0800301c   0x0800301c   0x00000028   Code   RO         1472    i.IMU_PitData_Report  gimbal_task.o
    0x08003044   0x08003044   0x00000010   Code   RO         1001    i.IMU_State_Report  hi229.o
    0x08003054   0x08003054   0x00000018   Code   RO          397    i.IMU_TASK          freertos.o
    0x0800306c   0x0800306c   0x00000028   Code   RO         1473    i.IMU_YawData_Report  gimbal_task.o
    0x08003094   0x08003094   0x00000018   Code   RO         1002    i.IMU_get           hi229.o
    0x080030ac   0x080030ac   0x00000028   Code   RO         1003    i.Judge_IMU_Lost    hi229.o
    0x080030d4   0x080030d4   0x00000060   Code   RO         1171    i.Judge_RC_DataErr  remote_control.o
    0x08003134   0x08003134   0x00000028   Code   RO         1172    i.Judge_RC_Lost     remote_control.o
    0x0800315c   0x0800315c   0x0000009c   Code   RO         1474    i.KEY_Ctrl_PITCH    gimbal_task.o
    0x080031f8   0x080031f8   0x00000098   Code   RO         1475    i.KEY_Ctrl_YAW      gimbal_task.o
    0x08003290   0x08003290   0x00000048   Code   RO          481    i.MX_CAN1_Init      can.o
    0x080032d8   0x080032d8   0x00000048   Code   RO          482    i.MX_CAN2_Init      can.o
    0x08003320   0x08003320   0x0000008c   Code   RO          528    i.MX_DMA_Init       dma.o
    0x080033ac   0x080033ac   0x00000094   Code   RO          398    i.MX_FREERTOS_Init  freertos.o
    0x08003440   0x08003440   0x000000b4   Code   RO          276    i.MX_GPIO_Init      gpio.o
    0x080034f4   0x080034f4   0x000000a0   Code   RO          558    i.MX_TIM1_Init      tim.o
    0x08003594   0x08003594   0x00000074   Code   RO          559    i.MX_TIM3_Init      tim.o
    0x08003608   0x08003608   0x00000038   Code   RO          611    i.MX_UART4_Init     usart.o
    0x08003640   0x08003640   0x00000038   Code   RO          612    i.MX_UART5_Init     usart.o
    0x08003678   0x08003678   0x00000044   Code   RO          613    i.MX_USART2_UART_Init  usart.o
    0x080036bc   0x080036bc   0x00000038   Code   RO          614    i.MX_USART3_UART_Init  usart.o
    0x080036f4   0x080036f4   0x00000038   Code   RO          615    i.MX_USART6_UART_Init  usart.o
    0x0800372c   0x0800372c   0x00000010   Code   RO         1920    i.M_2006_Init       pid.o
    0x0800373c   0x0800373c   0x00000034   Code   RO         1921    i.M_2006_ParamInit  pid.o
    0x08003770   0x08003770   0x0000001c   Code   RO         1922    i.M_3508_ParamInit  pid.o
    0x0800378c   0x0800378c   0x00000002   Code   RO          686    i.MemManage_Handler  stm32f4xx_it.o
    0x0800378e   0x0800378e   0x00000012   Code   RO         1923    i.Motor_Init        pid.o
    0x080037a0   0x080037a0   0x00000002   Code   RO          687    i.NMI_Handler       stm32f4xx_it.o
    0x080037a2   0x080037a2   0x00000002   PAD
    0x080037a4   0x080037a4   0x00000134   Code   RO         1004    i.OnDataReceived    hi229.o
    0x080038d8   0x080038d8   0x00000194   Code   RO         1925    i.PID_Position      pid.o
    0x08003a6c   0x08003a6c   0x00000028   Code   RO         1365    i.PID_Switch        system_task.o
    0x08003a94   0x08003a94   0x00000030   Code   RO         1476    i.PITCH_Angle_Limit  gimbal_task.o
    0x08003ac4   0x08003ac4   0x000000ec   Code   RO         1108    i.Packet_Decode     packet.o
    0x08003bb0   0x08003bb0   0x00000018   Code   RO         1109    i.Packet_DecodeInit  packet.o
    0x08003bc8   0x08003bc8   0x00000024   Code   RO         1173    i.RC_Check          remote_control.o
    0x08003bec   0x08003bec   0x00000064   Code   RO         1477    i.RC_Ctrl_PITCH     gimbal_task.o
    0x08003c50   0x08003c50   0x00000064   Code   RO         1478    i.RC_Ctrl_YAW       gimbal_task.o
    0x08003cb4   0x08003cb4   0x00000060   Code   RO         1317    i.RC_Init           drv_usart.o
    0x08003d14   0x08003d14   0x00000010   Code   RO         1174    i.RC_State_Report   remote_control.o
    0x08003d24   0x08003d24   0x00000010   Code   RO         1318    i.Remote_Control_Init  drv_usart.o
    0x08003d34   0x08003d34   0x00000018   Code   RO          399    i.SHOOT_TASK        freertos.o
    0x08003d4c   0x08003d4c   0x00000018   Code   RO          400    i.SYSTEM_STATE_TASK  freertos.o
    0x08003d64   0x08003d64   0x0000003c   Code   RO         1609    i.Shoot_CanOutPut   shoot_task.o
    0x08003da0   0x08003da0   0x00000034   Code   RO         1610    i.Shoot_Ctrl_DRIVER  shoot_task.o
    0x08003dd4   0x08003dd4   0x00000020   Code   RO         1611    i.Shoot_Ctrl_FRIC_L  shoot_task.o
    0x08003df4   0x08003df4   0x00000020   Code   RO         1612    i.Shoot_Ctrl_FRIC_R  shoot_task.o
    0x08003e14   0x08003e14   0x00000050   Code   RO         1613    i.Shoot_DRIVER_CanOutPut  shoot_task.o
    0x08003e64   0x08003e64   0x00000050   Code   RO         1614    i.Shoot_DRIVER_CanOutPut_0  shoot_task.o
    0x08003eb4   0x08003eb4   0x00000020   Code   RO         1615    i.Shoot_GET_Info    shoot_task.o
    0x08003ed4   0x08003ed4   0x00000012   Code   RO         1616    i.Shoot_GetOutPut   shoot_task.o
    0x08003ee6   0x08003ee6   0x00000002   PAD
    0x08003ee8   0x08003ee8   0x00000024   Code   RO         1618    i.Shoot_InitPID     shoot_task.o
    0x08003f0c   0x08003f0c   0x00000030   Code   RO         1619    i.Shoot_KEY_Ctrl    shoot_task.o
    0x08003f3c   0x08003f3c   0x00000058   Code   RO         1620    i.Shoot_KEY_F       shoot_task.o
    0x08003f94   0x08003f94   0x00000064   Code   RO         1621    i.Shoot_KEY_Fire    shoot_task.o
    0x08003ff8   0x08003ff8   0x000000c4   Code   RO         1622    i.Shoot_PID_Switch  shoot_task.o
    0x080040bc   0x080040bc   0x00000050   Code   RO         1623    i.Shoot_RC_Ctrl     shoot_task.o
    0x0800410c   0x0800410c   0x00000020   Code   RO         1624    i.Shoot_Set_PID_Type  shoot_task.o
    0x0800412c   0x0800412c   0x00000014   Code   RO         1625    i.Shoot_Stop        shoot_task.o
    0x08004140   0x08004140   0x00000034   Code   RO         1626    i.Shoot_Task        shoot_task.o
    0x08004174   0x08004174   0x00000024   Code   RO          401    i.StartDefaultTask  freertos.o
    0x08004198   0x08004198   0x0000002c   Code   RO         6000    i.SysTick_Handler   port.o
    0x080041c4   0x080041c4   0x00000098   Code   RO            6    i.SystemClock_Config  main.o
    0x0800425c   0x0800425c   0x00000010   Code   RO         6080    i.SystemInit        system_stm32f4xx.o
    0x0800426c   0x0800426c   0x0000006c   Code   RO         1367    i.System_State      system_task.o
    0x080042d8   0x080042d8   0x00000016   Code   RO         1368    i.System_Task       system_task.o
    0x080042ee   0x080042ee   0x00000002   PAD
    0x080042f0   0x080042f0   0x0000000c   Code   RO          688    i.TIM8_TRG_COM_TIM14_IRQHandler  stm32f4xx_it.o
    0x080042fc   0x080042fc   0x000000c8   Code   RO         3504    i.TIM_Base_SetConfig  stm32f4xx_hal_tim.o
    0x080043c4   0x080043c4   0x0000001a   Code   RO         3505    i.TIM_CCxChannelCmd  stm32f4xx_hal_tim.o
    0x080043de   0x080043de   0x00000002   PAD
    0x080043e0   0x080043e0   0x00000060   Code   RO         3517    i.TIM_OC1_SetConfig  stm32f4xx_hal_tim.o
    0x08004440   0x08004440   0x0000006c   Code   RO         3518    i.TIM_OC2_SetConfig  stm32f4xx_hal_tim.o
    0x080044ac   0x080044ac   0x00000068   Code   RO         3519    i.TIM_OC3_SetConfig  stm32f4xx_hal_tim.o
    0x08004514   0x08004514   0x00000050   Code   RO         3520    i.TIM_OC4_SetConfig  stm32f4xx_hal_tim.o
    0x08004564   0x08004564   0x0000001c   Code   RO         1369    i.Time_Init         system_task.o
    0x08004580   0x08004580   0x00000018   Code   RO          689    i.UART4_IRQHandler  stm32f4xx_it.o
    0x08004598   0x08004598   0x00000018   Code   RO          690    i.UART5_IRQHandler  stm32f4xx_it.o
    0x080045b0   0x080045b0   0x00000010   Code   RO         4424    i.UART_DMAAbortOnError  stm32f4xx_hal_uart.o
    0x080045c0   0x080045c0   0x0000004a   Code   RO         4425    i.UART_DMAError     stm32f4xx_hal_uart.o
    0x0800460a   0x0800460a   0x00000082   Code   RO         4426    i.UART_DMAReceiveCplt  stm32f4xx_hal_uart.o
    0x0800468c   0x0800468c   0x0000001a   Code   RO         4428    i.UART_DMARxHalfCplt  stm32f4xx_hal_uart.o
    0x080046a6   0x080046a6   0x0000004e   Code   RO         4434    i.UART_EndRxTransfer  stm32f4xx_hal_uart.o
    0x080046f4   0x080046f4   0x0000001c   Code   RO         4435    i.UART_EndTxTransfer  stm32f4xx_hal_uart.o
    0x08004710   0x08004710   0x00000190   Code   RO         1319    i.UART_IRQHandler_IT  drv_usart.o
    0x080048a0   0x080048a0   0x000000c0   Code   RO         4436    i.UART_Receive_IT   stm32f4xx_hal_uart.o
    0x08004960   0x08004960   0x0000010c   Code   RO         4437    i.UART_SetConfig    stm32f4xx_hal_uart.o
    0x08004a6c   0x08004a6c   0x00000094   Code   RO         4438    i.UART_Start_Receive_DMA  stm32f4xx_hal_uart.o
    0x08004b00   0x08004b00   0x00000018   Code   RO          691    i.USART2_IRQHandler  stm32f4xx_it.o
    0x08004b18   0x08004b18   0x0000000c   Code   RO          692    i.USART3_IRQHandler  stm32f4xx_it.o
    0x08004b24   0x08004b24   0x00000018   Code   RO          693    i.USART6_IRQHandler  stm32f4xx_it.o
    0x08004b3c   0x08004b3c   0x0000004c   Code   RO         1320    i.USART_Init        drv_usart.o
    0x08004b88   0x08004b88   0x00000002   Code   RO          694    i.UsageFault_Handler  stm32f4xx_it.o
    0x08004b8a   0x08004b8a   0x00000002   PAD
    0x08004b8c   0x08004b8c   0x00000014   Code   RO          402    i.VISUAL_TASK       freertos.o
    0x08004ba0   0x08004ba0   0x000000c4   Code   RO         1741    i.Vision_read_data  vision_task.o
    0x08004c64   0x08004c64   0x00000054   Code   RO         1479    i.YAW_Angle_Over_Zero  gimbal_task.o
    0x08004cb8   0x08004cb8   0x00000020   Code   RO         3034    i.__NVIC_SetPriority  stm32f4xx_hal_cortex.o
    0x08004cd8   0x08004cd8   0x00000020   Code   RO         1926    i.anti_constrain    pid.o
    0x08004cf8   0x08004cf8   0x0000002e   Code   RO         1111    i.crc16_update      packet.o
    0x08004d26   0x08004d26   0x00000002   PAD
    0x08004d28   0x08004d28   0x00000010   Code   RO         1005    i.get_eular         hi229.o
    0x08004d38   0x08004d38   0x00000014   Code   RO         1009    i.get_raw_gyo       hi229.o
    0x08004d4c   0x08004d4c   0x000000a4   Code   RO          890    i.get_total_angle   can_receive.o
    0x08004df0   0x08004df0   0x00000058   Code   RO            7    i.main              main.o
    0x08004e48   0x08004e48   0x0000000c   Code   RO         5562    i.makeFreeRtosPriority  cmsis_os.o
    0x08004e54   0x08004e54   0x00000044   Code   RO         1370    i.micros            system_task.o
    0x08004e98   0x08004e98   0x0000000e   Code   RO         5564    i.osDelay           cmsis_os.o
    0x08004ea6   0x08004ea6   0x0000000a   Code   RO         5567    i.osKernelStart     cmsis_os.o
    0x08004eb0   0x08004eb0   0x00000054   Code   RO         5601    i.osThreadCreate    cmsis_os.o
    0x08004f04   0x08004f04   0x00000070   Code   RO         5235    i.prvAddCurrentTaskToDelayedList  tasks.o
    0x08004f74   0x08004f74   0x000000d0   Code   RO         5236    i.prvAddNewTaskToReadyList  tasks.o
    0x08005044   0x08005044   0x00000034   Code   RO         5237    i.prvDeleteTCB      tasks.o
    0x08005078   0x08005078   0x0000004c   Code   RO         5932    i.prvHeapInit       heap_4.o
    0x080050c4   0x080050c4   0x00000060   Code   RO         5238    i.prvIdleTask       tasks.o
    0x08005124   0x08005124   0x00000098   Code   RO         5239    i.prvInitialiseNewTask  tasks.o
    0x080051bc   0x080051bc   0x0000004c   Code   RO         5933    i.prvInsertBlockIntoFreeList  heap_4.o
    0x08005208   0x08005208   0x00000020   Code   RO         5240    i.prvResetNextTaskUnblockTime  tasks.o
    0x08005228   0x08005228   0x00000028   Code   RO         6001    i.prvTaskExitError  port.o
    0x08005250   0x08005250   0x000000dc   Code   RO         5934    i.pvPortMalloc      heap_4.o
    0x0800532c   0x0800532c   0x0000002c   Code   RO         6002    i.pxPortInitialiseStack  port.o
    0x08005358   0x08005358   0x00000102   Code   RO         1175    i.sbus_to_rc        remote_control.o
    0x0800545a   0x0800545a   0x00000026   Code   RO         4871    i.uxListRemove      list.o
    0x08005480   0x08005480   0x00000014   Code   RO          403    i.vApplicationGetIdleTaskMemory  freertos.o
    0x08005494   0x08005494   0x00000016   Code   RO         4872    i.vListInitialise   list.o
    0x080054aa   0x080054aa   0x00000006   Code   RO         4873    i.vListInitialiseItem  list.o
    0x080054b0   0x080054b0   0x00000030   Code   RO         4874    i.vListInsert       list.o
    0x080054e0   0x080054e0   0x00000018   Code   RO         4875    i.vListInsertEnd    list.o
    0x080054f8   0x080054f8   0x00000040   Code   RO         6004    i.vPortEnterCritical  port.o
    0x08005538   0x08005538   0x00000028   Code   RO         6005    i.vPortExitCritical  port.o
    0x08005560   0x08005560   0x00000064   Code   RO         5935    i.vPortFree         heap_4.o
    0x080055c4   0x080055c4   0x00000024   Code   RO         6006    i.vPortSetupTimerInterrupt  port.o
    0x080055e8   0x080055e8   0x0000004c   Code   RO         5249    i.vTaskDelay        tasks.o
    0x08005634   0x08005634   0x0000008c   Code   RO         5250    i.vTaskDelayUntil   tasks.o
    0x080056c0   0x080056c0   0x0000006c   Code   RO         5263    i.vTaskStartScheduler  tasks.o
    0x0800572c   0x0800572c   0x00000010   Code   RO         5265    i.vTaskSuspendAll   tasks.o
    0x0800573c   0x0800573c   0x0000005c   Code   RO         5266    i.vTaskSwitchContext  tasks.o
    0x08005798   0x08005798   0x000000f4   Code   RO         6008    i.xPortStartScheduler  port.o
    0x0800588c   0x0800588c   0x0000005a   Code   RO         5269    i.xTaskCreate       tasks.o
    0x080058e6   0x080058e6   0x00000056   Code   RO         5270    i.xTaskCreateStatic  tasks.o
    0x0800593c   0x0800593c   0x0000000c   Code   RO         5275    i.xTaskGetTickCount  tasks.o
    0x08005948   0x08005948   0x000000cc   Code   RO         5277    i.xTaskIncrementTick  tasks.o
    0x08005a14   0x08005a14   0x000000c4   Code   RO         5283    i.xTaskResumeAll    tasks.o
    0x08005ad8   0x08005ad8   0x0000000a   Code   RO         6408    x$fpl$fpinit        fz_wm.l(fpinit.o)
    0x08005ae2   0x08005ae2   0x00000002   PAD
    0x08005ae4   0x08005ae4   0x000000a8   Data   RO          405    .constdata          freertos.o
    0x08005b8c   0x08005b8c   0x00000008   Data   RO         2751    .constdata          stm32f4xx_hal_dma.o
    0x08005b94   0x08005b94   0x00000010   Data   RO         6081    .constdata          system_stm32f4xx.o
    0x08005ba4   0x08005ba4   0x00000008   Data   RO         6082    .constdata          system_stm32f4xx.o
    0x08005bac   0x08005bac   0x00000049   Data   RO          406    .conststring        freertos.o
    0x08005bf5   0x08005bf5   0x00000003   PAD
    0x08005bf8   0x08005bf8   0x00000020   Data   RO         6466    Region$$Table       anon$$obj.o


    Execution Region RW_IRAM1 (Exec base: 0x20000000, Load base: 0x08005c18, Size: 0x000053d8, Max: 0x0001c000, ABSOLUTE, COMPRESSED[0x00000078])

    Exec Addr    Load Addr    Size         Type   Attr      Idx    E Section Name        Object

    0x20000000   COMPRESSED   0x00000018   Data   RW          407    .data               freertos.o
    0x20000018   COMPRESSED   0x00000004   Data   RW          484    .data               can.o
    0x2000001c   COMPRESSED   0x00000018   Data   RW          892    .data               can_receive.o
    0x20000034   COMPRESSED   0x00000016   Data   RW         1012    .data               hi229.o
    0x2000004a   COMPRESSED   0x00000002   PAD
    0x2000004c   COMPRESSED   0x00000014   Data   RW         1112    .data               packet.o
    0x20000060   COMPRESSED   0x00000003   Data   RW         1177    .data               remote_control.o
    0x20000063   COMPRESSED   0x00000001   PAD
    0x20000064   COMPRESSED   0x00000006   Data   RW         1323    .data               drv_usart.o
    0x2000006a   COMPRESSED   0x00000006   PAD
    0x20000070   COMPRESSED   0x00000020   Data   RW         1374    .data               system_task.o
    0x20000090   COMPRESSED   0x000001dc   Data   RW         1481    .data               gimbal_task.o
    0x2000026c   COMPRESSED   0x00000274   Data   RW         1628    .data               shoot_task.o
    0x200004e0   COMPRESSED   0x0000003c   Data   RW         1748    .data               vision_task.o
    0x2000051c   COMPRESSED   0x000000f0   Data   RW         1928    .data               pid.o
    0x2000060c   COMPRESSED   0x000000f0   Data   RW         1929    .data               pid.o
    0x200006fc   COMPRESSED   0x0000000c   Data   RW         3178    .data               stm32f4xx_hal.o
    0x20000708   COMPRESSED   0x0000003c   Data   RW         5286    .data               tasks.o
    0x20000744   COMPRESSED   0x00000020   Data   RW         5941    .data               heap_4.o
    0x20000764   COMPRESSED   0x0000000c   Data   RW         6009    .data               port.o
    0x20000770   COMPRESSED   0x00000004   Data   RW         6083    .data               system_stm32f4xx.o
    0x20000774        -       0x00000254   Zero   RW          404    .bss                freertos.o
    0x200009c8        -       0x00000050   Zero   RW          483    .bss                can.o
    0x20000a18        -       0x000000f0   Zero   RW          560    .bss                tim.o
    0x20000b08        -       0x00000334   Zero   RW          616    .bss                usart.o
    0x20000e3c        -       0x00000048   Zero   RW          847    .bss                stm32f4xx_hal_timebase_tim.o
    0x20000e84        -       0x00000058   Zero   RW          891    .bss                can_receive.o
    0x20000edc        -       0x000000bc   Zero   RW         1011    .bss                hi229.o
    0x20000f98        -       0x00000016   Zero   RW         1176    .bss                remote_control.o
    0x20000fae        -       0x000000d5   Zero   RW         1321    .bss                drv_usart.o
    0x20001083   COMPRESSED   0x00000001   PAD
    0x20001084        -       0x000000f0   Zero   RW         5285    .bss                tasks.o
    0x20001174        -       0x00003c00   Zero   RW         5940    .bss                heap_4.o
    0x20004d74        -       0x00000060   Zero   RW         6324    .bss                c_w.l(libspace.o)
    0x20004dd4   COMPRESSED   0x00000004   PAD
    0x20004dd8        -       0x00000200   Zero   RW         2034    HEAP                startup_stm32f405xx.o
    0x20004fd8        -       0x00000400   Zero   RW         2033    STACK               startup_stm32f405xx.o


    Execution Region RW_IRAM2 (Exec base: 0x2001c000, Load base: 0x08005c90, Size: 0x00000000, Max: 0x00004000, ABSOLUTE)

    **** No section assigned to this execution region ****


==============================================================================

Image component sizes


      Code (inc. data)   RO Data    RW Data    ZI Data      Debug   Object Name

       400         44          0          4         80       2490   can.o
       796        114          0         24         88      10397   can_receive.o
       120          0          0          0          0      25749   cmsis_os.o
         0          0          0          0          0       7400   croutine.o
       140          4          0          0          0        850   dma.o
        18          0          0          0          0        494   driver.o
       140         20          0          0          0       1940   drv_can.o
       588         70          0          6        213       3655   drv_usart.o
         0          0          0          0          0      19404   event_groups.o
       320         16        241         24        596       5676   freertos.o
      1298        152          0        476          0      12769   gimbal_task.o
       180         14          0          0          0     648415   gpio.o
       472         24          0         32      15360       7419   heap_4.o
       476         52          0         22        188       6866   hi229.o
       138          0          0          0          0       3546   list.o
       264         22          0          0          0     661775   main.o
       306         18          0         20          0       2908   packet.o
       846         98          0        480          0      10290   pid.o
       702         72          0         12          0      10976   port.o
       446         22          0          3         22       6645   remote_control.o
      1038        162          0        628          0      10825   shoot_task.o
        64         26        392          0       1536        812   startup_stm32f405xx.o
       116         18          0         12          0       8710   stm32f4xx_hal.o
      1658          6          0          0          0      14243   stm32f4xx_hal_can.o
       158         14          0          0          0      33162   stm32f4xx_hal_cortex.o
      1084         16          8          0          0       7338   stm32f4xx_hal_dma.o
       522         46          0          0          0       2837   stm32f4xx_hal_gpio.o
        56          4          0          0          0        866   stm32f4xx_hal_msp.o
      1412         86          0          0          0       5889   stm32f4xx_hal_rcc.o
      1896        144          0          0          0      13878   stm32f4xx_hal_tim.o
       232         28          0          0          0       3269   stm32f4xx_hal_tim_ex.o
       152         20          0          0         72       1476   stm32f4xx_hal_timebase_tim.o
      1838         30          0          0          0      13829   stm32f4xx_hal_uart.o
       228         84          0          0          0       9599   stm32f4xx_it.o
         0          0          0          0          0        416   stream_buffer.o
        16          4         24          4          0       1127   system_stm32f4xx.o
       278         30          0         32          0       5059   system_task.o
      1672        126          0         60        240      21176   tasks.o
       544         64          0          0        240       3238   tim.o
         0          0          0          0          0       2488   timers.o
      1056        104          0          0        820       4963   usart.o
       196          8          0         60          0       2218   vision_task.o

    ----------------------------------------------------------------------
     21898       1762        700       1908      19456    1617082   Object Totals
         0          0         32          0          0          0   (incl. Generated)
        32          0          3          9          1          0   (incl. Padding)

    ----------------------------------------------------------------------

      Code (inc. data)   RO Data    RW Data    ZI Data      Debug   Library Member Name

        90          0          0          0          0          0   __dczerorl2.o
         8          0          0          0          0         68   __main.o
         0          0          0          0          0          0   __rtentry.o
        12          0          0          0          0          0   __rtentry2.o
         6          0          0          0          0          0   __rtentry4.o
        52          8          0          0          0          0   __scatter.o
        28          0          0          0          0          0   __scatter_zi.o
        18          0          0          0          0         80   exit.o
         6          0          0          0          0        152   heapauxi.o
         0          0          0          0          0          0   indicate_semi.o
         2          0          0          0          0          0   libinit.o
         6          0          0          0          0          0   libinit2.o
         2          0          0          0          0          0   libshutdown.o
         2          0          0          0          0          0   libshutdown2.o
         8          4          0          0         96         68   libspace.o
       238          0          0          0          0        100   lludivv7m.o
        68          0          0          0          0         68   rt_memclr.o
        78          0          0          0          0         80   rt_memclr_w.o
       138          0          0          0          0         68   rt_memcpy_v6.o
       100          0          0          0          0         80   rt_memcpy_w.o
         2          0          0          0          0          0   rtexit.o
        10          0          0          0          0          0   rtexit2.o
        12          4          0          0          0         68   sys_exit.o
        74          0          0          0          0         80   sys_stackheap_outer.o
         2          0          0          0          0         68   use_no_semi.o
        10          0          0          0          0        116   fpinit.o

    ----------------------------------------------------------------------
       978         16          0          0        100       1096   Library Totals
         6          0          0          0          4          0   (incl. Padding)

    ----------------------------------------------------------------------

      Code (inc. data)   RO Data    RW Data    ZI Data      Debug   Library Name

       962         16          0          0         96        980   c_w.l
        10          0          0          0          0        116   fz_wm.l

    ----------------------------------------------------------------------
       978         16          0          0        100       1096   Library Totals

    ----------------------------------------------------------------------

==============================================================================


      Code (inc. data)   RO Data    RW Data    ZI Data      Debug   

     22876       1778        700       1908      19556    1594062   Grand Totals
     22876       1778        700        120      19556    1594062   ELF Image Totals (compressed)
     22876       1778        700        120          0          0   ROM Totals

==============================================================================

    Total RO  Size (Code + RO Data)                23576 (  23.02kB)
    Total RW  Size (RW Data + ZI Data)             21464 (  20.96kB)
    Total ROM Size (Code + RO Data + RW Data)      23696 (  23.14kB)

==============================================================================

