Component: ARM Compiler 5.06 update 7 (build 960) Tool: armlink [4d3601]

==============================================================================

Section Cross References

    main.o(i.HAL_TIM_PeriodElapsedCallback) refers to stm32f4xx_hal.o(i.HAL_IncTick) for HAL_IncTick
    main.o(i.SystemClock_Config) refers to rt_memclr_w.o(.text) for __aeabi_memclr4
    main.o(i.SystemClock_Config) refers to stm32f4xx_hal_rcc.o(i.HAL_RCC_OscConfig) for HAL_RCC_OscConfig
    main.o(i.SystemClock_Config) refers to stm32f4xx_hal_rcc.o(i.HAL_RCC_ClockConfig) for HAL_RCC_ClockConfig
    main.o(i.main) refers to stm32f4xx_hal.o(i.HAL_Init) for HAL_Init
    main.o(i.main) refers to main.o(i.SystemClock_Config) for SystemClock_Config
    main.o(i.main) refers to gpio.o(i.MX_GPIO_Init) for MX_GPIO_Init
    main.o(i.main) refers to dma.o(i.MX_DMA_Init) for MX_DMA_Init
    main.o(i.main) refers to can.o(i.MX_CAN1_Init) for MX_CAN1_Init
    main.o(i.main) refers to can.o(i.MX_CAN2_Init) for MX_CAN2_Init
    main.o(i.main) refers to usart.o(i.MX_USART1_UART_Init) for MX_USART1_UART_Init
    main.o(i.main) refers to usart.o(i.MX_USART2_UART_Init) for MX_USART2_UART_Init
    main.o(i.main) refers to usart.o(i.MX_USART6_UART_Init) for MX_USART6_UART_Init
    main.o(i.main) refers to usart.o(i.MX_UART5_Init) for MX_UART5_Init
    main.o(i.main) refers to iwdg.o(i.MX_IWDG_Init) for MX_IWDG_Init
    main.o(i.main) refers to driver.o(i.Driver_Init) for Driver_Init
    main.o(i.main) refers to chassis_task.o(i.Chassis_InitPID) for Chassis_InitPID
    main.o(i.main) refers to pid.o(i.Motor_Init) for Motor_Init
    main.o(i.main) refers to freertos.o(i.MX_FREERTOS_Init) for MX_FREERTOS_Init
    main.o(i.main) refers to cmsis_os.o(i.osKernelStart) for osKernelStart
    main.o(i.main) refers to chassis_task.o(.data) for Chassis
    freertos.o(i.CHASSIS_TASK) refers to chassis_task.o(i.Chassis_Task) for Chassis_Task
    freertos.o(i.CHASSIS_TASK) refers to cmsis_os.o(i.osDelay) for osDelay
    freertos.o(i.IMU_TASK) refers to hi229.o(i.IMU_get) for IMU_get
    freertos.o(i.IMU_TASK) refers to cmsis_os.o(i.osDelay) for osDelay
    freertos.o(i.MX_FREERTOS_Init) refers to rt_memcpy_w.o(.text) for __aeabi_memcpy4
    freertos.o(i.MX_FREERTOS_Init) refers to cmsis_os.o(i.osThreadCreate) for osThreadCreate
    freertos.o(i.MX_FREERTOS_Init) refers to freertos.o(.constdata) for .constdata
    freertos.o(i.MX_FREERTOS_Init) refers to freertos.o(.data) for .data
    freertos.o(i.SYSTEM_STATE_TASK) refers to cmsis_os.o(i.osDelay) for osDelay
    freertos.o(i.StartDefaultTask) refers to cmsis_os.o(i.osDelay) for osDelay
    freertos.o(i.vApplicationGetIdleTaskMemory) refers to freertos.o(.bss) for .bss
    freertos.o(.constdata) refers to freertos.o(.conststring) for .conststring
    freertos.o(.constdata) refers to freertos.o(i.StartDefaultTask) for StartDefaultTask
    freertos.o(.constdata) refers to freertos.o(i.SYSTEM_STATE_TASK) for SYSTEM_STATE_TASK
    freertos.o(.constdata) refers to freertos.o(i.CHASSIS_TASK) for CHASSIS_TASK
    freertos.o(.constdata) refers to freertos.o(i.IMU_TASK) for IMU_TASK
    freertos.o(.constdata) refers to referee_ui.o(i.JUDGE_TASK) for JUDGE_TASK
    can.o(i.HAL_CAN_MspDeInit) refers to stm32f4xx_hal_gpio.o(i.HAL_GPIO_DeInit) for HAL_GPIO_DeInit
    can.o(i.HAL_CAN_MspDeInit) refers to stm32f4xx_hal_cortex.o(i.HAL_NVIC_DisableIRQ) for HAL_NVIC_DisableIRQ
    can.o(i.HAL_CAN_MspDeInit) refers to can.o(.data) for .data
    can.o(i.HAL_CAN_MspInit) refers to rt_memclr_w.o(.text) for __aeabi_memclr4
    can.o(i.HAL_CAN_MspInit) refers to stm32f4xx_hal_gpio.o(i.HAL_GPIO_Init) for HAL_GPIO_Init
    can.o(i.HAL_CAN_MspInit) refers to stm32f4xx_hal_cortex.o(i.HAL_NVIC_SetPriority) for HAL_NVIC_SetPriority
    can.o(i.HAL_CAN_MspInit) refers to stm32f4xx_hal_cortex.o(i.HAL_NVIC_EnableIRQ) for HAL_NVIC_EnableIRQ
    can.o(i.HAL_CAN_MspInit) refers to can.o(.data) for .data
    can.o(i.MX_CAN1_Init) refers to stm32f4xx_hal_can.o(i.HAL_CAN_Init) for HAL_CAN_Init
    can.o(i.MX_CAN1_Init) refers to main.o(i.Error_Handler) for Error_Handler
    can.o(i.MX_CAN1_Init) refers to can.o(.bss) for .bss
    can.o(i.MX_CAN2_Init) refers to stm32f4xx_hal_can.o(i.HAL_CAN_Init) for HAL_CAN_Init
    can.o(i.MX_CAN2_Init) refers to main.o(i.Error_Handler) for Error_Handler
    can.o(i.MX_CAN2_Init) refers to can.o(.bss) for .bss
    dma.o(i.MX_DMA_Init) refers to stm32f4xx_hal_cortex.o(i.HAL_NVIC_SetPriority) for HAL_NVIC_SetPriority
    dma.o(i.MX_DMA_Init) refers to stm32f4xx_hal_cortex.o(i.HAL_NVIC_EnableIRQ) for HAL_NVIC_EnableIRQ
    iwdg.o(i.MX_IWDG_Init) refers to stm32f4xx_hal_iwdg.o(i.HAL_IWDG_Init) for HAL_IWDG_Init
    iwdg.o(i.MX_IWDG_Init) refers to main.o(i.Error_Handler) for Error_Handler
    iwdg.o(i.MX_IWDG_Init) refers to iwdg.o(.bss) for .bss
    usart.o(i.HAL_UART_MspDeInit) refers to stm32f4xx_hal_gpio.o(i.HAL_GPIO_DeInit) for HAL_GPIO_DeInit
[...]
    _handle_redirection                       - Undefined Weak Reference
    _init_alloc                               - Undefined Weak Reference
    _init_user_alloc                          - Undefined Weak Reference
    _initio                                   - Undefined Weak Reference
    _rand_init                                - Undefined Weak Reference
    _signal_finish                            - Undefined Weak Reference
    _signal_init                              - Undefined Weak Reference
    _terminate_alloc                          - Undefined Weak Reference
    _terminate_user_alloc                     - Undefined Weak Reference
    _terminateio                              - Undefined Weak Reference
    __Vectors_Size                           0x00000188   Number         0  startup_stm32f405xx.o ABSOLUTE
    __Vectors                                0x08000000   Data           4  startup_stm32f405xx.o(RESET)
    __Vectors_End                            0x08000188   Data           0  startup_stm32f405xx.o(RESET)
    __main                                   0x08000189   Thumb Code     8  __main.o(!!!main)
    __scatterload                            0x08000191   Thumb Code     0  __scatter.o(!!!scatter)
    __scatterload_rt2                        0x08000191   Thumb Code    44  __scatter.o(!!!scatter)
    __scatterload_rt2_thumb_only             0x08000191   Thumb Code     0  __scatter.o(!!!scatter)
    __scatterload_null                       0x0800019f   Thumb Code     0  __scatter.o(!!!scatter)
    __decompress                             0x080001c5   Thumb Code    58  __dczerorl.o(!!dczerorl)
    __decompress0                            0x080001c5   Thumb Code     0  __dczerorl.o(!!dczerorl)
    __scatterload_zeroinit                   0x08000201   Thumb Code    28  __scatter_zi.o(!!handler_zi)
    __rt_lib_init                            0x0800021d   Thumb Code     0  libinit.o(.ARM.Collect$$libinit$$00000000)
    __rt_lib_init_fp_1                       0x0800021f   Thumb Code     0  libinit2.o(.ARM.Collect$$libinit$$00000001)
    __rt_lib_init_alloca_1                   0x08000223   Thumb Code     0  libinit2.o(.ARM.Collect$$libinit$$0000002E)
    __rt_lib_init_argv_1                     0x08000223   Thumb Code     0  libinit2.o(.ARM.Collect$$libinit$$0000002C)
    __rt_lib_init_atexit_1                   0x08000223   Thumb Code     0  libinit2.o(.ARM.Collect$$libinit$$0000001B)
    __rt_lib_init_clock_1                    0x08000223   Thumb Code     0  libinit2.o(.ARM.Collect$$libinit$$00000021)
    __rt_lib_init_cpp_1                      0x08000223   Thumb Code     0  libinit2.o(.ARM.Collect$$libinit$$00000032)
    __rt_lib_init_exceptions_1               0x08000223   Thumb Code     0  libinit2.o(.ARM.Collect$$libinit$$00000030)
    __rt_lib_init_fp_trap_1                  0x08000223   Thumb Code     0  libinit2.o(.ARM.Collect$$libinit$$0000001F)
    __rt_lib_init_getenv_1                   0x08000223   Thumb Code     0  libinit2.o(.ARM.Collect$$libinit$$00000023)
    __rt_lib_init_heap_1                     0x08000223   Thumb Code     0  libinit2.o(.ARM.Collect$$libinit$$0000000A)
    __rt_lib_init_lc_collate_1               0x08000223   Thumb Code     0  libinit2.o(.ARM.Collect$$libinit$$00000011)
    __rt_lib_init_lc_ctype_1                 0x08000223   Thumb Code     0  libinit2.o(.ARM.Collect$$libinit$$00000013)
    __rt_lib_init_lc_monetary_1              0x08000223   Thumb Code     0  libinit2.o(.ARM.Collect$$libinit$$00000015)
    __rt_lib_init_lc_numeric_1               0x08000223   Thumb Code     0  libinit2.o(.ARM.Collect$$libinit$$00000017)
    __rt_lib_init_lc_time_1                  0x08000223   Thumb Code     0  libinit2.o(.ARM.Collect$$libinit$$00000019)
    __rt_lib_init_preinit_1                  0x08000223   Thumb Code     0  libinit2.o(.ARM.Collect$$libinit$$00000004)
    __rt_lib_init_rand_1                     0x08000223   Thumb Code     0  libinit2.o(.ARM.Collect$$libinit$$0000000E)
    __rt_lib_init_return                     0x08000223   Thumb Code     0  libinit2.o(.ARM.Collect$$libinit$$00000033)
    __rt_lib_init_signal_1                   0x08000223   Thumb Code     0  libinit2.o(.ARM.Collect$$libinit$$0000001D)
    __rt_lib_init_stdio_1                    0x08000223   Thumb Code     0  libinit2.o(.ARM.Collect$$libinit$$00000025)
    __rt_lib_init_user_alloc_1               0x08000223   Thumb Code     0  libinit2.o(.ARM.Collect$$libinit$$0000000C)
    __rt_lib_shutdown                        0x08000225   Thumb Code     0  libshutdown.o(.ARM.Collect$$libshutdown$$00000000)
    __rt_lib_shutdown_cpp_1                  0x08000227   Thumb Code     0  libshutdown2.o(.ARM.Collect$$libshutdown$$00000004)
    __rt_lib_shutdown_fini_1                 0x08000227   Thumb Code     0  libshutdown2.o(.ARM.Collect$$libshutdown$$00000002)
    __rt_lib_shutdown_fp_trap_1              0x08000227   Thumb Code     0  libshutdown2.o(.ARM.Collect$$libshutdown$$00000009)
    __rt_lib_shutdown_heap_1                 0x08000227   Thumb Code     0  libshutdown2.o(.ARM.Collect$$libshutdown$$00000011)
    __rt_lib_shutdown_return                 0x08000227   Thumb Code     0  libshutdown2.o(.ARM.Collect$$libshutdown$$00000012)
    __rt_lib_shutdown_signal_1               0x08000227   Thumb Code     0  libshutdown2.o(.ARM.Collect$$libshutdown$$0000000C)
    __rt_lib_shutdown_stdio_1                0x08000227   Thumb Code     0  libshutdown2.o(.ARM.Collect$$libshutdown$$00000006)
    __rt_lib_shutdown_user_alloc_1           0x08000227   Thumb Code     0  libshutdown2.o(.ARM.Collect$$libshutdown$$0000000E)
    __rt_entry                               0x08000229   Thumb Code     0  __rtentry.o(.ARM.Collect$$rtentry$$00000000)
    __rt_entry_presh_1                       0x08000229   Thumb Code     0  __rtentry2.o(.ARM.Collect$$rtentry$$00000002)
    __rt_entry_sh                            0x08000229   Thumb Code     0  __rtentry4.o(.ARM.Collect$$rtentry$$00000004)
    __rt_entry_li                            0x0800022f   Thumb Code     0  __rtentry2.o(.ARM.Collect$$rtentry$$0000000A)
    __rt_entry_postsh_1                      0x0800022f   Thumb Code     0  __rtentry2.o(.ARM.Collect$$rtentry$$00000009)
    __rt_entry_main                          0x08000233   Thumb Code     0  __rtentry2.o(.ARM.Collect$$rtentry$$0000000D)
    __rt_entry_postli_1                      0x08000233   Thumb Code     0  __rtentry2.o(.ARM.Collect$$rtentry$$0000000C)
    __rt_exit                                0x0800023b   Thumb Code     0  rtexit.o(.ARM.Collect$$rtexit$$00000000)
    __rt_exit_ls                             0x0800023d   Thumb Code     0  rtexit2.o(.ARM.Collect$$rtexit$$00000003)
    __rt_exit_prels_1                        0x0800023d   Thumb Code     0  rtexit2.o(.ARM.Collect$$rtexit$$00000002)
    __rt_exit_exit                           0x08000241   Thumb Code     0  rtexit2.o(.ARM.Collect$$rtexit$$00000004)
    SVC_Handler                              0x08000249   Thumb Code    28  port.o(.emb_text)
    __asm___6_port_c_39a90d8d__prvStartFirstTask 0x08000269   Thumb Code    36  port.o(.emb_text)
    __asm___6_port_c_39a90d8d__prvEnableVFP  0x08000291   Thumb Code    16  port.o(.emb_text)
    PendSV_Handler                           0x080002a5   Thumb Code    88  port.o(.emb_text)
    vPortGetIPSR                             0x08000301   Thumb Code     6  port.o(.emb_text)
    Reset_Handler                            0x08000309   Thumb Code     8  startup_stm32f405xx.o(.text)
    ADC_IRQHandler                           0x08000323   Thumb Code     0  startup_stm32f405xx.o(.text)
    CAN1_RX1_IRQHandler                      0x08000323   Thumb Code     0  startup_stm32f405xx.o(.text)
    CAN1_SCE_IRQHandler                      0x08000323   Thumb Code     0  startup_stm32f405xx.o(.text)
    CAN1_TX_IRQHandler                       0x08000323   Thumb Code     0  startup_stm32f405xx.o(.text)
    CAN2_RX1_IRQHandler                      0x08000323   Thumb Code     0  startup_stm32f405xx.o(.text)
    CAN2_SCE_IRQHandler                      0x08000323   Thumb Code     0  startup_stm32f405xx.o(.text)
    CAN2_TX_IRQHandler                       0x08000323   Thumb Code     0  startup_stm32f405xx.o(.text)
    DMA1_Stream1_IRQHandler                  0x08000323   Thumb Code     0  startup_stm32f405xx.o(.text)
    DMA1_Stream2_IRQHandler                  0x08000323   Thumb Code     0  startup_stm32f405xx.o(.text)
    DMA1_Stream3_IRQHandler                  0x08000323   Thumb Code     0  startup_stm32f405xx.o(.text)
    DMA1_Stream4_IRQHandler                  0x08000323   Thumb Code     0  startup_stm32f405xx.o(.text)
    DMA1_Stream6_IRQHandler                  0x08000323   Thumb Code     0  startup_stm32f405xx.o(.text)
    DMA1_Stream7_IRQHandler                  0x08000323   Thumb Code     0  startup_stm32f405xx.o(.text)
    DMA2_Stream0_IRQHandler                  0x08000323   Thumb Code     0  startup_stm32f405xx.o(.text)
    DMA2_Stream1_IRQHandler                  0x08000323   Thumb Code     0  startup_stm32f405xx.o(.text)
    DMA2_Stream3_IRQHandler                  0x08000323   Thumb Code     0  startup_stm32f405xx.o(.text)
    DMA2_Stream4_IRQHandler                  0x08000323   Thumb Code     0  startup_stm32f405xx.o(.text)
    DMA2_Stream5_IRQHandler                  0x08000323   Thumb Code     0  startup_stm32f405xx.o(.text)
    DMA2_Stream6_IRQHandler                  0x08000323   Thumb Code     0  startup_stm32f405xx.o(.text)
    EXTI0_IRQHandler                         0x08000323   Thumb Code     0  startup_stm32f405xx.o(.text)
    EXTI15_10_IRQHandler                     0x08000323   Thumb Code     0  startup_stm32f405xx.o(.text)
    EXTI1_IRQHandler                         0x08000323   Thumb Code     0  startup_stm32f405xx.o(.text)
    EXTI2_IRQHandler                         0x08000323   Thumb Code     0  startup_stm32f405xx.o(.text)
    EXTI3_IRQHandler                         0x08000323   Thumb Code     0  startup_stm32f405xx.o(.text)
    EXTI4_IRQHandler                         0x08000323   Thumb Code     0  startup_stm32f405xx.o(.text)
    EXTI9_5_IRQHandler                       0x08000323   Thumb Code     0  startup_stm32f405xx.o(.text)
    FLASH_IRQHandler                         0x08000323   Thumb Code     0  startup_stm32f405xx.o(.text)
    FMC_IRQHandler                           0x08000323   Thumb Code     0  startup_stm32f405xx.o(.text)
    FPU_IRQHandler                           0x08000323   Thumb Code     0  startup_stm32f405xx.o(.text)
    HASH_RNG_IRQHandler                      0x08000323   Thumb Code     0  startup_stm32f405xx.o(.text)
    I2C1_ER_IRQHandler                       0x08000323   Thumb Code     0  startup_stm32f405xx.o(.text)
    I2C1_EV_IRQHandler                       0x08000323   Thumb Code     0  startup_stm32f405xx.o(.text)
    I2C2_ER_IRQHandler                       0x08000323   Thumb Code     0  startup_stm32f405xx.o(.text)
    I2C2_EV_IRQHandler                       0x08000323   Thumb Code     0  startup_stm32f405xx.o(.text)
    I2C3_ER_IRQHandler                       0x08000323   Thumb Code     0  startup_stm32f405xx.o(.text)
    I2C3_EV_IRQHandler                       0x08000323   Thumb Code     0  startup_stm32f405xx.o(.text)
    OTG_FS_IRQHandler                        0x08000323   Thumb Code     0  startup_stm32f405xx.o(.text)
    OTG_FS_WKUP_IRQHandler                   0x08000323   Thumb Code     0  startup_stm32f405xx.o(.text)
    OTG_HS_EP1_IN_IRQHandler                 0x08000323   Thumb Code     0  startup_stm32f405xx.o(.text)
    OTG_HS_EP1_OUT_IRQHandler                0x08000323   Thumb Code     0  startup_stm32f405xx.o(.text)
    OTG_HS_IRQHandler                        0x08000323   Thumb Code     0  startup_stm32f405xx.o(.text)
    OTG_HS_WKUP_IRQHandler                   0x08000323   Thumb Code     0  startup_stm32f405xx.o(.text)
    PVD_IRQHandler                           0x08000323   Thumb Code     0  startup_stm32f405xx.o(.text)
    RCC_IRQHandler                           0x08000323   Thumb Code     0  startup_stm32f405xx.o(.text)
    RTC_Alarm_IRQHandler                     0x08000323   Thumb Code     0  startup_stm32f405xx.o(.text)
    RTC_WKUP_IRQHandler                      0x08000323   Thumb Code     0  startup_stm32f405xx.o(.text)
    SDIO_IRQHandler                          0x08000323   Thumb Code     0  startup_stm32f405xx.o(.text)
    SPI1_IRQHandler                          0x08000323   Thumb Code     0  startup_stm32f405xx.o(.text)
    SPI2_IRQHandler                          0x08000323   Thumb Code     0  startup_stm32f405xx.o(.text)
    SPI3_IRQHandler                          0x08000323   Thumb Code     0  startup_stm32f405xx.o(.text)
    TAMP_STAMP_IRQHandler                    0x08000323   Thumb Code     0  startup_stm32f405xx.o(.text)
    TIM1_BRK_TIM9_IRQHandler                 0x08000323   Thumb Code     0  startup_stm32f405xx.o(.text)
    TIM1_CC_IRQHandler                       0x08000323   Thumb Code     0  startup_stm32f405xx.o(.text)
    TIM1_TRG_COM_TIM11_IRQHandler            0x08000323   Thumb Code     0  startup_stm32f405xx.o(.text)
    TIM1_UP_TIM10_IRQHandler                 0x08000323   Thumb Code     0  startup_stm32f405xx.o(.text)
    TIM2_IRQHandler                          0x08000323   Thumb Code     0  startup_stm32f405xx.o(.text)
    TIM3_IRQHandler                          0x08000323   Thumb Code     0  startup_stm32f405xx.o(.text)
    TIM4_IRQHandler                          0x08000323   Thumb Code     0  startup_stm32f405xx.o(.text)
    TIM5_IRQHandler                          0x08000323   Thumb Code     0  startup_stm32f405xx.o(.text)
    TIM6_DAC_IRQHandler                      0x08000323   Thumb Code     0  startup_stm32f405xx.o(.text)
    TIM7_IRQHandler                          0x08000323   Thumb Code     0  startup_stm32f405xx.o(.text)
    TIM8_BRK_TIM12_IRQHandler                0x08000323   Thumb Code     0  startup_stm32f405xx.o(.text)
    TIM8_CC_IRQHandler                       0x08000323   Thumb Code     0  startup_stm32f405xx.o(.text)
    TIM8_UP_TIM13_IRQHandler                 0x08000323   Thumb Code     0  startup_stm32f405xx.o(.text)
    UART4_IRQHandler                         0x08000323   Thumb Code     0  startup_stm32f405xx.o(.text)
    USART3_IRQHandler                        0x08000323   Thumb Code     0  startup_stm32f405xx.o(.text)
    WWDG_IRQHandler                          0x08000323   Thumb Code     0  startup_stm32f405xx.o(.text)
    __user_initial_stackheap                 0x08000325   Thumb Code     0  startup_stm32f405xx.o(.text)
    __aeabi_uldivmod                         0x08000349   Thumb Code     0  lludivv7m.o(.text)
    _ll_udiv                                 0x08000349   Thumb Code   238  lludivv7m.o(.text)
    __aeabi_memcpy                           0x08000437   Thumb Code     0  rt_memcpy_v6.o(.text)
    __rt_memcpy                              0x08000437   Thumb Code   138  rt_memcpy_v6.o(.text)
    _memcpy_lastbytes                        0x0800049d   Thumb Code     0  rt_memcpy_v6.o(.text)
    __aeabi_memcpy4                          0x080004c1   Thumb Code     0  rt_memcpy_w.o(.text)
    __aeabi_memcpy8                          0x080004c1   Thumb Code     0  rt_memcpy_w.o(.text)
    __rt_memcpy_w                            0x080004c1   Thumb Code   100  rt_memcpy_w.o(.text)
    _memcpy_lastbytes_aligned                0x08000509   Thumb Code     0  rt_memcpy_w.o(.text)
    __aeabi_memclr                           0x08000525   Thumb Code     0  rt_memclr.o(.text)
    __rt_memclr                              0x08000525   Thumb Code    68  rt_memclr.o(.text)
    _memset                                  0x08000529   Thumb Code     0  rt_memclr.o(.text)
    __aeabi_memclr4                          0x08000569   Thumb Code     0  rt_memclr_w.o(.text)
    __aeabi_memclr8                          0x08000569   Thumb Code     0  rt_memclr_w.o(.text)
    __rt_memclr_w                            0x08000569   Thumb Code    78  rt_memclr_w.o(.text)
    _memset_w                                0x0800056d   Thumb Code     0  rt_memclr_w.o(.text)
    __use_two_region_memory                  0x080005b7   Thumb Code     2  heapauxi.o(.text)
    __rt_heap_escrow$2region                 0x080005b9   Thumb Code     2  heapauxi.o(.text)
    __rt_heap_expand$2region                 0x080005bb   Thumb Code     2  heapauxi.o(.text)
    __read_errno                             0x080005bd   Thumb Code    10  _rserrno.o(.text)
    __set_errno                              0x080005c7   Thumb Code    12  _rserrno.o(.text)
    __aeabi_errno_addr                       0x080005d5   Thumb Code     8  rt_errno_addr_intlibspace.o(.text)
    __errno$intlibspace                      0x080005d5   Thumb Code     0  rt_errno_addr_intlibspace.o(.text)
    __rt_errno_addr$intlibspace              0x080005d5   Thumb Code     0  rt_errno_addr_intlibspace.o(.text)
    __user_libspace                          0x080005dd   Thumb Code     8  libspace.o(.text)
    __user_perproc_libspace                  0x080005dd   Thumb Code     0  libspace.o(.text)
    __user_perthread_libspace                0x080005dd   Thumb Code     0  libspace.o(.text)
    __user_setup_stackheap                   0x080005e5   Thumb Code    74  sys_stackheap_outer.o(.text)
    exit                                     0x0800062f   Thumb Code    18  exit.o(.text)
    _sys_exit                                0x08000641   Thumb Code     8  sys_exit.o(.text)
    __I$use$semihosting                      0x0800064d   Thumb Code     0  use_no_semi.o(.text)
    __use_no_semihosting_swi                 0x0800064d   Thumb Code     2  use_no_semi.o(.text)
    BusFault_Handler                         0x0800064f   Thumb Code     2  stm32f4xx_it.o(i.BusFault_Handler)
    __semihosting_library_function           0x0800064f   Thumb Code     0  indicate_semi.o(.text)
    CAN1_Init                                0x08000651   Thumb Code    38  drv_can.o(i.CAN1_Init)
    CAN1_RX0_IRQHandler                      0x0800067d   Thumb Code     6  stm32f4xx_it.o(i.CAN1_RX0_IRQHandler)
    CAN2_Init                                0x08000689   Thumb Code    38  drv_can.o(i.CAN2_Init)
    CAN2_RX0_IRQHandler                      0x080006b5   Thumb Code     6  stm32f4xx_it.o(i.CAN2_RX0_IRQHandler)
    CAN_Date_Decode                          0x080006c1   Thumb Code    24  can_receive.o(i.CAN_Date_Decode)
    CAN_MF9025_Decode                        0x0800070d   Thumb Code    26  can_receive.o(i.CAN_MF9025_Decode)
    CAN_cmd_chassis                          0x08000729   Thumb Code    46  can_receive.o(i.CAN_cmd_chassis)
    CHASSIS_TASK                             0x08000765   Thumb Code    12  freertos.o(i.CHASSIS_TASK)
    CRC08_Calculate                          0x08000771   Thumb Code    26  crc.o(i.CRC08_Calculate)
    CRC16_Calculate                          0x08000791   Thumb Code    36  crc.o(i.CRC16_Calculate)
    Chassis_Balance                          0x080007b9   Thumb Code   204  chassis_task.o(i.Chassis_Balance)
    Chassis_GET_Info                         0x08000891   Thumb Code   322  chassiscontrol_task.o(i.Chassis_GET_Info)
    Chassis_InitPID                          0x080009f9   Thumb Code     6  chassis_task.o(i.Chassis_InitPID)
    Chassis_KEY_C                            0x08000a05   Thumb Code    64  chassis_task.o(i.Chassis_KEY_C)
    Chassis_KEY_Ctrl                         0x08000a4d   Thumb Code   124  chassiscontrol_task.o(i.Chassis_KEY_Ctrl)
    Chassis_Normal                           0x08000ae9   Thumb Code   236  chassis_task.o(i.Chassis_Normal)
    Chassis_Normal_s                         0x08000bdd   Thumb Code   248  chassis_task.o(i.Chassis_Normal_s)
    Chassis_PID_Set                          0x08000ce1   Thumb Code    90  chassis_task.o(i.Chassis_PID_Set)
    Chassis_RC_Ctrl                          0x08000d5d   Thumb Code   124  chassiscontrol_task.o(i.Chassis_RC_Ctrl)
    Chassis_Stop                             0x08000df9   Thumb Code    14  chassis_task.o(i.Chassis_Stop)
    Chassis_Task                             0x08000e0d   Thumb Code    92  chassis_task.o(i.Chassis_Task)
    DMA1_Stream0_IRQHandler                  0x08000e71   Thumb Code     6  stm32f4xx_it.o(i.DMA1_Stream0_IRQHandler)
    DMA1_Stream5_IRQHandler                  0x08000e7d   Thumb Code     6  stm32f4xx_it.o(i.DMA1_Stream5_IRQHandler)
    DMA2_Stream2_IRQHandler                  0x08000e89   Thumb Code     6  stm32f4xx_it.o(i.DMA2_Stream2_IRQHandler)
    DMA2_Stream7_IRQHandler                  0x08000e95   Thumb Code     6  stm32f4xx_it.o(i.DMA2_Stream7_IRQHandler)
    DebugMon_Handler                         0x08000f45   Thumb Code     2  stm32f4xx_it.o(i.DebugMon_Handler)
    Determine_ID                             0x08000f49   Thumb Code   258  referee.o(i.Determine_ID)
    Driver_Init                              0x08001051   Thumb Code    18  driver.o(i.Driver_Init)
    Error_Handler                            0x08001063   Thumb Code     4  main.o(i.Error_Handler)
    Get_CRC16_Check_Sum                      0x08001069   Thumb Code    38  crc.o(i.Get_CRC16_Check_Sum)
    Get_CRC8_Check_Sum                       0x08001095   Thumb Code    24  crc.o(i.Get_CRC8_Check_Sum)
    HAL_CAN_ActivateNotification             0x080010b1   Thumb Code    36  stm32f4xx_hal_can.o(i.HAL_CAN_ActivateNotification)
    HAL_CAN_AddTxMessage                     0x080010d5   Thumb Code   208  stm32f4xx_hal_can.o(i.HAL_CAN_AddTxMessage)
    HAL_CAN_ConfigFilter                     0x080011a5   Thumb Code   262  stm32f4xx_hal_can.o(i.HAL_CAN_ConfigFilter)
    HAL_CAN_ErrorCallback                    0x080012b1   Thumb Code     2  stm32f4xx_hal_can.o(i.HAL_CAN_ErrorCallback)
    HAL_CAN_GetRxMessage                     0x080012b3   Thumb Code   244  stm32f4xx_hal_can.o(i.HAL_CAN_GetRxMessage)
    HAL_CAN_IRQHandler                       0x080013a7   Thumb Code   508  stm32f4xx_hal_can.o(i.HAL_CAN_IRQHandler)
    HAL_CAN_Init                             0x080015a3   Thumb Code   282  stm32f4xx_hal_can.o(i.HAL_CAN_Init)
    HAL_CAN_MspInit                          0x080016bd   Thumb Code   232  can.o(i.HAL_CAN_MspInit)
    HAL_CAN_RxFifo0FullCallback              0x080017bd   Thumb Code     2  stm32f4xx_hal_can.o(i.HAL_CAN_RxFifo0FullCallback)
    HAL_CAN_RxFifo0MsgPendingCallback        0x080017c1   Thumb Code   190  can_receive.o(i.HAL_CAN_RxFifo0MsgPendingCallback)
    HAL_CAN_RxFifo1FullCallback              0x0800189d   Thumb Code     2  stm32f4xx_hal_can.o(i.HAL_CAN_RxFifo1FullCallback)
    HAL_CAN_RxFifo1MsgPendingCallback        0x0800189f   Thumb Code     2  stm32f4xx_hal_can.o(i.HAL_CAN_RxFifo1MsgPendingCallback)
    HAL_CAN_SleepCallback                    0x080018a1   Thumb Code     2  stm32f4xx_hal_can.o(i.HAL_CAN_SleepCallback)
    HAL_CAN_Start                            0x080018a5   Thumb Code    88  stm32f4xx_hal_can.o(i.HAL_CAN_Start)
    HAL_CAN_TxMailbox0AbortCallback          0x080018fd   Thumb Code     2  stm32f4xx_hal_can.o(i.HAL_CAN_TxMailbox0AbortCallback)
    HAL_CAN_TxMailbox0CompleteCallback       0x080018ff   Thumb Code     2  stm32f4xx_hal_can.o(i.HAL_CAN_TxMailbox0CompleteCallback)
    HAL_CAN_TxMailbox1AbortCallback          0x08001901   Thumb Code     2  stm32f4xx_hal_can.o(i.HAL_CAN_TxMailbox1AbortCallback)
    HAL_CAN_TxMailbox1CompleteCallback       0x08001903   Thumb Code     2  stm32f4xx_hal_can.o(i.HAL_CAN_TxMailbox1CompleteCallback)
    HAL_CAN_TxMailbox2AbortCallback          0x08001905   Thumb Code     2  stm32f4xx_hal_can.o(i.HAL_CAN_TxMailbox2AbortCallback)
    HAL_CAN_TxMailbox2CompleteCallback       0x08001907   Thumb Code     2  stm32f4xx_hal_can.o(i.HAL_CAN_TxMailbox2CompleteCallback)
    HAL_CAN_WakeUpFromRxMsgCallback          0x08001909   Thumb Code     2  stm32f4xx_hal_can.o(i.HAL_CAN_WakeUpFromRxMsgCallback)
    HAL_DMA_Abort                            0x0800190b   Thumb Code   146  stm32f4xx_hal_dma.o(i.HAL_DMA_Abort)
    HAL_DMA_Abort_IT                         0x0800199d   Thumb Code    36  stm32f4xx_hal_dma.o(i.HAL_DMA_Abort_IT)
    HAL_DMA_IRQHandler                       0x080019c1   Thumb Code   412  stm32f4xx_hal_dma.o(i.HAL_DMA_IRQHandler)
    HAL_DMA_Init                             0x08001b61   Thumb Code   206  stm32f4xx_hal_dma.o(i.HAL_DMA_Init)
    HAL_DMA_Start_IT                         0x08001c35   Thumb Code   110  stm32f4xx_hal_dma.o(i.HAL_DMA_Start_IT)
    HAL_Delay                                0x08001ca5   Thumb Code    32  stm32f4xx_hal.o(i.HAL_Delay)
    HAL_GPIO_Init                            0x08001cc9   Thumb Code   450  stm32f4xx_hal_gpio.o(i.HAL_GPIO_Init)
    HAL_GetTick                              0x08001eb9   Thumb Code     6  stm32f4xx_hal.o(i.HAL_GetTick)
    HAL_IWDG_Init                            0x08001ec5   Thumb Code    90  stm32f4xx_hal_iwdg.o(i.HAL_IWDG_Init)
    HAL_IWDG_Refresh                         0x08001f1f   Thumb Code    12  stm32f4xx_hal_iwdg.o(i.HAL_IWDG_Refresh)
    HAL_IncTick                              0x08001f2d   Thumb Code    12  stm32f4xx_hal.o(i.HAL_IncTick)
    HAL_Init                                 0x08001f3d   Thumb Code    48  stm32f4xx_hal.o(i.HAL_Init)
    HAL_InitTick                             0x08001f71   Thumb Code   132  stm32f4xx_hal_timebase_tim.o(i.HAL_InitTick)
    HAL_MspInit                              0x08002009   Thumb Code    52  stm32f4xx_hal_msp.o(i.HAL_MspInit)
    HAL_NVIC_EnableIRQ                       0x08002041   Thumb Code    26  stm32f4xx_hal_cortex.o(i.HAL_NVIC_EnableIRQ)
    HAL_NVIC_SetPriority                     0x0800205d   Thumb Code    60  stm32f4xx_hal_cortex.o(i.HAL_NVIC_SetPriority)
    HAL_NVIC_SetPriorityGrouping             0x0800209d   Thumb Code    26  stm32f4xx_hal_cortex.o(i.HAL_NVIC_SetPriorityGrouping)
    HAL_RCC_ClockConfig                      0x080020c1   Thumb Code   288  stm32f4xx_hal_rcc.o(i.HAL_RCC_ClockConfig)
    HAL_RCC_GetClockConfig                   0x080021f5   Thumb Code    54  stm32f4xx_hal_rcc.o(i.HAL_RCC_GetClockConfig)
    HAL_RCC_GetPCLK1Freq                     0x08002235   Thumb Code    20  stm32f4xx_hal_rcc.o(i.HAL_RCC_GetPCLK1Freq)
    HAL_RCC_GetPCLK2Freq                     0x08002255   Thumb Code    20  stm32f4xx_hal_rcc.o(i.HAL_RCC_GetPCLK2Freq)
    HAL_RCC_GetSysClockFreq                  0x08002275   Thumb Code    88  stm32f4xx_hal_rcc.o(i.HAL_RCC_GetSysClockFreq)
    HAL_RCC_OscConfig                        0x080022d9   Thumb Code   856  stm32f4xx_hal_rcc.o(i.HAL_RCC_OscConfig)
    HAL_TIMEx_BreakCallback                  0x08002645   Thumb Code     2  stm32f4xx_hal_tim_ex.o(i.HAL_TIMEx_BreakCallback)
    HAL_TIMEx_CommutCallback                 0x08002647   Thumb Code     2  stm32f4xx_hal_tim_ex.o(i.HAL_TIMEx_CommutCallback)
    HAL_TIM_Base_Init                        0x08002649   Thumb Code    90  stm32f4xx_hal_tim.o(i.HAL_TIM_Base_Init)
    HAL_TIM_Base_MspInit                     0x080026a3   Thumb Code     2  stm32f4xx_hal_tim.o(i.HAL_TIM_Base_MspInit)
    HAL_TIM_Base_Start_IT                    0x080026a5   Thumb Code   100  stm32f4xx_hal_tim.o(i.HAL_TIM_Base_Start_IT)
    HAL_TIM_IC_CaptureCallback               0x08002725   Thumb Code     2  stm32f4xx_hal_tim.o(i.HAL_TIM_IC_CaptureCallback)
    HAL_TIM_IRQHandler                       0x08002727   Thumb Code   304  stm32f4xx_hal_tim.o(i.HAL_TIM_IRQHandler)
    HAL_TIM_OC_DelayElapsedCallback          0x08002857   Thumb Code     2  stm32f4xx_hal_tim.o(i.HAL_TIM_OC_DelayElapsedCallback)
    HAL_TIM_PWM_PulseFinishedCallback        0x08002859   Thumb Code     2  stm32f4xx_hal_tim.o(i.HAL_TIM_PWM_PulseFinishedCallback)
    HAL_TIM_PeriodElapsedCallback            0x0800285d   Thumb Code    14  main.o(i.HAL_TIM_PeriodElapsedCallback)
    HAL_TIM_TriggerCallback                  0x08002871   Thumb Code     2  stm32f4xx_hal_tim.o(i.HAL_TIM_TriggerCallback)
    HAL_UARTEx_RxEventCallback               0x08002873   Thumb Code     2  stm32f4xx_hal_uart.o(i.HAL_UARTEx_RxEventCallback)
    HAL_UART_DMAStop                         0x08002875   Thumb Code   112  stm32f4xx_hal_uart.o(i.HAL_UART_DMAStop)
    HAL_UART_ErrorCallback                   0x080028e5   Thumb Code     2  stm32f4xx_hal_uart.o(i.HAL_UART_ErrorCallback)
    HAL_UART_IRQHandler                      0x080028e9   Thumb Code   618  stm32f4xx_hal_uart.o(i.HAL_UART_IRQHandler)
    HAL_UART_Init                            0x08002b59   Thumb Code   100  stm32f4xx_hal_uart.o(i.HAL_UART_Init)
    HAL_UART_MspInit                         0x08002bbd   Thumb Code   660  usart.o(i.HAL_UART_MspInit)
    HAL_UART_Receive_DMA                     0x08002e81   Thumb Code    28  stm32f4xx_hal_uart.o(i.HAL_UART_Receive_DMA)
    HAL_UART_RxCpltCallback                  0x08002e9d   Thumb Code     2  stm32f4xx_hal_uart.o(i.HAL_UART_RxCpltCallback)
    HAL_UART_RxHalfCpltCallback              0x08002e9f   Thumb Code     2  stm32f4xx_hal_uart.o(i.HAL_UART_RxHalfCpltCallback)
    HAL_UART_Transmit_DMA                    0x08002ea1   Thumb Code   106  stm32f4xx_hal_uart.o(i.HAL_UART_Transmit_DMA)
    HAL_UART_TxCpltCallback                  0x08002f19   Thumb Code     2  stm32f4xx_hal_uart.o(i.HAL_UART_TxCpltCallback)
    HAL_UART_TxHalfCpltCallback              0x08002f1b   Thumb Code     2  stm32f4xx_hal_uart.o(i.HAL_UART_TxHalfCpltCallback)
    HardFault_Handler                        0x08002f1d   Thumb Code     2  stm32f4xx_it.o(i.HardFault_Handler)
    IMU_Init                                 0x08002f21   Thumb Code    14  hi229.o(i.IMU_Init)
    IMU_TASK                                 0x08002f39   Thumb Code    12  freertos.o(i.IMU_TASK)
    IMU_get                                  0x08002f45   Thumb Code    20  hi229.o(i.IMU_get)
    JUDGE_TASK                               0x08002f5d   Thumb Code   874  referee_ui.o(i.JUDGE_TASK)
    MF_9025_Init                             0x0800332d   Thumb Code    66  pid.o(i.MF_9025_Init)
    MF_9028_Balance_1                        0x08003379   Thumb Code    18  pid.o(i.MF_9028_Balance_1)
    MF_9028_Balance_2                        0x08003395   Thumb Code    22  pid.o(i.MF_9028_Balance_2)
    MF_9028_Balance_Kd                       0x080033bd   Thumb Code    20  pid.o(i.MF_9028_Balance_Kd)
    MF_9028_Balance_Kp                       0x080033dd   Thumb Code    22  pid.o(i.MF_9028_Balance_Kp)
    MF_9028_Chasssis_OUT                     0x08003405   Thumb Code    22  pid.o(i.MF_9028_Chasssis_OUT)
    MF_9028_PID_56                           0x0800342d   Thumb Code    22  pid.o(i.MF_9028_PID_56)
    MX_CAN1_Init                             0x08003455   Thumb Code    62  can.o(i.MX_CAN1_Init)
    MX_CAN2_Init                             0x0800349d   Thumb Code    62  can.o(i.MX_CAN2_Init)
    MX_DMA_Init                              0x080034e5   Thumb Code   104  dma.o(i.MX_DMA_Init)
    MX_FREERTOS_Init                         0x08003551   Thumb Code   118  freertos.o(i.MX_FREERTOS_Init)
    MX_GPIO_Init                             0x080035d1   Thumb Code    86  gpio.o(i.MX_GPIO_Init)
    MX_IWDG_Init                             0x0800362d   Thumb Code    36  iwdg.o(i.MX_IWDG_Init)
    MX_UART5_Init                            0x08003659   Thumb Code    48  usart.o(i.MX_UART5_Init)
    MX_USART1_UART_Init                      0x08003691   Thumb Code    48  usart.o(i.MX_USART1_UART_Init)
    MX_USART2_UART_Init                      0x080036c9   Thumb Code    54  usart.o(i.MX_USART2_UART_Init)
    MX_USART6_UART_Init                      0x0800370d   Thumb Code    48  usart.o(i.MX_USART6_UART_Init)
    MemManage_Handler                        0x08003745   Thumb Code     2  stm32f4xx_it.o(i.MemManage_Handler)
    Motor_Init                               0x08003747   Thumb Code     4  pid.o(i.Motor_Init)
    NMI_Handler                              0x0800374b   Thumb Code     2  stm32f4xx_it.o(i.NMI_Handler)
    PID_Position                             0x08003881   Thumb Code   362  pid.o(i.PID_Position)
    PID_clear                                0x080039eb   Thumb Code    22  pid.o(i.PID_clear)
    Packet_Decode                            0x08003a01   Thumb Code   232  packet.o(i.Packet_Decode)
    Packet_DecodeInit                        0x08003aed   Thumb Code    18  packet.o(i.Packet_DecodeInit)
    RC_Init                                  0x08003b05   Thumb Code    84  drv_usart.o(i.RC_Init)
    Referee_Decode                           0x08003b65   Thumb Code   366  referee.o(i.Referee_Decode)
    Remote_Control_Init                      0x08003cd9   Thumb Code    12  drv_usart.o(i.Remote_Control_Init)
    SYSTEM_STATE_TASK                        0x08003ce9   Thumb Code     8  freertos.o(i.SYSTEM_STATE_TASK)
    StartDefaultTask                         0x08003cf1   Thumb Code     8  freertos.o(i.StartDefaultTask)
    SysTick_Handler                          0x08003cf9   Thumb Code    38  port.o(i.SysTick_Handler)
    SystemClock_Config                       0x08003d25   Thumb Code   148  main.o(i.SystemClock_Config)
    SystemInit                               0x08003dc1   Thumb Code    12  system_stm32f4xx.o(i.SystemInit)
    TIM8_TRG_COM_TIM14_IRQHandler            0x08003dd1   Thumb Code     6  stm32f4xx_it.o(i.TIM8_TRG_COM_TIM14_IRQHandler)
    TIM_Base_SetConfig                       0x08003ddd   Thumb Code   170  stm32f4xx_hal_tim.o(i.TIM_Base_SetConfig)
    UART5_IRQHandler                         0x08003eb5   Thumb Code    18  stm32f4xx_it.o(i.UART5_IRQHandler)
    UART_IRQHandler_IT                       0x08004081   Thumb Code   294  drv_usart.o(i.UART_IRQHandler_IT)
    UART_Start_Receive_DMA                   0x0800439d   Thumb Code   130  stm32f4xx_hal_uart.o(i.UART_Start_Receive_DMA)
    UI_Draw_Float                            0x0800442d   Thumb Code   162  referee_ui.o(i.UI_Draw_Float)
    UI_Draw_Line                             0x080044d5   Thumb Code   112  referee_ui.o(i.UI_Draw_Line)
    UI_Draw_String                           0x08004545   Thumb Code   146  referee_ui.o(i.UI_Draw_String)
    UI_PushUp_Graphs                         0x080045d9   Thumb Code   226  referee_ui.o(i.UI_PushUp_Graphs)
    UI_PushUp_String                         0x080046c1   Thumb Code    84  referee_ui.o(i.UI_PushUp_String)
    USART1_IRQHandler                        0x08004719   Thumb Code    18  stm32f4xx_it.o(i.USART1_IRQHandler)
    USART2_IRQHandler                        0x08004731   Thumb Code    18  stm32f4xx_it.o(i.USART2_IRQHandler)
    USART6_IRQHandler                        0x08004749   Thumb Code     6  stm32f4xx_it.o(i.USART6_IRQHandler)
    USART_Init                               0x08004755   Thumb Code    60  drv_usart.o(i.USART_Init)
    UsageFault_Handler                       0x080047a1   Thumb Code     2  stm32f4xx_it.o(i.UsageFault_Handler)
    Verify_CRC16_Check_Sum                   0x080047a5   Thumb Code    54  crc.o(i.Verify_CRC16_Check_Sum)
    Verify_CRC8_Check_Sum                    0x080047e1   Thumb Code    38  crc.o(i.Verify_CRC8_Check_Sum)
    XY_Speed                                 0x08004807   Thumb Code    40  chassiscontrol_task.o(i.XY_Speed)
    YAW_Angle_Over_Zero                      0x08004831   Thumb Code    44  chassiscontrol_task.o(i.YAW_Angle_Over_Zero)
    __ARM_fpclassifyf                        0x08004869   Thumb Code    38  fpclassifyf.o(i.__ARM_fpclassifyf)
    __hardfp_atan2f                          0x080048b1   Thumb Code   594  atan2f.o(i.__hardfp_atan2f)
    __hardfp_sqrt                            0x08004b5d   Thumb Code   122  sqrt.o(i.__hardfp_sqrt)
    __mathlib_flt_infnan2                    0x08004bd7   Thumb Code     6  funder.o(i.__mathlib_flt_infnan2)
    __mathlib_flt_underflow                  0x08004bdd   Thumb Code    10  funder.o(i.__mathlib_flt_underflow)
    anti_constrain                           0x08004bed   Thumb Code    26  pid.o(i.anti_constrain)
    get_eular                                0x08004c3d   Thumb Code    12  hi229.o(i.get_eular)
    get_raw_gyo                              0x08004c4d   Thumb Code    16  hi229.o(i.get_raw_gyo)
    main                                     0x08004c61   Thumb Code    76  main.o(i.main)
    micros                                   0x08004cc1   Thumb Code    68  system_task.o(i.micros)
    osDelay                                  0x08004d05   Thumb Code    14  cmsis_os.o(i.osDelay)
    osKernelStart                            0x08004d13   Thumb Code    10  cmsis_os.o(i.osKernelStart)
    osThreadCreate                           0x08004d1d   Thumb Code    84  cmsis_os.o(i.osThreadCreate)
    pvPortMalloc                             0x080050bd   Thumb Code   216  heap_4.o(i.pvPortMalloc)
    pxPortInitialiseStack                    0x08005199   Thumb Code    40  port.o(i.pxPortInitialiseStack)
    sbus_to_rc                               0x080051c5   Thumb Code   210  remote_control.o(i.sbus_to_rc)
    speed_control                            0x08005299   Thumb Code   146  chassiscontrol_task.o(i.speed_control)
    uxListRemove                             0x08005341   Thumb Code    38  list.o(i.uxListRemove)
    vApplicationGetIdleTaskMemory            0x08005369   Thumb Code    16  freertos.o(i.vApplicationGetIdleTaskMemory)
    vListInitialise                          0x0800537d   Thumb Code    22  list.o(i.vListInitialise)
    vListInitialiseItem                      0x08005393   Thumb Code     6  list.o(i.vListInitialiseItem)
    vListInsert                              0x08005399   Thumb Code    48  list.o(i.vListInsert)
    vListInsertEnd                           0x080053c9   Thumb Code    24  list.o(i.vListInsertEnd)
    vPortEnterCritical                       0x080053e1   Thumb Code    54  port.o(i.vPortEnterCritical)
    vPortExitCritical                        0x08005421   Thumb Code    34  port.o(i.vPortExitCritical)
    vPortFree                                0x08005449   Thumb Code    94  heap_4.o(i.vPortFree)
    vPortSetupTimerInterrupt                 0x080054ad   Thumb Code    32  port.o(i.vPortSetupTimerInterrupt)
    vTaskDelay                               0x080054d1   Thumb Code    66  tasks.o(i.vTaskDelay)
    vTaskStartScheduler                      0x0800551d   Thumb Code    90  tasks.o(i.vTaskStartScheduler)
    vTaskSuspendAll                          0x08005589   Thumb Code    10  tasks.o(i.vTaskSuspendAll)
    vTaskSwitchContext                       0x08005599   Thumb Code    82  tasks.o(i.vTaskSwitchContext)
    xPortStartScheduler                      0x080055f5   Thumb Code   222  port.o(i.xPortStartScheduler)
    xTaskCreate                              0x080056e9   Thumb Code    90  tasks.o(i.xTaskCreate)
    xTaskCreateStatic                        0x08005743   Thumb Code    86  tasks.o(i.xTaskCreateStatic)
    xTaskIncrementTick                       0x08005799   Thumb Code   194  tasks.o(i.xTaskIncrementTick)
    xTaskResumeAll                           0x08005865   Thumb Code   182  tasks.o(i.xTaskResumeAll)
    __aeabi_d2f                              0x08005929   Thumb Code     0  d2f.o(x$fpl$d2f)
    _d2f                                     0x08005929   Thumb Code    98  d2f.o(x$fpl$d2f)
    __aeabi_ddiv                             0x0800598d   Thumb Code     0  ddiv.o(x$fpl$ddiv)
    _ddiv                                    0x0800598d   Thumb Code   552  ddiv.o(x$fpl$ddiv)
    __aeabi_i2d                              0x08005c3d   Thumb Code     0  dflt_clz.o(x$fpl$dflt)
    _dflt                                    0x08005c3d   Thumb Code    46  dflt_clz.o(x$fpl$dflt)
    __aeabi_dmul                             0x08005c6d   Thumb Code     0  dmul.o(x$fpl$dmul)
    _dmul                                    0x08005c6d   Thumb Code   332  dmul.o(x$fpl$dmul)
    __fpl_dnaninf                            0x08005dc1   Thumb Code   156  dnaninf.o(x$fpl$dnaninf)
    __fpl_dretinf                            0x08005e5d   Thumb Code    12  dretinf.o(x$fpl$dretinf)
    _dsqrt                                   0x08005e69   Thumb Code   404  dsqrt_umaal.o(x$fpl$dsqrt)
    __aeabi_f2d                              0x08006001   Thumb Code     0  f2d.o(x$fpl$f2d)
    _f2d                                     0x08006001   Thumb Code    86  f2d.o(x$fpl$f2d)
    __fpl_fnaninf                            0x08006057   Thumb Code   140  fnaninf.o(x$fpl$fnaninf)
    _fp_init                                 0x080060e3   Thumb Code    10  fpinit.o(x$fpl$fpinit)
    __fplib_config_fpu_vfp                   0x080060eb   Thumb Code     0  fpinit.o(x$fpl$fpinit)
    __fplib_config_pureend_doubles           0x080060eb   Thumb Code     0  fpinit.o(x$fpl$fpinit)
    __fpl_fretinf                            0x080060ed   Thumb Code    10  fretinf.o(x$fpl$fretinf)
    __I$use$fp                               0x080060f6   Number         0  usenofp.o(x$fpl$usenofp)
    CRC8_TAB                                 0x08006184   Data         256  crc.o(.constdata)
    wCRC_Table                               0x08006284   Data         512  crc.o(.constdata)
    CRC08_Table                              0x08006484   Data         256  crc.o(.constdata)
    CRC16_Table                              0x08006584   Data         512  crc.o(.constdata)
    AHBPrescTable                            0x0800678c   Data          16  system_stm32f4xx.o(.constdata)
    APBPrescTable                            0x0800679c   Data           8  system_stm32f4xx.o(.constdata)
    Region$$Table$$Base                      0x080067e8   Number         0  anon$$obj.o(Region$$Table)
    Region$$Table$$Limit                     0x08006808   Number         0  anon$$obj.o(Region$$Table)
    defaultTaskHandle                        0x20000000   Data           4  freertos.o(.data)
    system_state_taHandle                    0x20000004   Data           4  freertos.o(.data)
    chassis_taskHandle                       0x20000008   Data           4  freertos.o(.data)
    imu_taskHandle                           0x2000000c   Data           4  freertos.o(.data)
    judge_taskHandle                         0x20000010   Data           4  freertos.o(.data)
    s1                                       0x20000018   Data           2  can_receive.o(.data)
    s2                                       0x2000001a   Data           2  can_receive.o(.data)
    Gimbal_YAW                               0x2000001c   Data           7  can_receive.o(.data)
    y01                                      0x20000072   Data           2  referee_ui.o(.data)
    y02                                      0x20000074   Data           2  referee_ui.o(.data)
    y03                                      0x20000076   Data           2  referee_ui.o(.data)
    y04                                      0x20000078   Data           2  referee_ui.o(.data)
    System                                   0x20000080   Data           3  system_task.o(.data)
    Remote_time                              0x20000088   Data           8  system_task.o(.data)
    Imu_time                                 0x20000090   Data           8  system_task.o(.data)
    mode                                     0x20000098   Data           1  chassis_task.o(.data)
    Chassis                                  0x200000a4   Data         620  chassis_task.o(.data)
    CRC_INIT                                 0x20000310   Data           2  crc.o(.data)
    Param_2                                  0x20000312   Data          12  pid.o(.data)
    Param_3                                  0x2000031e   Data          12  pid.o(.data)
    Param_4                                  0x2000032a   Data          12  pid.o(.data)
    Param_5                                  0x20000336   Data          12  pid.o(.data)
    Param_6                                  0x20000342   Data          12  pid.o(.data)
    Chasssis_OUT                             0x2000034e   Data          12  pid.o(.data)
    uwTickFreq                               0x2000035c   Data           1  stm32f4xx_hal.o(.data)
    uwTickPrio                               0x20000360   Data           4  stm32f4xx_hal.o(.data)
    uwTick                                   0x20000364   Data           4  stm32f4xx_hal.o(.data)
    SystemCoreClock                          0x20000368   Data           4  system_stm32f4xx.o(.data)
    pxCurrentTCB                             0x2000036c   Data           4  tasks.o(.data)
    hcan1                                    0x20000628   Data          40  can.o(.bss)
    hcan2                                    0x20000650   Data          40  can.o(.bss)
    hiwdg                                    0x20000678   Data          12  iwdg.o(.bss)
    huart5                                   0x20000684   Data          72  usart.o(.bss)
    huart1                                   0x200006cc   Data          72  usart.o(.bss)
    huart2                                   0x20000714   Data          72  usart.o(.bss)
    huart6                                   0x2000075c   Data          72  usart.o(.bss)
    hdma_uart5_rx                            0x200007a4   Data          96  usart.o(.bss)
    hdma_usart1_rx                           0x20000804   Data          96  usart.o(.bss)
    hdma_usart1_tx                           0x20000864   Data          96  usart.o(.bss)
    hdma_usart2_rx                           0x200008c4   Data          96  usart.o(.bss)
    htim14                                   0x20000924   Data          72  stm32f4xx_hal_timebase_tim.o(.bss)
    super_capacitor                          0x200009b4   Data          20  can_receive.o(.bss)
    IMU_Get_Data                             0x20000a70   Data          20  hi229.o(.bss)
    RC_Ctrl                                  0x20000a84   Data          22  remote_control.o(.bss)
    Judge_Buffer                             0x20000a9a   Data         200  drv_usart.o(.bss)
    Dbus_Buffer                              0x20000b62   Data          72  drv_usart.o(.bss)
    IMU_Buffer                               0x20000baa   Data         128  drv_usart.o(.bss)
    REF                                      0x20000c2a   Data         154  referee.o(.bss)
    UI_Graph2                                0x20000cc4   Data          45  referee_ui.o(.bss)
    UI_Graph5                                0x20000cf1   Data          90  referee_ui.o(.bss)
    UI_Graph7                                0x20000d4b   Data         120  referee_ui.o(.bss)
    UI_String                                0x20000dc3   Data          60  referee_ui.o(.bss)
    Param_1                                  0x20000dff   Data          12  pid.o(.bss)
    __libspace_start                         0x20004afc   Data          96  libspace.o(.bss)
    __temporary_stack_top$libspace           0x20004b5c   Data           0  libspace.o(.bss)



==============================================================================

Memory Map of the image

  Image Entry point : 0x08000189

  Load Region LR_IROM1 (Base: 0x08000000, Size: 0x00006bdc, Max: 0x00100000, ABSOLUTE, COMPRESSED[0x0000684c])

    Execution Region ER_IROM1 (Exec base: 0x08000000, Load base: 0x08000000, Size: 0x00006808, Max: 0x00100000, ABSOLUTE)

    Exec Addr    Load Addr    Size         Type   Attr      Idx    E Section Name        Object

    0x08000000   0x08000000   0x00000188   Data   RO         1764    RESET               startup_stm32f405xx.o
    0x08000188   0x08000188   0x00000008   Code   RO         5858  * !!!main             c_w.l(__main.o)
    0x08000190   0x08000190   0x00000034   Code   RO         6107    !!!scatter          c_w.l(__scatter.o)
    0x080001c4   0x080001c4   0x0000003a   Code   RO         6105    !!dczerorl          c_w.l(__dczerorl.o)
    0x080001fe   0x080001fe   0x00000002   PAD
    0x08000200   0x08000200   0x0000001c   Code   RO         6109    !!handler_zi        c_w.l(__scatter_zi.o)
    0x0800021c   0x0800021c   0x00000002   Code   RO         5976    .ARM.Collect$$libinit$$00000000  c_w.l(libinit.o)
    0x0800021e   0x0800021e   0x00000004   Code   RO         5985    .ARM.Collect$$libinit$$00000001  c_w.l(libinit2.o)
    0x08000222   0x08000222   0x00000000   Code   RO         5988    .ARM.Collect$$libinit$$00000004  c_w.l(libinit2.o)
    0x08000222   0x08000222   0x00000000   Code   RO         5991    .ARM.Collect$$libinit$$0000000A  c_w.l(libinit2.o)
    0x08000222   0x08000222   0x00000000   Code   RO         5993    .ARM.Collect$$libinit$$0000000C  c_w.l(libinit2.o)
    0x08000222   0x08000222   0x00000000   Code   RO         5995    .ARM.Collect$$libinit$$0000000E  c_w.l(libinit2.o)
    0x08000222   0x08000222   0x00000000   Code   RO         5998    .ARM.Collect$$libinit$$00000011  c_w.l(libinit2.o)
    0x08000222   0x08000222   0x00000000   Code   RO         6000    .ARM.Collect$$libinit$$00000013  c_w.l(libinit2.o)
    0x08000222   0x08000222   0x00000000   Code   RO         6002    .ARM.Collect$$libinit$$00000015  c_w.l(libinit2.o)
    0x08000222   0x08000222   0x00000000   Code   RO         6004    .ARM.Collect$$libinit$$00000017  c_w.l(libinit2.o)
    0x08000222   0x08000222   0x00000000   Code   RO         6006    .ARM.Collect$$libinit$$00000019  c_w.l(libinit2.o)
    0x08000222   0x08000222   0x00000000   Code   RO         6008    .ARM.Collect$$libinit$$0000001B  c_w.l(libinit2.o)
    0x08000222   0x08000222   0x00000000   Code   RO         6010    .ARM.Collect$$libinit$$0000001D  c_w.l(libinit2.o)
    0x08000222   0x08000222   0x00000000   Code   RO         6012    .ARM.Collect$$libinit$$0000001F  c_w.l(libinit2.o)
    0x08000222   0x08000222   0x00000000   Code   RO         6014    .ARM.Collect$$libinit$$00000021  c_w.l(libinit2.o)
    0x08000222   0x08000222   0x00000000   Code   RO         6016    .ARM.Collect$$libinit$$00000023  c_w.l(libinit2.o)
    0x08000222   0x08000222   0x00000000   Code   RO         6018    .ARM.Collect$$libinit$$00000025  c_w.l(libinit2.o)
    0x08000222   0x08000222   0x00000000   Code   RO         6022    .ARM.Collect$$libinit$$0000002C  c_w.l(libinit2.o)
    0x08000222   0x08000222   0x00000000   Code   RO         6024    .ARM.Collect$$libinit$$0000002E  c_w.l(libinit2.o)
    0x08000222   0x08000222   0x00000000   Code   RO         6026    .ARM.Collect$$libinit$$00000030  c_w.l(libinit2.o)
    0x08000222   0x08000222   0x00000000   Code   RO         6028    .ARM.Collect$$libinit$$00000032  c_w.l(libinit2.o)
    0x08000222   0x08000222   0x00000002   Code   RO         6029    .ARM.Collect$$libinit$$00000033  c_w.l(libinit2.o)
    0x08000224   0x08000224   0x00000002   Code   RO         6060    .ARM.Collect$$libshutdown$$00000000  c_w.l(libshutdown.o)
    0x08000226   0x08000226   0x00000000   Code   RO         6086    .ARM.Collect$$libshutdown$$00000002  c_w.l(libshutdown2.o)
    0x08000226   0x08000226   0x00000000   Code   RO         6088    .ARM.Collect$$libshutdown$$00000004  c_w.l(libshutdown2.o)
    0x08000226   0x08000226   0x00000000   Code   RO         6090    .ARM.Collect$$libshutdown$$00000006  c_w.l(libshutdown2.o)
    0x08000226   0x08000226   0x00000000   Code   RO         6093    .ARM.Collect$$libshutdown$$00000009  c_w.l(libshutdown2.o)
    0x08000226   0x08000226   0x00000000   Code   RO         6096    .ARM.Collect$$libshutdown$$0000000C  c_w.l(libshutdown2.o)
    0x08000226   0x08000226   0x00000000   Code   RO         6098    .ARM.Collect$$libshutdown$$0000000E  c_w.l(libshutdown2.o)
    0x08000226   0x08000226   0x00000000   Code   RO         6101    .ARM.Collect$$libshutdown$$00000011  c_w.l(libshutdown2.o)
    0x08000226   0x08000226   0x00000002   Code   RO         6102    .ARM.Collect$$libshutdown$$00000012  c_w.l(libshutdown2.o)
    0x08000228   0x08000228   0x00000000   Code   RO         5900    .ARM.Collect$$rtentry$$00000000  c_w.l(__rtentry.o)
    0x08000228   0x08000228   0x00000000   Code   RO         5937    .ARM.Collect$$rtentry$$00000002  c_w.l(__rtentry2.o)
    0x08000228   0x08000228   0x00000006   Code   RO         5949    .ARM.Collect$$rtentry$$00000004  c_w.l(__rtentry4.o)
    0x0800022e   0x0800022e   0x00000000   Code   RO         5939    .ARM.Collect$$rtentry$$00000009  c_w.l(__rtentry2.o)
    0x0800022e   0x0800022e   0x00000004   Code   RO         5940    .ARM.Collect$$rtentry$$0000000A  c_w.l(__rtentry2.o)
    0x08000232   0x08000232   0x00000000   Code   RO         5942    .ARM.Collect$$rtentry$$0000000C  c_w.l(__rtentry2.o)
    0x08000232   0x08000232   0x00000008   Code   RO         5943    .ARM.Collect$$rtentry$$0000000D  c_w.l(__rtentry2.o)
    0x0800023a   0x0800023a   0x00000002   Code   RO         5977    .ARM.Collect$$rtexit$$00000000  c_w.l(rtexit.o)
    0x0800023c   0x0800023c   0x00000000   Code   RO         6033    .ARM.Collect$$rtexit$$00000002  c_w.l(rtexit2.o)
    0x0800023c   0x0800023c   0x00000004   Code   RO         6034    .ARM.Collect$$rtexit$$00000003  c_w.l(rtexit2.o)
    0x08000240   0x08000240   0x00000006   Code   RO         6035    .ARM.Collect$$rtexit$$00000004  c_w.l(rtexit2.o)
    0x08000246   0x08000246   0x00000002   PAD
    0x08000248   0x08000248   0x000000be   Code   RO         5765    .emb_text           port.o
    0x08000306   0x08000306   0x00000002   PAD
    0x08000308   0x08000308   0x00000040   Code   RO         1765    .text               startup_stm32f405xx.o
    0x08000348   0x08000348   0x000000ee   Code   RO         5844    .text               c_w.l(lludivv7m.o)
    0x08000436   0x08000436   0x0000008a   Code   RO         5846    .text               c_w.l(rt_memcpy_v6.o)
    0x080004c0   0x080004c0   0x00000064   Code   RO         5848    .text               c_w.l(rt_memcpy_w.o)
    0x08000524   0x08000524   0x00000044   Code   RO         5852    .text               c_w.l(rt_memclr.o)
    0x08000568   0x08000568   0x0000004e   Code   RO         5854    .text               c_w.l(rt_memclr_w.o)
    0x080005b6   0x080005b6   0x00000006   Code   RO         5856    .text               c_w.l(heapauxi.o)
    0x080005bc   0x080005bc   0x00000016   Code   RO         5905    .text               c_w.l(_rserrno.o)
    0x080005d2   0x080005d2   0x00000002   PAD
    0x080005d4   0x080005d4   0x00000008   Code   RO         5956    .text               c_w.l(rt_errno_addr_intlibspace.o)
    0x080005dc   0x080005dc   0x00000008   Code   RO         5960    .text               c_w.l(libspace.o)
    0x080005e4   0x080005e4   0x0000004a   Code   RO         5963    .text               c_w.l(sys_stackheap_outer.o)
    0x0800062e   0x0800062e   0x00000012   Code   RO         5965    .text               c_w.l(exit.o)
    0x08000640   0x08000640   0x0000000c   Code   RO         6030    .text               c_w.l(sys_exit.o)
    0x0800064c   0x0800064c   0x00000002   Code   RO         6049    .text               c_w.l(use_no_semi.o)
    0x0800064e   0x0800064e   0x00000000   Code   RO         6051    .text               c_w.l(indicate_semi.o)
    0x0800064e   0x0800064e   0x00000002   Code   RO          530    i.BusFault_Handler  stm32f4xx_it.o
    0x08000650   0x08000650   0x0000002c   Code   RO         1047    i.CAN1_Init         drv_can.o
    0x0800067c   0x0800067c   0x0000000c   Code   RO          531    i.CAN1_RX0_IRQHandler  stm32f4xx_it.o
    0x08000688   0x08000688   0x0000002c   Code   RO         1048    i.CAN2_Init         drv_can.o
    0x080006b4   0x080006b4   0x0000000c   Code   RO          532    i.CAN2_RX0_IRQHandler  stm32f4xx_it.o
    0x080006c0   0x080006c0   0x00000018   Code   RO          717    i.CAN_Date_Decode   can_receive.o
    0x080006d8   0x080006d8   0x00000034   Code   RO         1049    i.CAN_Filter_Init   drv_can.o
    0x0800070c   0x0800070c   0x0000001a   Code   RO          718    i.CAN_MF9025_Decode  can_receive.o
    0x08000726   0x08000726   0x00000002   PAD
    0x08000728   0x08000728   0x0000003c   Code   RO          720    i.CAN_cmd_chassis   can_receive.o
    0x08000764   0x08000764   0x0000000c   Code   RO          299    i.CHASSIS_TASK      freertos.o
    0x08000770   0x08000770   0x00000020   Code   RO         1568    i.CRC08_Calculate   crc.o
    0x08000790   0x08000790   0x00000028   Code   RO         1571    i.CRC16_Calculate   crc.o
    0x080007b8   0x080007b8   0x000000d8   Code   RO         1443    i.Chassis_Balance   chassis_task.o
    0x08000890   0x08000890   0x00000168   Code   RO         1331    i.Chassis_GET_Info  chassiscontrol_task.o
    0x080009f8   0x080009f8   0x0000000c   Code   RO         1444    i.Chassis_InitPID   chassis_task.o
    0x08000a04   0x08000a04   0x00000048   Code   RO         1445    i.Chassis_KEY_C     chassis_task.o
    0x08000a4c   0x08000a4c   0x0000009c   Code   RO         1332    i.Chassis_KEY_Ctrl  chassiscontrol_task.o
    0x08000ae8   0x08000ae8   0x000000f4   Code   RO         1446    i.Chassis_Normal    chassis_task.o
    0x08000bdc   0x08000bdc   0x00000104   Code   RO         1447    i.Chassis_Normal_s  chassis_task.o
    0x08000ce0   0x08000ce0   0x0000007c   Code   RO         1449    i.Chassis_PID_Set   chassis_task.o
    0x08000d5c   0x08000d5c   0x0000009c   Code   RO         1333    i.Chassis_RC_Ctrl   chassiscontrol_task.o
    0x08000df8   0x08000df8   0x00000014   Code   RO         1451    i.Chassis_Stop      chassis_task.o
    0x08000e0c   0x08000e0c   0x00000064   Code   RO         1452    i.Chassis_Task      chassis_task.o
    0x08000e70   0x08000e70   0x0000000c   Code   RO          533    i.DMA1_Stream0_IRQHandler  stm32f4xx_it.o
    0x08000e7c   0x08000e7c   0x0000000c   Code   RO          534    i.DMA1_Stream5_IRQHandler  stm32f4xx_it.o
    0x08000e88   0x08000e88   0x0000000c   Code   RO          535    i.DMA2_Stream2_IRQHandler  stm32f4xx_it.o
    0x08000e94   0x08000e94   0x0000000c   Code   RO          536    i.DMA2_Stream7_IRQHandler  stm32f4xx_it.o
    0x08000ea0   0x08000ea0   0x00000028   Code   RO         2465    i.DMA_CalcBaseAndBitshift  stm32f4xx_hal_dma.o
    0x08000ec8   0x08000ec8   0x00000054   Code   RO         2466    i.DMA_CheckFifoParam  stm32f4xx_hal_dma.o
    0x08000f1c   0x08000f1c   0x00000028   Code   RO         2467    i.DMA_SetConfig     stm32f4xx_hal_dma.o
    0x08000f44   0x08000f44   0x00000002   Code   RO          537    i.DebugMon_Handler  stm32f4xx_it.o
    0x08000f46   0x08000f46   0x00000002   PAD
    0x08000f48   0x08000f48   0x00000108   Code   RO         1129    i.Determine_ID      referee.o
    0x08001050   0x08001050   0x00000012   Code   RO         1014    i.Driver_Init       driver.o
    0x08001062   0x08001062   0x00000004   Code   RO            4    i.Error_Handler     main.o
    0x08001066   0x08001066   0x00000002   PAD
    0x08001068   0x08001068   0x0000002c   Code   RO         1573    i.Get_CRC16_Check_Sum  crc.o
    0x08001094   0x08001094   0x0000001c   Code   RO         1574    i.Get_CRC8_Check_Sum  crc.o
    0x080010b0   0x080010b0   0x00000024   Code   RO         1773    i.HAL_CAN_ActivateNotification  stm32f4xx_hal_can.o
    0x080010d4   0x080010d4   0x000000d0   Code   RO         1774    i.HAL_CAN_AddTxMessage  stm32f4xx_hal_can.o
    0x080011a4   0x080011a4   0x0000010c   Code   RO         1775    i.HAL_CAN_ConfigFilter  stm32f4xx_hal_can.o
    0x080012b0   0x080012b0   0x00000002   Code   RO         1778    i.HAL_CAN_ErrorCallback  stm32f4xx_hal_can.o
    0x080012b2   0x080012b2   0x000000f4   Code   RO         1781    i.HAL_CAN_GetRxMessage  stm32f4xx_hal_can.o
    0x080013a6   0x080013a6   0x000001fc   Code   RO         1785    i.HAL_CAN_IRQHandler  stm32f4xx_hal_can.o
    0x080015a2   0x080015a2   0x0000011a   Code   RO         1786    i.HAL_CAN_Init      stm32f4xx_hal_can.o
    0x080016bc   0x080016bc   0x00000100   Code   RO          368    i.HAL_CAN_MspInit   can.o
    0x080017bc   0x080017bc   0x00000002   Code   RO         1793    i.HAL_CAN_RxFifo0FullCallback  stm32f4xx_hal_can.o
    0x080017be   0x080017be   0x00000002   PAD
    0x080017c0   0x080017c0   0x000000dc   Code   RO          722    i.HAL_CAN_RxFifo0MsgPendingCallback  can_receive.o
    0x0800189c   0x0800189c   0x00000002   Code   RO         1795    i.HAL_CAN_RxFifo1FullCallback  stm32f4xx_hal_can.o
    0x0800189e   0x0800189e   0x00000002   Code   RO         1796    i.HAL_CAN_RxFifo1MsgPendingCallback  stm32f4xx_hal_can.o
    0x080018a0   0x080018a0   0x00000002   Code   RO         1797    i.HAL_CAN_SleepCallback  stm32f4xx_hal_can.o
    0x080018a2   0x080018a2   0x00000002   PAD
    0x080018a4   0x080018a4   0x00000058   Code   RO         1798    i.HAL_CAN_Start     stm32f4xx_hal_can.o
    0x080018fc   0x080018fc   0x00000002   Code   RO         1800    i.HAL_CAN_TxMailbox0AbortCallback  stm32f4xx_hal_can.o
    0x080018fe   0x080018fe   0x00000002   Code   RO         1801    i.HAL_CAN_TxMailbox0CompleteCallback  stm32f4xx_hal_can.o
    0x08001900   0x08001900   0x00000002   Code   RO         1802    i.HAL_CAN_TxMailbox1AbortCallback  stm32f4xx_hal_can.o
    0x08001902   0x08001902   0x00000002   Code   RO         1803    i.HAL_CAN_TxMailbox1CompleteCallback  stm32f4xx_hal_can.o
    0x08001904   0x08001904   0x00000002   Code   RO         1804    i.HAL_CAN_TxMailbox2AbortCallback  stm32f4xx_hal_can.o
    0x08001906   0x08001906   0x00000002   Code   RO         1805    i.HAL_CAN_TxMailbox2CompleteCallback  stm32f4xx_hal_can.o
    0x08001908   0x08001908   0x00000002   Code   RO         1807    i.HAL_CAN_WakeUpFromRxMsgCallback  stm32f4xx_hal_can.o
    0x0800190a   0x0800190a   0x00000092   Code   RO         2468    i.HAL_DMA_Abort     stm32f4xx_hal_dma.o
    0x0800199c   0x0800199c   0x00000024   Code   RO         2469    i.HAL_DMA_Abort_IT  stm32f4xx_hal_dma.o
    0x080019c0   0x080019c0   0x000001a0   Code   RO         2473    i.HAL_DMA_IRQHandler  stm32f4xx_hal_dma.o
    0x08001b60   0x08001b60   0x000000d4   Code   RO         2474    i.HAL_DMA_Init      stm32f4xx_hal_dma.o
    0x08001c34   0x08001c34   0x0000006e   Code   RO         2478    i.HAL_DMA_Start_IT  stm32f4xx_hal_dma.o
    0x08001ca2   0x08001ca2   0x00000002   PAD
    0x08001ca4   0x08001ca4   0x00000024   Code   RO         2893    i.HAL_Delay         stm32f4xx_hal.o
    0x08001cc8   0x08001cc8   0x000001f0   Code   RO         2361    i.HAL_GPIO_Init     stm32f4xx_hal_gpio.o
    0x08001eb8   0x08001eb8   0x0000000c   Code   RO         2899    i.HAL_GetTick       stm32f4xx_hal.o
    0x08001ec4   0x08001ec4   0x0000005a   Code   RO         3144    i.HAL_IWDG_Init     stm32f4xx_hal_iwdg.o
    0x08001f1e   0x08001f1e   0x0000000c   Code   RO         3145    i.HAL_IWDG_Refresh  stm32f4xx_hal_iwdg.o
    0x08001f2a   0x08001f2a   0x00000002   PAD
    0x08001f2c   0x08001f2c   0x00000010   Code   RO         2905    i.HAL_IncTick       stm32f4xx_hal.o
    0x08001f3c   0x08001f3c   0x00000034   Code   RO         2906    i.HAL_Init          stm32f4xx_hal.o
    0x08001f70   0x08001f70   0x00000098   Code   RO          678    i.HAL_InitTick      stm32f4xx_hal_timebase_tim.o
    0x08002008   0x08002008   0x00000038   Code   RO          654    i.HAL_MspInit       stm32f4xx_hal_msp.o
    0x08002040   0x08002040   0x0000001a   Code   RO         2751    i.HAL_NVIC_EnableIRQ  stm32f4xx_hal_cortex.o
    0x0800205a   0x0800205a   0x00000002   PAD
    0x0800205c   0x0800205c   0x00000040   Code   RO         2757    i.HAL_NVIC_SetPriority  stm32f4xx_hal_cortex.o
    0x0800209c   0x0800209c   0x00000024   Code   RO         2758    i.HAL_NVIC_SetPriorityGrouping  stm32f4xx_hal_cortex.o
    0x080020c0   0x080020c0   0x00000134   Code   RO         2007    i.HAL_RCC_ClockConfig  stm32f4xx_hal_rcc.o
    0x080021f4   0x080021f4   0x00000040   Code   RO         2011    i.HAL_RCC_GetClockConfig  stm32f4xx_hal_rcc.o
    0x08002234   0x08002234   0x00000020   Code   RO         2014    i.HAL_RCC_GetPCLK1Freq  stm32f4xx_hal_rcc.o
    0x08002254   0x08002254   0x00000020   Code   RO         2015    i.HAL_RCC_GetPCLK2Freq  stm32f4xx_hal_rcc.o
    0x08002274   0x08002274   0x00000064   Code   RO         2016    i.HAL_RCC_GetSysClockFreq  stm32f4xx_hal_rcc.o
    0x080022d8   0x080022d8   0x0000036c   Code   RO         2019    i.HAL_RCC_OscConfig  stm32f4xx_hal_rcc.o
    0x08002644   0x08002644   0x00000002   Code   RO         3880    i.HAL_TIMEx_BreakCallback  stm32f4xx_hal_tim_ex.o
    0x08002646   0x08002646   0x00000002   Code   RO         3881    i.HAL_TIMEx_CommutCallback  stm32f4xx_hal_tim_ex.o
    0x08002648   0x08002648   0x0000005a   Code   RO         3176    i.HAL_TIM_Base_Init  stm32f4xx_hal_tim.o
    0x080026a2   0x080026a2   0x00000002   Code   RO         3178    i.HAL_TIM_Base_MspInit  stm32f4xx_hal_tim.o
    0x080026a4   0x080026a4   0x00000080   Code   RO         3181    i.HAL_TIM_Base_Start_IT  stm32f4xx_hal_tim.o
    0x08002724   0x08002724   0x00000002   Code   RO         3210    i.HAL_TIM_IC_CaptureCallback  stm32f4xx_hal_tim.o
    0x08002726   0x08002726   0x00000130   Code   RO         3224    i.HAL_TIM_IRQHandler  stm32f4xx_hal_tim.o
    0x08002856   0x08002856   0x00000002   Code   RO         3227    i.HAL_TIM_OC_DelayElapsedCallback  stm32f4xx_hal_tim.o
    0x08002858   0x08002858   0x00000002   Code   RO         3254    i.HAL_TIM_PWM_PulseFinishedCallback  stm32f4xx_hal_tim.o
    0x0800285a   0x0800285a   0x00000002   PAD
    0x0800285c   0x0800285c   0x00000014   Code   RO            5    i.HAL_TIM_PeriodElapsedCallback  main.o
    0x08002870   0x08002870   0x00000002   Code   RO         3267    i.HAL_TIM_TriggerCallback  stm32f4xx_hal_tim.o
    0x08002872   0x08002872   0x00000002   Code   RO         4159    i.HAL_UARTEx_RxEventCallback  stm32f4xx_hal_uart.o
    0x08002874   0x08002874   0x00000070   Code   RO         4171    i.HAL_UART_DMAStop  stm32f4xx_hal_uart.o
    0x080028e4   0x080028e4   0x00000002   Code   RO         4173    i.HAL_UART_ErrorCallback  stm32f4xx_hal_uart.o
    0x080028e6   0x080028e6   0x00000002   PAD
    0x080028e8   0x080028e8   0x00000270   Code   RO         4176    i.HAL_UART_IRQHandler  stm32f4xx_hal_uart.o
    0x08002b58   0x08002b58   0x00000064   Code   RO         4177    i.HAL_UART_Init     stm32f4xx_hal_uart.o
    0x08002bbc   0x08002bbc   0x000002c4   Code   RO          471    i.HAL_UART_MspInit  usart.o
    0x08002e80   0x08002e80   0x0000001c   Code   RO         4181    i.HAL_UART_Receive_DMA  stm32f4xx_hal_uart.o
    0x08002e9c   0x08002e9c   0x00000002   Code   RO         4183    i.HAL_UART_RxCpltCallback  stm32f4xx_hal_uart.o
    0x08002e9e   0x08002e9e   0x00000002   Code   RO         4184    i.HAL_UART_RxHalfCpltCallback  stm32f4xx_hal_uart.o
    0x08002ea0   0x08002ea0   0x00000078   Code   RO         4186    i.HAL_UART_Transmit_DMA  stm32f4xx_hal_uart.o
    0x08002f18   0x08002f18   0x00000002   Code   RO         4188    i.HAL_UART_TxCpltCallback  stm32f4xx_hal_uart.o
    0x08002f1a   0x08002f1a   0x00000002   Code   RO         4189    i.HAL_UART_TxHalfCpltCallback  stm32f4xx_hal_uart.o
    0x08002f1c   0x08002f1c   0x00000002   Code   RO          538    i.HardFault_Handler  stm32f4xx_it.o
    0x08002f1e   0x08002f1e   0x00000002   PAD
    0x08002f20   0x08002f20   0x00000018   Code   RO          795    i.IMU_Init          hi229.o
    0x08002f38   0x08002f38   0x0000000c   Code   RO          300    i.IMU_TASK          freertos.o
    0x08002f44   0x08002f44   0x00000018   Code   RO          797    i.IMU_get           hi229.o
    0x08002f5c   0x08002f5c   0x000003d0   Code   RO         1181    i.JUDGE_TASK        referee_ui.o
    0x0800332c   0x0800332c   0x0000004c   Code   RO         1660    i.MF_9025_Init      pid.o
    0x08003378   0x08003378   0x0000001c   Code   RO         1661    i.MF_9028_Balance_1  pid.o
    0x08003394   0x08003394   0x00000028   Code   RO         1662    i.MF_9028_Balance_2  pid.o
    0x080033bc   0x080033bc   0x00000020   Code   RO         1663    i.MF_9028_Balance_Kd  pid.o
    0x080033dc   0x080033dc   0x00000028   Code   RO         1664    i.MF_9028_Balance_Kp  pid.o
    0x08003404   0x08003404   0x00000028   Code   RO         1665    i.MF_9028_Chasssis_OUT  pid.o
    0x0800342c   0x0800342c   0x00000028   Code   RO         1666    i.MF_9028_PID_56    pid.o
    0x08003454   0x08003454   0x00000048   Code   RO          369    i.MX_CAN1_Init      can.o
    0x0800349c   0x0800349c   0x00000048   Code   RO          370    i.MX_CAN2_Init      can.o
    0x080034e4   0x080034e4   0x0000006c   Code   RO          416    i.MX_DMA_Init       dma.o
    0x08003550   0x08003550   0x00000080   Code   RO          301    i.MX_FREERTOS_Init  freertos.o
    0x080035d0   0x080035d0   0x0000005c   Code   RO          275    i.MX_GPIO_Init      gpio.o
    0x0800362c   0x0800362c   0x0000002c   Code   RO          440    i.MX_IWDG_Init      iwdg.o
    0x08003658   0x08003658   0x00000038   Code   RO          472    i.MX_UART5_Init     usart.o
    0x08003690   0x08003690   0x00000038   Code   RO          473    i.MX_USART1_UART_Init  usart.o
    0x080036c8   0x080036c8   0x00000044   Code   RO          474    i.MX_USART2_UART_Init  usart.o
    0x0800370c   0x0800370c   0x00000038   Code   RO          475    i.MX_USART6_UART_Init  usart.o
    0x08003744   0x08003744   0x00000002   Code   RO          539    i.MemManage_Handler  stm32f4xx_it.o
    0x08003746   0x08003746   0x00000004   Code   RO         1667    i.Motor_Init        pid.o
    0x0800374a   0x0800374a   0x00000002   Code   RO          540    i.NMI_Handler       stm32f4xx_it.o
    0x0800374c   0x0800374c   0x00000134   Code   RO          799    i.OnDataReceived    hi229.o
    0x08003880   0x08003880   0x0000016a   Code   RO         1669    i.PID_Position      pid.o
    0x080039ea   0x080039ea   0x00000016   Code   RO         1670    i.PID_clear         pid.o
    0x08003a00   0x08003a00   0x000000ec   Code   RO          896    i.Packet_Decode     packet.o
    0x08003aec   0x08003aec   0x00000018   Code   RO          897    i.Packet_DecodeInit  packet.o
    0x08003b04   0x08003b04   0x00000060   Code   RO         1082    i.RC_Init           drv_usart.o
    0x08003b64   0x08003b64   0x00000174   Code   RO         1131    i.Referee_Decode    referee.o
    0x08003cd8   0x08003cd8   0x00000010   Code   RO         1083    i.Remote_Control_Init  drv_usart.o
    0x08003ce8   0x08003ce8   0x00000008   Code   RO          302    i.SYSTEM_STATE_TASK  freertos.o
    0x08003cf0   0x08003cf0   0x00000008   Code   RO          303    i.StartDefaultTask  freertos.o
    0x08003cf8   0x08003cf8   0x0000002c   Code   RO         5766    i.SysTick_Handler   port.o
    0x08003d24   0x08003d24   0x0000009c   Code   RO            6    i.SystemClock_Config  main.o
    0x08003dc0   0x08003dc0   0x00000010   Code   RO         4511    i.SystemInit        system_stm32f4xx.o
    0x08003dd0   0x08003dd0   0x0000000c   Code   RO          541    i.TIM8_TRG_COM_TIM14_IRQHandler  stm32f4xx_it.o
    0x08003ddc   0x08003ddc   0x000000d8   Code   RO         3269    i.TIM_Base_SetConfig  stm32f4xx_hal_tim.o
    0x08003eb4   0x08003eb4   0x00000018   Code   RO          542    i.UART5_IRQHandler  stm32f4xx_it.o
    0x08003ecc   0x08003ecc   0x00000010   Code   RO         4190    i.UART_DMAAbortOnError  stm32f4xx_hal_uart.o
    0x08003edc   0x08003edc   0x0000004a   Code   RO         4191    i.UART_DMAError     stm32f4xx_hal_uart.o
    0x08003f26   0x08003f26   0x00000086   Code   RO         4192    i.UART_DMAReceiveCplt  stm32f4xx_hal_uart.o
    0x08003fac   0x08003fac   0x0000001e   Code   RO         4194    i.UART_DMARxHalfCplt  stm32f4xx_hal_uart.o
    0x08003fca   0x08003fca   0x00000042   Code   RO         4196    i.UART_DMATransmitCplt  stm32f4xx_hal_uart.o
    0x0800400c   0x0800400c   0x0000000a   Code   RO         4198    i.UART_DMATxHalfCplt  stm32f4xx_hal_uart.o
    0x08004016   0x08004016   0x0000004e   Code   RO         4200    i.UART_EndRxTransfer  stm32f4xx_hal_uart.o
    0x08004064   0x08004064   0x0000001c   Code   RO         4201    i.UART_EndTxTransfer  stm32f4xx_hal_uart.o
    0x08004080   0x08004080   0x0000014c   Code   RO         1084    i.UART_IRQHandler_IT  drv_usart.o
    0x080041cc   0x080041cc   0x000000c2   Code   RO         4202    i.UART_Receive_IT   stm32f4xx_hal_uart.o
    0x0800428e   0x0800428e   0x00000002   PAD
    0x08004290   0x08004290   0x0000010c   Code   RO         4203    i.UART_SetConfig    stm32f4xx_hal_uart.o
    0x0800439c   0x0800439c   0x00000090   Code   RO         4204    i.UART_Start_Receive_DMA  stm32f4xx_hal_uart.o
    0x0800442c   0x0800442c   0x000000a8   Code   RO         1185    i.UI_Draw_Float     referee_ui.o
    0x080044d4   0x080044d4   0x00000070   Code   RO         1187    i.UI_Draw_Line      referee_ui.o
    0x08004544   0x08004544   0x00000092   Code   RO         1189    i.UI_Draw_String    referee_ui.o
    0x080045d6   0x080045d6   0x00000002   PAD
    0x080045d8   0x080045d8   0x000000e8   Code   RO         1191    i.UI_PushUp_Graphs  referee_ui.o
    0x080046c0   0x080046c0   0x00000058   Code   RO         1192    i.UI_PushUp_String  referee_ui.o
    0x08004718   0x08004718   0x00000018   Code   RO          543    i.USART1_IRQHandler  stm32f4xx_it.o
    0x08004730   0x08004730   0x00000018   Code   RO          544    i.USART2_IRQHandler  stm32f4xx_it.o
    0x08004748   0x08004748   0x0000000c   Code   RO          545    i.USART6_IRQHandler  stm32f4xx_it.o
    0x08004754   0x08004754   0x0000004c   Code   RO         1085    i.USART_Init        drv_usart.o
    0x080047a0   0x080047a0   0x00000002   Code   RO          546    i.UsageFault_Handler  stm32f4xx_it.o
    0x080047a2   0x080047a2   0x00000002   PAD
    0x080047a4   0x080047a4   0x0000003c   Code   RO         1575    i.Verify_CRC16_Check_Sum  crc.o
    0x080047e0   0x080047e0   0x00000026   Code   RO         1576    i.Verify_CRC8_Check_Sum  crc.o
    0x08004806   0x08004806   0x00000028   Code   RO         1334    i.XY_Speed          chassiscontrol_task.o
    0x0800482e   0x0800482e   0x00000002   PAD
    0x08004830   0x08004830   0x00000038   Code   RO         1335    i.YAW_Angle_Over_Zero  chassiscontrol_task.o
    0x08004868   0x08004868   0x00000026   Code   RO         5920    i.__ARM_fpclassifyf  m_wm.l(fpclassifyf.o)
    0x0800488e   0x0800488e   0x00000020   Code   RO         2764    i.__NVIC_SetPriority  stm32f4xx_hal_cortex.o
    0x080048ae   0x080048ae   0x00000002   PAD
    0x080048b0   0x080048b0   0x000002ac   Code   RO         5876    i.__hardfp_atan2f   m_wm.l(atan2f.o)
    0x08004b5c   0x08004b5c   0x0000007a   Code   RO         5888    i.__hardfp_sqrt     m_wm.l(sqrt.o)
    0x08004bd6   0x08004bd6   0x00000006   Code   RO         5924    i.__mathlib_flt_infnan2  m_wm.l(funder.o)
    0x08004bdc   0x08004bdc   0x00000010   Code   RO         5928    i.__mathlib_flt_underflow  m_wm.l(funder.o)
    0x08004bec   0x08004bec   0x00000020   Code   RO         1671    i.anti_constrain    pid.o
    0x08004c0c   0x08004c0c   0x0000002e   Code   RO          899    i.crc16_update      packet.o
    0x08004c3a   0x08004c3a   0x00000002   PAD
    0x08004c3c   0x08004c3c   0x00000010   Code   RO          800    i.get_eular         hi229.o
    0x08004c4c   0x08004c4c   0x00000014   Code   RO          804    i.get_raw_gyo       hi229.o
    0x08004c60   0x08004c60   0x00000054   Code   RO            7    i.main              main.o
    0x08004cb4   0x08004cb4   0x0000000c   Code   RO         5331    i.makeFreeRtosPriority  cmsis_os.o
    0x08004cc0   0x08004cc0   0x00000044   Code   RO         1288    i.micros            system_task.o
    0x08004d04   0x08004d04   0x0000000e   Code   RO         5333    i.osDelay           cmsis_os.o
    0x08004d12   0x08004d12   0x0000000a   Code   RO         5336    i.osKernelStart     cmsis_os.o
    0x08004d1c   0x08004d1c   0x00000054   Code   RO         5370    i.osThreadCreate    cmsis_os.o
    0x08004d70   0x08004d70   0x00000070   Code   RO         5007    i.prvAddCurrentTaskToDelayedList  tasks.o
    0x08004de0   0x08004de0   0x000000d0   Code   RO         5008    i.prvAddNewTaskToReadyList  tasks.o
    0x08004eb0   0x08004eb0   0x00000034   Code   RO         5009    i.prvDeleteTCB      tasks.o
    0x08004ee4   0x08004ee4   0x0000004c   Code   RO         5698    i.prvHeapInit       heap_4.o
    0x08004f30   0x08004f30   0x00000060   Code   RO         5010    i.prvIdleTask       tasks.o
    0x08004f90   0x08004f90   0x00000098   Code   RO         5011    i.prvInitialiseNewTask  tasks.o
    0x08005028   0x08005028   0x0000004c   Code   RO         5699    i.prvInsertBlockIntoFreeList  heap_4.o
    0x08005074   0x08005074   0x00000020   Code   RO         5012    i.prvResetNextTaskUnblockTime  tasks.o
    0x08005094   0x08005094   0x00000028   Code   RO         5767    i.prvTaskExitError  port.o
    0x080050bc   0x080050bc   0x000000dc   Code   RO         5700    i.pvPortMalloc      heap_4.o
    0x08005198   0x08005198   0x0000002c   Code   RO         5768    i.pxPortInitialiseStack  port.o
    0x080051c4   0x080051c4   0x000000d2   Code   RO          963    i.sbus_to_rc        remote_control.o
    0x08005296   0x08005296   0x00000002   PAD
    0x08005298   0x08005298   0x000000a8   Code   RO         1344    i.speed_control     chassiscontrol_task.o
    0x08005340   0x08005340   0x00000026   Code   RO         4649    i.uxListRemove      list.o
    0x08005366   0x08005366   0x00000002   PAD
    0x08005368   0x08005368   0x00000014   Code   RO          304    i.vApplicationGetIdleTaskMemory  freertos.o
    0x0800537c   0x0800537c   0x00000016   Code   RO         4650    i.vListInitialise   list.o
    0x08005392   0x08005392   0x00000006   Code   RO         4651    i.vListInitialiseItem  list.o
    0x08005398   0x08005398   0x00000030   Code   RO         4652    i.vListInsert       list.o
    0x080053c8   0x080053c8   0x00000018   Code   RO         4653    i.vListInsertEnd    list.o
    0x080053e0   0x080053e0   0x00000040   Code   RO         5770    i.vPortEnterCritical  port.o
    0x08005420   0x08005420   0x00000028   Code   RO         5771    i.vPortExitCritical  port.o
    0x08005448   0x08005448   0x00000064   Code   RO         5701    i.vPortFree         heap_4.o
    0x080054ac   0x080054ac   0x00000024   Code   RO         5772    i.vPortSetupTimerInterrupt  port.o
    0x080054d0   0x080054d0   0x0000004c   Code   RO         5021    i.vTaskDelay        tasks.o
    0x0800551c   0x0800551c   0x0000006c   Code   RO         5035    i.vTaskStartScheduler  tasks.o
    0x08005588   0x08005588   0x00000010   Code   RO         5037    i.vTaskSuspendAll   tasks.o
    0x08005598   0x08005598   0x0000005c   Code   RO         5038    i.vTaskSwitchContext  tasks.o
    0x080055f4   0x080055f4   0x000000f4   Code   RO         5774    i.xPortStartScheduler  port.o
    0x080056e8   0x080056e8   0x0000005a   Code   RO         5041    i.xTaskCreate       tasks.o
    0x08005742   0x08005742   0x00000056   Code   RO         5042    i.xTaskCreateStatic  tasks.o
    0x08005798   0x08005798   0x000000cc   Code   RO         5049    i.xTaskIncrementTick  tasks.o
    0x08005864   0x08005864   0x000000c4   Code   RO         5055    i.xTaskResumeAll    tasks.o
    0x08005928   0x08005928   0x00000062   Code   RO         5860    x$fpl$d2f           fz_wm.l(d2f.o)
    0x0800598a   0x0800598a   0x00000002   PAD
    0x0800598c   0x0800598c   0x000002b0   Code   RO         5863    x$fpl$ddiv          fz_wm.l(ddiv.o)
    0x08005c3c   0x08005c3c   0x0000002e   Code   RO         5867    x$fpl$dflt          fz_wm.l(dflt_clz.o)
    0x08005c6a   0x08005c6a   0x00000002   PAD
    0x08005c6c   0x08005c6c   0x00000154   Code   RO         5872    x$fpl$dmul          fz_wm.l(dmul.o)
    0x08005dc0   0x08005dc0   0x0000009c   Code   RO         5909    x$fpl$dnaninf       fz_wm.l(dnaninf.o)
    0x08005e5c   0x08005e5c   0x0000000c   Code   RO         5911    x$fpl$dretinf       fz_wm.l(dretinf.o)
    0x08005e68   0x08005e68   0x00000198   Code   RO         5913    x$fpl$dsqrt         fz_wm.l(dsqrt_umaal.o)
    0x08006000   0x08006000   0x00000056   Code   RO         5874    x$fpl$f2d           fz_wm.l(f2d.o)
    0x08006056   0x08006056   0x0000008c   Code   RO         5915    x$fpl$fnaninf       fz_wm.l(fnaninf.o)
    0x080060e2   0x080060e2   0x0000000a   Code   RO         6045    x$fpl$fpinit        fz_wm.l(fpinit.o)
    0x080060ec   0x080060ec   0x0000000a   Code   RO         5917    x$fpl$fretinf       fz_wm.l(fretinf.o)
    0x080060f6   0x080060f6   0x00000000   Code   RO         5919    x$fpl$usenofp       fz_wm.l(usenofp.o)
    0x080060f6   0x080060f6   0x00000002   PAD
    0x080060f8   0x080060f8   0x0000008c   Data   RO          306    .constdata          freertos.o
    0x08006184   0x08006184   0x00000600   Data   RO         1578    .constdata          crc.o
    0x08006784   0x08006784   0x00000008   Data   RO         2480    .constdata          stm32f4xx_hal_dma.o
    0x0800678c   0x0800678c   0x00000010   Data   RO         4512    .constdata          system_stm32f4xx.o
    0x0800679c   0x0800679c   0x00000008   Data   RO         4513    .constdata          system_stm32f4xx.o
    0x080067a4   0x080067a4   0x00000041   Data   RO          307    .conststring        freertos.o
    0x080067e5   0x080067e5   0x00000003   PAD
    0x080067e8   0x080067e8   0x00000020   Data   RO         6103    Region$$Table       anon$$obj.o


    Execution Region RW_IRAM1 (Exec base: 0x20000000, Load base: 0x08006808, Size: 0x00005160, Max: 0x0001c000, ABSOLUTE, COMPRESSED[0x00000044])

    Exec Addr    Load Addr    Size         Type   Attr      Idx    E Section Name        Object

    0x20000000   COMPRESSED   0x00000014   Data   RW          308    .data               freertos.o
    0x20000014   COMPRESSED   0x00000004   Data   RW          372    .data               can.o
    0x20000018   COMPRESSED   0x0000002b   Data   RW          725    .data               can_receive.o
    0x20000043   COMPRESSED   0x00000001   PAD
    0x20000044   COMPRESSED   0x00000016   Data   RW          807    .data               hi229.o
    0x2000005a   COMPRESSED   0x00000002   PAD
    0x2000005c   COMPRESSED   0x00000014   Data   RW          900    .data               packet.o
    0x20000070   COMPRESSED   0x00000002   Data   RW         1088    .data               drv_usart.o
    0x20000072   COMPRESSED   0x00000008   Data   RW         1197    .data               referee_ui.o
    0x2000007a   COMPRESSED   0x00000006   PAD
    0x20000080   COMPRESSED   0x00000018   Data   RW         1289    .data               system_task.o
    0x20000098   COMPRESSED   0x00000278   Data   RW         1453    .data               chassis_task.o
    0x20000310   COMPRESSED   0x00000002   Data   RW         1579    .data               crc.o
    0x20000312   COMPRESSED   0x0000000c   Data   RW         1674    .data               pid.o
    0x2000031e   COMPRESSED   0x0000000c   Data   RW         1675    .data               pid.o
    0x2000032a   COMPRESSED   0x0000000c   Data   RW         1676    .data               pid.o
    0x20000336   COMPRESSED   0x0000000c   Data   RW         1677    .data               pid.o
    0x20000342   COMPRESSED   0x0000000c   Data   RW         1678    .data               pid.o
    0x2000034e   COMPRESSED   0x0000000c   Data   RW         1679    .data               pid.o
    0x2000035a   COMPRESSED   0x00000002   PAD
    0x2000035c   COMPRESSED   0x0000000c   Data   RW         2913    .data               stm32f4xx_hal.o
    0x20000368   COMPRESSED   0x00000004   Data   RW         4514    .data               system_stm32f4xx.o
    0x2000036c   COMPRESSED   0x0000003c   Data   RW         5058    .data               tasks.o
    0x200003a8   COMPRESSED   0x00000020   Data   RW         5707    .data               heap_4.o
    0x200003c8   COMPRESSED   0x0000000c   Data   RW         5775    .data               port.o
    0x200003d4        -       0x00000254   Zero   RW          305    .bss                freertos.o
    0x20000628        -       0x00000050   Zero   RW          371    .bss                can.o
    0x20000678        -       0x0000000c   Zero   RW          441    .bss                iwdg.o
    0x20000684        -       0x000002a0   Zero   RW          476    .bss                usart.o
    0x20000924        -       0x00000048   Zero   RW          681    .bss                stm32f4xx_hal_timebase_tim.o
    0x2000096c        -       0x0000005c   Zero   RW          724    .bss                can_receive.o
    0x200009c8        -       0x000000bc   Zero   RW          806    .bss                hi229.o
    0x20000a84        -       0x00000016   Zero   RW          964    .bss                remote_control.o
    0x20000a9a        -       0x00000190   Zero   RW         1086    .bss                drv_usart.o
    0x20000c2a        -       0x0000009a   Zero   RW         1132    .bss                referee.o
    0x20000cc4        -       0x0000013b   Zero   RW         1194    .bss                referee_ui.o
    0x20000dff        -       0x0000000c   Zero   RW         1673    .bss                pid.o
    0x20000e0b   COMPRESSED   0x00000001   PAD
    0x20000e0c        -       0x000000f0   Zero   RW         5057    .bss                tasks.o
    0x20000efc        -       0x00003c00   Zero   RW         5706    .bss                heap_4.o
    0x20004afc        -       0x00000060   Zero   RW         5961    .bss                c_w.l(libspace.o)
    0x20004b5c   COMPRESSED   0x00000004   PAD
    0x20004b60        -       0x00000200   Zero   RW         1763    HEAP                startup_stm32f405xx.o
    0x20004d60        -       0x00000400   Zero   RW         1762    STACK               startup_stm32f405xx.o


    Execution Region RW_IRAM2 (Exec base: 0x2001c000, Load base: 0x0800684c, Size: 0x00000000, Max: 0x00004000, ABSOLUTE)

    **** No section assigned to this execution region ****


==============================================================================

Image component sizes


      Code (inc. data)   RO Data    RW Data    ZI Data      Debug   Object Name

       400         44          0          4         80       2554   can.o
       330         44          0         43         92       6941   can_receive.o
      1048         94          0        632          0       6805   chassis_task.o
       936        136          0          0          0       4675   chassiscontrol_task.o
       120          0          0          0          0      23437   cmsis_os.o
       242         26       1536          2          0       5283   crc.o
       108          4          0          0          0        862   dma.o
        18          0          0          0          0        506   driver.o
       140         20          0          0          0       1996   drv_can.o
       520         70          0          2        400       3574   drv_usart.o
         0          0          0          0          0      16980   event_groups.o
       188         14        205         20        596       4457   freertos.o
        92          6          0          0          0        935   gpio.o
       472         24          0         32      15360       7519   heap_4.o
       392         34          0         22        188       3637   hi229.o
        44          8          0          0         12        751   iwdg.o
       138          0          0          0          0       3634   list.o
       264         22          0          0          0     693809   main.o
       306         18          0         20          0       2972   packet.o
       716        110          0         72         12       7891   pid.o
       702         72          0         12          0      11128   port.o
       636         22          0          0        154       8122   referee.o
      1722        118          0          8        315       9612   referee_ui.o
       210          0          0          0         22       3243   remote_control.o
        64         26        392          0       1536        824   startup_stm32f405xx.o
       116         18          0         12          0       8814   stm32f4xx_hal.o
      1658          6          0          0          0      14575   stm32f4xx_hal_can.o
       158         14          0          0          0      33110   stm32f4xx_hal_cortex.o
      1084         16          8          0          0       7466   stm32f4xx_hal_dma.o
       496         46          0          0          0       1556   stm32f4xx_hal_gpio.o
       102          0          0          0          0       1923   stm32f4xx_hal_iwdg.o
        56          4          0          0          0        894   stm32f4xx_hal_msp.o
      1412         86          0          0          0       5985   stm32f4xx_hal_rcc.o
       748         74          0          0          0       7640   stm32f4xx_hal_tim.o
         4          0          0          0          0       1669   stm32f4xx_hal_tim_ex.o
       152         20          0          0         72       1520   stm32f4xx_hal_timebase_tim.o
      2038         44          0          0          0      16847   stm32f4xx_hal_uart.o
       180         66          0          0          0       8380   stm32f4xx_it.o
        16          4         24          4          0       1163   system_stm32f4xx.o
        68          0          0         24          0       2315   system_task.o
      1520        112          0         60        240      19718   tasks.o
       944         86          0          0        672       4366   usart.o

    ----------------------------------------------------------------------
     20600       1508       2200        980      19752     970088   Object Totals
         0          0         32          0          0          0   (incl. Generated)
        40          0          3         11          1          0   (incl. Padding)

    ----------------------------------------------------------------------

      Code (inc. data)   RO Data    RW Data    ZI Data      Debug   Library Member Name

        58          0          0          0          0          0   __dczerorl.o
         8          0          0          0          0         68   __main.o
         0          0          0          0          0          0   __rtentry.o
        12          0          0          0          0          0   __rtentry2.o
         6          0          0          0          0          0   __rtentry4.o
        52          8          0          0          0          0   __scatter.o
        28          0          0          0          0          0   __scatter_zi.o
        22          0          0          0          0        100   _rserrno.o
        18          0          0          0          0         80   exit.o
         6          0          0          0          0        152   heapauxi.o
         0          0          0          0          0          0   indicate_semi.o
         2          0          0          0          0          0   libinit.o
         6          0          0          0          0          0   libinit2.o
         2          0          0          0          0          0   libshutdown.o
         2          0          0          0          0          0   libshutdown2.o
         8          4          0          0         96         68   libspace.o
       238          0          0          0          0        100   lludivv7m.o
         8          4          0          0          0         68   rt_errno_addr_intlibspace.o
        68          0          0          0          0         68   rt_memclr.o
        78          0          0          0          0         80   rt_memclr_w.o
       138          0          0          0          0         68   rt_memcpy_v6.o
       100          0          0          0          0         80   rt_memcpy_w.o
         2          0          0          0          0          0   rtexit.o
        10          0          0          0          0          0   rtexit2.o
        12          4          0          0          0         68   sys_exit.o
        74          0          0          0          0         80   sys_stackheap_outer.o
         2          0          0          0          0         68   use_no_semi.o
        98          4          0          0          0        140   d2f.o
       688        140          0          0          0        256   ddiv.o
        46          0          0          0          0        116   dflt_clz.o
       340         12          0          0          0        152   dmul.o
       156          4          0          0          0        140   dnaninf.o
        12          0          0          0          0        116   dretinf.o
       408         56          0          0          0        168   dsqrt_umaal.o
        86          4          0          0          0        132   f2d.o
       140          4          0          0          0        132   fnaninf.o
        10          0          0          0          0        116   fpinit.o
        10          0          0          0          0        116   fretinf.o
         0          0          0          0          0          0   usenofp.o
       684         90          0          0          0        208   atan2f.o
        38          0          0          0          0        116   fpclassifyf.o
        22          6          0          0          0        232   funder.o
       122          0          0          0          0        148   sqrt.o

    ----------------------------------------------------------------------
      3832        340          0          0        100       3436   Library Totals
        12          0          0          0          4          0   (incl. Padding)

    ----------------------------------------------------------------------

      Code (inc. data)   RO Data    RW Data    ZI Data      Debug   Library Name

       960         20          0          0         96       1148   c_w.l
      1994        224          0          0          0       1584   fz_wm.l
       866         96          0          0          0        704   m_wm.l

    ----------------------------------------------------------------------
      3832        340          0          0        100       3436   Library Totals

    ----------------------------------------------------------------------

==============================================================================


      Code (inc. data)   RO Data    RW Data    ZI Data      Debug   

     24432       1848       2200        980      19852     951404   Grand Totals
     24432       1848       2200         68      19852     951404   ELF Image Totals (compressed)
     24432       1848       2200         68          0          0   ROM Totals

==============================================================================

    Total RO  Size (Code + RO Data)                26632 (  26.01kB)
    Total RW  Size (RW Data + ZI Data)             20832 (  20.34kB)
    Total ROM Size (Code + RO Data + RW Data)      26700 (  26.07kB)

==============================================================================

