<html>
<body>
<pre>
<h1>µVision Build Log</h1>
<h2>Tool Versions:</h2>
IDE-Version: ¦ÌVision V5.36.0.0
Copyright (C) 2021 ARM Ltd and ARM Germany GmbH. All rights reserved.
License Information: A Dong, A, LIC=9WSKC-7PDBT-UHQ8H-WFQL5-3BTK2-PBELK
 
Tool Versions:
Toolchain:       MDK-ARM Plus  Version: 5.36.0.0
Toolchain Path:  D:\Program Files\Keil_v5\ARM\ARMCC\Bin
C Compiler:      Armcc.exe V5.06 update 7 (build 960)
Assembler:       Armasm.exe V5.06 update 7 (build 960)
Linker/Locator:  ArmLink.exe V5.06 update 7 (build 960)
Library Manager: ArmAr.exe V5.06 update 7 (build 960)
Hex Converter:   FromElf.exe V5.06 update 7 (build 960)
CPU DLL:         SARMCM3.DLL V5.36.0.0
Dialog DLL:      DCM.DLL V1.17.3.0
Target DLL:      CMSIS_AGDI.dll V1.33.0.0
Dialog DLL:      TCM.DLL V1.53.0.0
 
<h2>Project:</h2>
D:\Users\Dong\Desktop\Robot_Code\Bing_BLANCE\down\MDK-ARM\down.uvprojx
Project File Date:  04/08/2024

<h2>Output:</h2>
*** Using Compiler 'V5.06 update 7 (build 960)', folder: 'D:\Program Files\Keil_v5\ARM\ARMCC\Bin'
Build target 'down'
compiling vofa_task.c...
compiling stm32f4xx_it.c...
../App/Referee/referee_UI.h(265): warning:  #1-D: last line of file ends without a newline
  										
../Core/Src/stm32f4xx_it.c: 1 warning, 0 errors
compiling system_task.c...
compiling drv_usart.c...
../App/Referee/referee_UI.h(265): warning:  #1-D: last line of file ends without a newline
  										
..\App\Driver\drv_usart.c: 1 warning, 0 errors
compiling drv_can.c...
../App/Referee/referee_UI.h(265): warning:  #1-D: last line of file ends without a newline
  										
..\App\Driver\drv_can.c: 1 warning, 0 errors
compiling freertos.c...
../App/Referee/referee_UI.h(265): warning:  #1-D: last line of file ends without a newline
  										
../Core/Src/freertos.c: 1 warning, 0 errors
compiling referee_UI.c...
..\App\Referee\referee_UI.h(265): warning:  #1-D: last line of file ends without a newline
  										
..\App\Referee\referee_UI.c: 1 warning, 0 errors
compiling pid.c...
../App/Referee/referee_UI.h(265): warning:  #1-D: last line of file ends without a newline
  										
..\App\Algorithm\pid.c: 1 warning, 0 errors
compiling HI229.c...
../App/Referee/referee_UI.h(265): warning:  #1-D: last line of file ends without a newline
  										
..\App\Device\HI229.c: 1 warning, 0 errors
compiling can_receive.c...
../App/Referee/referee_UI.h(265): warning:  #1-D: last line of file ends without a newline
  										
..\App\Device\can_receive.c: 1 warning, 0 errors
compiling main.c...
../App/Referee/referee_UI.h(265): warning:  #1-D: last line of file ends without a newline
  										
../Core/Src/main.c: 1 warning, 0 errors
compiling referee.c...
compiling remote_control.c...
../App/Referee/referee_UI.h(265): warning:  #1-D: last line of file ends without a newline
  										
..\App\Device\remote_control.c: 1 warning, 0 errors
compiling ChassisControl_Task.c...
../App/Referee/referee_UI.h(265): warning:  #1-D: last line of file ends without a newline
  										
..\App\Task\ChassisControl_Task.c(190): warning:  #940-D: missing return statement at end of non-void function "speed_control" 
  }
..\App\Task\ChassisControl_Task.c: 2 warnings, 0 errors
compiling chassis_task.c...
../App/Referee/referee_UI.h(265): warning:  #1-D: last line of file ends without a newline
  										
..\App\Task\chassis_task.c: 1 warning, 0 errors
linking...
Program Size: Code=24432 RO-data=2200 RW-data=980 ZI-data=19852  
FromELF: creating hex file...
"down\down.axf" - 0 Error(s), 13 Warning(s).

<h2>Software Packages used:</h2>

Package Vendor: ARM
                http://www.keil.com/pack/ARM.CMSIS.5.8.0.pack
                ARM.CMSIS.5.8.0
                CMSIS (Common Microcontroller Software Interface Standard)
   * Component: CORE Version: 5.5.0

Package Vendor: Keil
                http://www.keil.com/pack/Keil.STM32F4xx_DFP.2.16.0.pack
                Keil.STM32F4xx_DFP.2.16.0
                STMicroelectronics STM32F4 Series Device Support, Drivers and Examples

<h2>Collection of Component include folders:</h2>
  .\RTE\_down
  C:\Users\Dong\AppData\Local\Arm\Packs\ARM\CMSIS\5.8.0\CMSIS\Core\Include
  C:\Users\Dong\AppData\Local\Arm\Packs\Keil\STM32F4xx_DFP\2.16.0\Drivers\CMSIS\Device\ST\STM32F4xx\Include

<h2>Collection of Component Files used:</h2>

   * Component: ARM::CMSIS:CORE:5.5.0
      Include file:  CMSIS\Core\Include\tz_context.h
Build Time Elapsed:  00:00:05
</pre>
</body>
</html>
